Archive member included to satisfy reference by file (symbol)

f:/idecube/stm32cubeide_1.6.1/stm32cubeide/plugins/com.st.stm32cube.ide.mcu.externaltools.gnu-tools-for-stm32.9-2020-q2-update.win32_1.5.0.202011040924/tools/bin/../lib/gcc/arm-none-eabi/9.3.1/../../../../arm-none-eabi/lib/thumb/v7e-m+fp/hard\libc_nano.a(lib_a-errno.o)
                              Core/Src/syscalls.o (__errno)
f:/idecube/stm32cubeide_1.6.1/stm32cubeide/plugins/com.st.stm32cube.ide.mcu.externaltools.gnu-tools-for-stm32.9-2020-q2-update.win32_1.5.0.202011040924/tools/bin/../lib/gcc/arm-none-eabi/9.3.1/../../../../arm-none-eabi/lib/thumb/v7e-m+fp/hard\libc_nano.a(lib_a-exit.o)
                              f:/idecube/stm32cubeide_1.6.1/stm32cubeide/plugins/com.st.stm32cube.ide.mcu.externaltools.gnu-tools-for-stm32.9-2020-q2-update.win32_1.5.0.202011040924/tools/bin/../lib/gcc/arm-none-eabi/9.3.1/../../../../arm-none-eabi/lib/thumb/v7e-m+fp/hard/crt0.o (exit)
f:/idecube/stm32cubeide_1.6.1/stm32cubeide/plugins/com.st.stm32cube.ide.mcu.externaltools.gnu-tools-for-stm32.9-2020-q2-update.win32_1.5.0.202011040924/tools/bin/../lib/gcc/arm-none-eabi/9.3.1/../../../../arm-none-eabi/lib/thumb/v7e-m+fp/hard\libc_nano.a(lib_a-impure.o)
                              f:/idecube/stm32cubeide_1.6.1/stm32cubeide/plugins/com.st.stm32cube.ide.mcu.externaltools.gnu-tools-for-stm32.9-2020-q2-update.win32_1.5.0.202011040924/tools/bin/../lib/gcc/arm-none-eabi/9.3.1/../../../../arm-none-eabi/lib/thumb/v7e-m+fp/hard\libc_nano.a(lib_a-exit.o) (_global_impure_ptr)
f:/idecube/stm32cubeide_1.6.1/stm32cubeide/plugins/com.st.stm32cube.ide.mcu.externaltools.gnu-tools-for-stm32.9-2020-q2-update.win32_1.5.0.202011040924/tools/bin/../lib/gcc/arm-none-eabi/9.3.1/../../../../arm-none-eabi/lib/thumb/v7e-m+fp/hard\libc_nano.a(lib_a-init.o)
                              f:/idecube/stm32cubeide_1.6.1/stm32cubeide/plugins/com.st.stm32cube.ide.mcu.externaltools.gnu-tools-for-stm32.9-2020-q2-update.win32_1.5.0.202011040924/tools/bin/../lib/gcc/arm-none-eabi/9.3.1/../../../../arm-none-eabi/lib/thumb/v7e-m+fp/hard/crt0.o (__libc_init_array)
f:/idecube/stm32cubeide_1.6.1/stm32cubeide/plugins/com.st.stm32cube.ide.mcu.externaltools.gnu-tools-for-stm32.9-2020-q2-update.win32_1.5.0.202011040924/tools/bin/../lib/gcc/arm-none-eabi/9.3.1/../../../../arm-none-eabi/lib/thumb/v7e-m+fp/hard\libc_nano.a(lib_a-itoa.o)
                              Core/Src/main.o (itoa)
f:/idecube/stm32cubeide_1.6.1/stm32cubeide/plugins/com.st.stm32cube.ide.mcu.externaltools.gnu-tools-for-stm32.9-2020-q2-update.win32_1.5.0.202011040924/tools/bin/../lib/gcc/arm-none-eabi/9.3.1/../../../../arm-none-eabi/lib/thumb/v7e-m+fp/hard\libc_nano.a(lib_a-memcpy-stub.o)
                              Core/Src/BaseWork.o (memcpy)
f:/idecube/stm32cubeide_1.6.1/stm32cubeide/plugins/com.st.stm32cube.ide.mcu.externaltools.gnu-tools-for-stm32.9-2020-q2-update.win32_1.5.0.202011040924/tools/bin/../lib/gcc/arm-none-eabi/9.3.1/../../../../arm-none-eabi/lib/thumb/v7e-m+fp/hard\libc_nano.a(lib_a-memset.o)
                              f:/idecube/stm32cubeide_1.6.1/stm32cubeide/plugins/com.st.stm32cube.ide.mcu.externaltools.gnu-tools-for-stm32.9-2020-q2-update.win32_1.5.0.202011040924/tools/bin/../lib/gcc/arm-none-eabi/9.3.1/../../../../arm-none-eabi/lib/thumb/v7e-m+fp/hard/crt0.o (memset)
f:/idecube/stm32cubeide_1.6.1/stm32cubeide/plugins/com.st.stm32cube.ide.mcu.externaltools.gnu-tools-for-stm32.9-2020-q2-update.win32_1.5.0.202011040924/tools/bin/../lib/gcc/arm-none-eabi/9.3.1/../../../../arm-none-eabi/lib/thumb/v7e-m+fp/hard\libc_nano.a(lib_a-nano-vfprintf_float.o)
                              (_printf_float)
f:/idecube/stm32cubeide_1.6.1/stm32cubeide/plugins/com.st.stm32cube.ide.mcu.externaltools.gnu-tools-for-stm32.9-2020-q2-update.win32_1.5.0.202011040924/tools/bin/../lib/gcc/arm-none-eabi/9.3.1/../../../../arm-none-eabi/lib/thumb/v7e-m+fp/hard\libc_nano.a(lib_a-nano-vfprintf_i.o)
                              f:/idecube/stm32cubeide_1.6.1/stm32cubeide/plugins/com.st.stm32cube.ide.mcu.externaltools.gnu-tools-for-stm32.9-2020-q2-update.win32_1.5.0.202011040924/tools/bin/../lib/gcc/arm-none-eabi/9.3.1/../../../../arm-none-eabi/lib/thumb/v7e-m+fp/hard\libc_nano.a(lib_a-nano-vfprintf_float.o) (_printf_common)
f:/idecube/stm32cubeide_1.6.1/stm32cubeide/plugins/com.st.stm32cube.ide.mcu.externaltools.gnu-tools-for-stm32.9-2020-q2-update.win32_1.5.0.202011040924/tools/bin/../lib/gcc/arm-none-eabi/9.3.1/../../../../arm-none-eabi/lib/thumb/v7e-m+fp/hard\libc_nano.a(lib_a-sprintf.o)
                              Core/Src/main.o (sprintf)
f:/idecube/stm32cubeide_1.6.1/stm32cubeide/plugins/com.st.stm32cube.ide.mcu.externaltools.gnu-tools-for-stm32.9-2020-q2-update.win32_1.5.0.202011040924/tools/bin/../lib/gcc/arm-none-eabi/9.3.1/../../../../arm-none-eabi/lib/thumb/v7e-m+fp/hard\libc_nano.a(lib_a-strlen.o)
[...]
Memory Configuration

Name             Origin             Length             Attributes
RAM              0x0000000020000000 0x0000000000050000 xrw
FLASH            0x0000000008000000 0x0000000000080000 xr
*default*        0x0000000000000000 0xffffffffffffffff

Linker script and memory map

LOAD f:/idecube/stm32cubeide_1.6.1/stm32cubeide/plugins/com.st.stm32cube.ide.mcu.externaltools.gnu-tools-for-stm32.9-2020-q2-update.win32_1.5.0.202011040924/tools/bin/../lib/gcc/arm-none-eabi/9.3.1/thumb/v7e-m+fp/hard/crti.o
LOAD f:/idecube/stm32cubeide_1.6.1/stm32cubeide/plugins/com.st.stm32cube.ide.mcu.externaltools.gnu-tools-for-stm32.9-2020-q2-update.win32_1.5.0.202011040924/tools/bin/../lib/gcc/arm-none-eabi/9.3.1/thumb/v7e-m+fp/hard/crtbegin.o
LOAD f:/idecube/stm32cubeide_1.6.1/stm32cubeide/plugins/com.st.stm32cube.ide.mcu.externaltools.gnu-tools-for-stm32.9-2020-q2-update.win32_1.5.0.202011040924/tools/bin/../lib/gcc/arm-none-eabi/9.3.1/../../../../arm-none-eabi/lib/thumb/v7e-m+fp/hard/crt0.o
LOAD Core/Src/BaseWork.o
LOAD Core/Src/FT_float.o
LOAD Core/Src/FlashSST25.o
LOAD Core/Src/fonts.o
LOAD Core/Src/main.o
LOAD Core/Src/st7735.o
LOAD Core/Src/stm32f7xx_hal_msp.o
LOAD Core/Src/stm32f7xx_it.o
LOAD Core/Src/syscalls.o
LOAD Core/Src/system_stm32f7xx.o
LOAD Core/Startup/startup_stm32f745vetx.o
LOAD Drivers/STM32F7xx_HAL_Driver/Src/stm32f7xx_hal.o
LOAD Drivers/STM32F7xx_HAL_Driver/Src/stm32f7xx_hal_cortex.o
LOAD Drivers/STM32F7xx_HAL_Driver/Src/stm32f7xx_hal_dma.o
LOAD Drivers/STM32F7xx_HAL_Driver/Src/stm32f7xx_hal_dma_ex.o
LOAD Drivers/STM32F7xx_HAL_Driver/Src/stm32f7xx_hal_exti.o
LOAD Drivers/STM32F7xx_HAL_Driver/Src/stm32f7xx_hal_flash.o
LOAD Drivers/STM32F7xx_HAL_Driver/Src/stm32f7xx_hal_flash_ex.o
LOAD Drivers/STM32F7xx_HAL_Driver/Src/stm32f7xx_hal_gpio.o
LOAD Drivers/STM32F7xx_HAL_Driver/Src/stm32f7xx_hal_i2c.o
LOAD Drivers/STM32F7xx_HAL_Driver/Src/stm32f7xx_hal_i2c_ex.o
LOAD Drivers/STM32F7xx_HAL_Driver/Src/stm32f7xx_hal_pwr.o
LOAD Drivers/STM32F7xx_HAL_Driver/Src/stm32f7xx_hal_pwr_ex.o
LOAD Drivers/STM32F7xx_HAL_Driver/Src/stm32f7xx_hal_rcc.o
LOAD Drivers/STM32F7xx_HAL_Driver/Src/stm32f7xx_hal_rcc_ex.o
LOAD Drivers/STM32F7xx_HAL_Driver/Src/stm32f7xx_hal_spi.o
LOAD Drivers/STM32F7xx_HAL_Driver/Src/stm32f7xx_hal_spi_ex.o
LOAD Drivers/STM32F7xx_HAL_Driver/Src/stm32f7xx_hal_tim.o
LOAD Drivers/STM32F7xx_HAL_Driver/Src/stm32f7xx_hal_tim_ex.o
LOAD Drivers/STM32F7xx_HAL_Driver/Src/stm32f7xx_hal_uart.o
LOAD Drivers/STM32F7xx_HAL_Driver/Src/stm32f7xx_hal_uart_ex.o
START GROUP
LOAD f:/idecube/stm32cubeide_1.6.1/stm32cubeide/plugins/com.st.stm32cube.ide.mcu.externaltools.gnu-tools-for-stm32.9-2020-q2-update.win32_1.5.0.202011040924/tools/bin/../lib/gcc/arm-none-eabi/9.3.1/../../../../arm-none-eabi/lib/thumb/v7e-m+fp/hard\libc_nano.a
LOAD f:/idecube/stm32cubeide_1.6.1/stm32cubeide/plugins/com.st.stm32cube.ide.mcu.externaltools.gnu-tools-for-stm32.9-2020-q2-update.win32_1.5.0.202011040924/tools/bin/../lib/gcc/arm-none-eabi/9.3.1/../../../../arm-none-eabi/lib/thumb/v7e-m+fp/hard\libm.a
END GROUP
START GROUP
LOAD f:/idecube/stm32cubeide_1.6.1/stm32cubeide/plugins/com.st.stm32cube.ide.mcu.externaltools.gnu-tools-for-stm32.9-2020-q2-update.win32_1.5.0.202011040924/tools/bin/../lib/gcc/arm-none-eabi/9.3.1/thumb/v7e-m+fp/hard\libgcc.a
LOAD f:/idecube/stm32cubeide_1.6.1/stm32cubeide/plugins/com.st.stm32cube.ide.mcu.externaltools.gnu-tools-for-stm32.9-2020-q2-update.win32_1.5.0.202011040924/tools/bin/../lib/gcc/arm-none-eabi/9.3.1/../../../../arm-none-eabi/lib/thumb/v7e-m+fp/hard\libc_nano.a
END GROUP
START GROUP
LOAD f:/idecube/stm32cubeide_1.6.1/stm32cubeide/plugins/com.st.stm32cube.ide.mcu.externaltools.gnu-tools-for-stm32.9-2020-q2-update.win32_1.5.0.202011040924/tools/bin/../lib/gcc/arm-none-eabi/9.3.1/thumb/v7e-m+fp/hard\libgcc.a
LOAD f:/idecube/stm32cubeide_1.6.1/stm32cubeide/plugins/com.st.stm32cube.ide.mcu.externaltools.gnu-tools-for-stm32.9-2020-q2-update.win32_1.5.0.202011040924/tools/bin/../lib/gcc/arm-none-eabi/9.3.1/../../../../arm-none-eabi/lib/thumb/v7e-m+fp/hard\libc_nano.a
LOAD f:/idecube/stm32cubeide_1.6.1/stm32cubeide/plugins/com.st.stm32cube.ide.mcu.externaltools.gnu-tools-for-stm32.9-2020-q2-update.win32_1.5.0.202011040924/tools/bin/../lib/gcc/arm-none-eabi/9.3.1/../../../../arm-none-eabi/lib/thumb/v7e-m+fp/hard\libnosys.a
END GROUP
START GROUP
LOAD f:/idecube/stm32cubeide_1.6.1/stm32cubeide/plugins/com.st.stm32cube.ide.mcu.externaltools.gnu-tools-for-stm32.9-2020-q2-update.win32_1.5.0.202011040924/tools/bin/../lib/gcc/arm-none-eabi/9.3.1/thumb/v7e-m+fp/hard\libgcc.a
LOAD f:/idecube/stm32cubeide_1.6.1/stm32cubeide/plugins/com.st.stm32cube.ide.mcu.externaltools.gnu-tools-for-stm32.9-2020-q2-update.win32_1.5.0.202011040924/tools/bin/../lib/gcc/arm-none-eabi/9.3.1/../../../../arm-none-eabi/lib/thumb/v7e-m+fp/hard\libc_nano.a
LOAD f:/idecube/stm32cubeide_1.6.1/stm32cubeide/plugins/com.st.stm32cube.ide.mcu.externaltools.gnu-tools-for-stm32.9-2020-q2-update.win32_1.5.0.202011040924/tools/bin/../lib/gcc/arm-none-eabi/9.3.1/../../../../arm-none-eabi/lib/thumb/v7e-m+fp/hard\libnosys.a
END GROUP
LOAD f:/idecube/stm32cubeide_1.6.1/stm32cubeide/plugins/com.st.stm32cube.ide.mcu.externaltools.gnu-tools-for-stm32.9-2020-q2-update.win32_1.5.0.202011040924/tools/bin/../lib/gcc/arm-none-eabi/9.3.1/thumb/v7e-m+fp/hard/crtend.o
LOAD f:/idecube/stm32cubeide_1.6.1/stm32cubeide/plugins/com.st.stm32cube.ide.mcu.externaltools.gnu-tools-for-stm32.9-2020-q2-update.win32_1.5.0.202011040924/tools/bin/../lib/gcc/arm-none-eabi/9.3.1/thumb/v7e-m+fp/hard/crtn.o
                0x0000000020050000                _estack = (ORIGIN (RAM) + LENGTH (RAM))
                0x0000000000000200                _Min_Heap_Size = 0x200
                0x0000000000000400                _Min_Stack_Size = 0x400

.isr_vector     0x0000000008000000      0x1c8
                0x0000000008000000                . = ALIGN (0x4)
 *(.isr_vector)
 .isr_vector    0x0000000008000000      0x1c8 Core/Startup/startup_stm32f745vetx.o
                0x0000000008000000                g_pfnVectors
                0x00000000080001c8                . = ALIGN (0x4)

.text           0x00000000080001d0     0x85a4
                0x00000000080001d0                . = ALIGN (0x4)
 *(.text)
 .text          0x00000000080001d0       0x40 f:/idecube/stm32cubeide_1.6.1/stm32cubeide/plugins/com.st.stm32cube.ide.mcu.externaltools.gnu-tools-for-stm32.9-2020-q2-update.win32_1.5.0.202011040924/tools/bin/../lib/gcc/arm-none-eabi/9.3.1/thumb/v7e-m+fp/hard/crtbegin.o
 .text          0x0000000008000210       0x10 f:/idecube/stm32cubeide_1.6.1/stm32cubeide/plugins/com.st.stm32cube.ide.mcu.externaltools.gnu-tools-for-stm32.9-2020-q2-update.win32_1.5.0.202011040924/tools/bin/../lib/gcc/arm-none-eabi/9.3.1/../../../../arm-none-eabi/lib/thumb/v7e-m+fp/hard\libc_nano.a(lib_a-strlen.o)
                0x0000000008000210                strlen
 .text          0x0000000008000220       0xa0 f:/idecube/stm32cubeide_1.6.1/stm32cubeide/plugins/com.st.stm32cube.ide.mcu.externaltools.gnu-tools-for-stm32.9-2020-q2-update.win32_1.5.0.202011040924/tools/bin/../lib/gcc/arm-none-eabi/9.3.1/../../../../arm-none-eabi/lib/thumb/v7e-m+fp/hard\libc_nano.a(lib_a-memchr.o)
                0x0000000008000220                memchr
 .text          0x00000000080002c0      0x378 f:/idecube/stm32cubeide_1.6.1/stm32cubeide/plugins/com.st.stm32cube.ide.mcu.externaltools.gnu-tools-for-stm32.9-2020-q2-update.win32_1.5.0.202011040924/tools/bin/../lib/gcc/arm-none-eabi/9.3.1/thumb/v7e-m+fp/hard\libgcc.a(_arm_addsubdf3.o)
                0x00000000080002c0                __aeabi_drsub
                0x00000000080002c8                __aeabi_dsub
                0x00000000080002c8                __subdf3
                0x00000000080002cc                __aeabi_dadd
                0x00000000080002cc                __adddf3
                0x0000000008000544                __floatunsidf
                0x0000000008000544                __aeabi_ui2d
                0x0000000008000564                __floatsidf
                0x0000000008000564                __aeabi_i2d
                0x0000000008000588                __aeabi_f2d
                0x0000000008000588                __extendsfdf2
                0x00000000080005cc                __floatundidf
                0x00000000080005cc                __aeabi_ul2d
                0x00000000080005dc                __floatdidf
                0x00000000080005dc                __aeabi_l2d
 .text          0x0000000008000638      0x424 f:/idecube/stm32cubeide_1.6.1/stm32cubeide/plugins/com.st.stm32cube.ide.mcu.externaltools.gnu-tools-for-stm32.9-2020-q2-update.win32_1.5.0.202011040924/tools/bin/../lib/gcc/arm-none-eabi/9.3.1/thumb/v7e-m+fp/hard\libgcc.a(_arm_muldivdf3.o)
                0x0000000008000638                __aeabi_dmul
                0x0000000008000638                __muldf3
                0x000000000800088c                __divdf3
                0x000000000800088c                __aeabi_ddiv
 .text          0x0000000008000a5c      0x110 f:/idecube/stm32cubeide_1.6.1/stm32cubeide/plugins/com.st.stm32cube.ide.mcu.externaltools.gnu-tools-for-stm32.9-2020-q2-update.win32_1.5.0.202011040924/tools/bin/../lib/gcc/arm-none-eabi/9.3.1/thumb/v7e-m+fp/hard\libgcc.a(_arm_cmpdf2.o)
                0x0000000008000a5c                __gtdf2
                0x0000000008000a5c                __gedf2
                0x0000000008000a64                __ltdf2
                0x0000000008000a64                __ledf2
                0x0000000008000a6c                __nedf2
                0x0000000008000a6c                __eqdf2
                0x0000000008000a6c                __cmpdf2
                0x0000000008000ae8                __aeabi_cdrcmple
                0x0000000008000af8                __aeabi_cdcmpeq
                0x0000000008000af8                __aeabi_cdcmple
                0x0000000008000b08                __aeabi_dcmpeq
                0x0000000008000b1c                __aeabi_dcmplt
                0x0000000008000b30                __aeabi_dcmple
                0x0000000008000b44                __aeabi_dcmpge
                0x0000000008000b58                __aeabi_dcmpgt
 .text          0x0000000008000b6c       0x2c f:/idecube/stm32cubeide_1.6.1/stm32cubeide/plugins/com.st.stm32cube.ide.mcu.externaltools.gnu-tools-for-stm32.9-2020-q2-update.win32_1.5.0.202011040924/tools/bin/../lib/gcc/arm-none-eabi/9.3.1/thumb/v7e-m+fp/hard\libgcc.a(_arm_unorddf2.o)
                0x0000000008000b6c                __unorddf2
                0x0000000008000b6c                __aeabi_dcmpun
 .text          0x0000000008000b98       0x50 f:/idecube/stm32cubeide_1.6.1/stm32cubeide/plugins/com.st.stm32cube.ide.mcu.externaltools.gnu-tools-for-stm32.9-2020-q2-update.win32_1.5.0.202011040924/tools/bin/../lib/gcc/arm-none-eabi/9.3.1/thumb/v7e-m+fp/hard\libgcc.a(_arm_fixdfsi.o)
                0x0000000008000b98                __aeabi_d2iz
                0x0000000008000b98                __fixdfsi
 .text          0x0000000008000be8       0xa0 f:/idecube/stm32cubeide_1.6.1/stm32cubeide/plugins/com.st.stm32cube.ide.mcu.externaltools.gnu-tools-for-stm32.9-2020-q2-update.win32_1.5.0.202011040924/tools/bin/../lib/gcc/arm-none-eabi/9.3.1/thumb/v7e-m+fp/hard\libgcc.a(_arm_truncdfsf2.o)
                0x0000000008000be8                __truncdfsf2
                0x0000000008000be8                __aeabi_d2f
 .text          0x0000000008000c88       0x30 f:/idecube/stm32cubeide_1.6.1/stm32cubeide/plugins/com.st.stm32cube.ide.mcu.externaltools.gnu-tools-for-stm32.9-2020-q2-update.win32_1.5.0.202011040924/tools/bin/../lib/gcc/arm-none-eabi/9.3.1/thumb/v7e-m+fp/hard\libgcc.a(_aeabi_uldivmod.o)
                0x0000000008000c88                __aeabi_uldivmod
 .text          0x0000000008000cb8      0x2c4 f:/idecube/stm32cubeide_1.6.1/stm32cubeide/plugins/com.st.stm32cube.ide.mcu.externaltools.gnu-tools-for-stm32.9-2020-q2-update.win32_1.5.0.202011040924/tools/bin/../lib/gcc/arm-none-eabi/9.3.1/thumb/v7e-m+fp/hard\libgcc.a(_udivmoddi4.o)
                0x0000000008000cb8                __udivmoddi4
 .text          0x0000000008000f7c        0x4 f:/idecube/stm32cubeide_1.6.1/stm32cubeide/plugins/com.st.stm32cube.ide.mcu.externaltools.gnu-tools-for-stm32.9-2020-q2-update.win32_1.5.0.202011040924/tools/bin/../lib/gcc/arm-none-eabi/9.3.1/thumb/v7e-m+fp/hard\libgcc.a(_dvmd_tls.o)
                0x0000000008000f7c                __aeabi_idiv0
                0x0000000008000f7c                __aeabi_ldiv0
 *(.text*)
 .text.arm_sqrt_f32
                0x0000000008000f80       0x44 Core/Src/BaseWork.o
 .text.ComparSelectU_Ch1
                0x0000000008000fc4      0x1c0 Core/Src/BaseWork.o
                0x0000000008000fc4                ComparSelectU_Ch1
 .text.getADC   0x0000000008001184       0x54 Core/Src/BaseWork.o
                0x0000000008001184                getADC
 .text.ReadSensor
                0x00000000080011d8      0x20c Core/Src/BaseWork.o
                0x00000000080011d8                ReadSensor
 .text.FFT20_float
                0x00000000080013e4      0x2a0 Core/Src/FT_float.o
                0x00000000080013e4                FFT20_float
 .text.FT_float
                0x0000000008001684      0x120 Core/Src/FT_float.o
                0x0000000008001684                FT_float
 .text.InitSPI2
                0x00000000080017a4       0x64 Core/Src/FlashSST25.o
                0x00000000080017a4                InitSPI2
 .text.SPI_ReadWriteByte
                0x0000000008001808       0x5c Core/Src/FlashSST25.o
                0x0000000008001808                SPI_ReadWriteByte
 .text.__NVIC_SetPriorityGrouping
                0x0000000008001864       0x48 Core/Src/main.o
 .text.LL_APB1_GRP1_EnableClock
                0x00000000080018ac       0x30 Core/Src/main.o
 .text.LL_APB2_GRP1_EnableClock
                0x00000000080018dc       0x30 Core/Src/main.o
 .text.demoView
                0x000000000800190c       0x54 Core/Src/main.o
                0x000000000800190c                demoView
 .text.StopTimer
                0x0000000008001960       0x60 Core/Src/main.o
                0x0000000008001960                StopTimer
 .text.checkPilot121
                0x00000000080019c0       0xa8 Core/Src/main.o
                0x00000000080019c0                checkPilot121
 .text.checkPilot
                0x0000000008001a68       0xf8 Core/Src/main.o
                0x0000000008001a68                checkPilot
 .text.demoPilotSignal
                0x0000000008001b60       0x44 Core/Src/main.o
                0x0000000008001b60                demoPilotSignal
 .text.expRunningAverage
                0x0000000008001ba4       0x50 Core/Src/main.o
                0x0000000008001ba4                expRunningAverage
 .text.demofloat
                0x0000000008001bf4      0x15c Core/Src/main.o
                0x0000000008001bf4                demofloat
 .text.interface
                0x0000000008001d50       0x90 Core/Src/main.o
                0x0000000008001d50                interface
 .text.contactor
                0x0000000008001de0       0x3c Core/Src/main.o
                0x0000000008001de0                contactor
 .text.CheckPilotStart
                0x0000000008001e1c       0x38 Core/Src/main.o
                0x0000000008001e1c                CheckPilotStart
 .text.CheckSensorParameters
                0x0000000008001e54      0x110 Core/Src/main.o
                0x0000000008001e54                CheckSensorParameters
 .text.ProgramCycle
                0x0000000008001f64      0x348 Core/Src/main.o
                0x0000000008001f64                ProgramCycle
 .text.main     0x00000000080022ac       0x70 Core/Src/main.o
                0x00000000080022ac                main
 .text.SystemClock_Config
                0x000000000800231c      0x120 Core/Src/main.o
                0x000000000800231c                SystemClock_Config
 .text.MX_SPI1_Init
                0x000000000800243c       0x7c Core/Src/main.o
 .text.MX_TIM3_Init
                0x00000000080024b8       0x90 Core/Src/main.o
 .text.MX_TIM4_Init
                0x0000000008002548       0x8c Core/Src/main.o
 .text.MX_GPIO_Init
                0x00000000080025d4      0x154 Core/Src/main.o
 .text.Error_Handler
                0x0000000008002728        0xa Core/Src/main.o
                0x0000000008002728                Error_Handler
 *fill*         0x0000000008002732        0x2 
 .text.ST7735_GPIO_Init
                0x0000000008002734       0x64 Core/Src/st7735.o
 .text.ST7735_Reset
                0x0000000008002798       0x2c Core/Src/st7735.o
 .text.ST7735_WriteCommand
                0x00000000080027c4       0x34 Core/Src/st7735.o
 .text.ST7735_WriteData
                0x00000000080027f8       0x38 Core/Src/st7735.o
 .text.ST7735_ExecuteCommandList
                0x0000000008002830       0x92 Core/Src/st7735.o
 *fill*         0x00000000080028c2        0x2 
 .text.ST7735_SetAddressWindow
                0x00000000080028c4       0x90 Core/Src/st7735.o
 .text.ST7735_WriteChar
                0x0000000008002954       0xee Core/Src/st7735.o
 *fill*         0x0000000008002a42        0x2 
 .text.ST7735_Init
                0x0000000008002a44       0x4c Core/Src/st7735.o
                0x0000000008002a44                ST7735_Init
 .text.ST7735_DrawString
                0x0000000008002a90       0xbc Core/Src/st7735.o
                0x0000000008002a90                ST7735_DrawString
 .text.ST7735_FillRectangle
                0x0000000008002b4c      0x124 Core/Src/st7735.o
                0x0000000008002b4c                ST7735_FillRectangle
 .text.ST7735_FillScreen
                0x0000000008002c70       0x38 Core/Src/st7735.o
                0x0000000008002c70                ST7735_FillScreen
 .text.ST7735_DrawImage
                0x0000000008002ca8      0x128 Core/Src/st7735.o
                0x0000000008002ca8                ST7735_DrawImage
 .text.HAL_MspInit
                0x0000000008002dd0       0x48 Core/Src/stm32f7xx_hal_msp.o
                0x0000000008002dd0                HAL_MspInit
 .text.HAL_SPI_MspInit
                0x0000000008002e18       0xec Core/Src/stm32f7xx_hal_msp.o
                0x0000000008002e18                HAL_SPI_MspInit
 .text.HAL_TIM_Base_MspInit
                0x0000000008002f04       0x68 Core/Src/stm32f7xx_hal_msp.o
                0x0000000008002f04                HAL_TIM_Base_MspInit
 .text.NMI_Handler
                0x0000000008002f6c        0x6 Core/Src/stm32f7xx_it.o
                0x0000000008002f6c                NMI_Handler
 *fill*         0x0000000008002f72        0x2 
 .text.readADC  0x0000000008002f74      0x120 Core/Src/stm32f7xx_it.o
                0x0000000008002f74                readADC
 .text.TIM3_IRQHandler
                0x0000000008003094       0x70 Core/Src/stm32f7xx_it.o
                0x0000000008003094                TIM3_IRQHandler
 .text.TIM4_IRQHandler
                0x0000000008003104       0x3c Core/Src/stm32f7xx_it.o
                0x0000000008003104                TIM4_IRQHandler
 .text.HardFault_Handler
                0x0000000008003140        0x6 Core/Src/stm32f7xx_it.o
                0x0000000008003140                HardFault_Handler
 .text.MemManage_Handler
                0x0000000008003146        0x6 Core/Src/stm32f7xx_it.o
                0x0000000008003146                MemManage_Handler
 .text.BusFault_Handler
                0x000000000800314c        0x6 Core/Src/stm32f7xx_it.o
                0x000000000800314c                BusFault_Handler
 .text.UsageFault_Handler
                0x0000000008003152        0x6 Core/Src/stm32f7xx_it.o
                0x0000000008003152                UsageFault_Handler
 .text.SVC_Handler
                0x0000000008003158        0xe Core/Src/stm32f7xx_it.o
                0x0000000008003158                SVC_Handler
 .text.DebugMon_Handler
                0x0000000008003166        0xe Core/Src/stm32f7xx_it.o
                0x0000000008003166                DebugMon_Handler
 .text.PendSV_Handler
                0x0000000008003174        0xe Core/Src/stm32f7xx_it.o
                0x0000000008003174                PendSV_Handler
 .text.SysTick_Handler
                0x0000000008003182        0xc Core/Src/stm32f7xx_it.o
                0x0000000008003182                SysTick_Handler
 .text._getpid  0x000000000800318e       0x10 Core/Src/syscalls.o
                0x000000000800318e                _getpid
 .text._kill    0x000000000800319e       0x20 Core/Src/syscalls.o
                0x000000000800319e                _kill
 .text._exit    0x00000000080031be       0x14 Core/Src/syscalls.o
                0x00000000080031be                _exit
 .text._read    0x00000000080031d2       0x3a Core/Src/syscalls.o
                0x00000000080031d2                _read
 .text._write   0x000000000800320c       0x38 Core/Src/syscalls.o
                0x000000000800320c                _write
 .text._sbrk    0x0000000008003244       0x58 Core/Src/syscalls.o
                0x0000000008003244                _sbrk
 .text._close   0x000000000800329c       0x18 Core/Src/syscalls.o
                0x000000000800329c                _close
 .text._fstat   0x00000000080032b4       0x20 Core/Src/syscalls.o
                0x00000000080032b4                _fstat
 .text._isatty  0x00000000080032d4       0x16 Core/Src/syscalls.o
                0x00000000080032d4                _isatty
 .text._lseek   0x00000000080032ea       0x1a Core/Src/syscalls.o
                0x00000000080032ea                _lseek
 .text.SystemInit
                0x0000000008003304       0x24 Core/Src/system_stm32f7xx.o
                0x0000000008003304                SystemInit
 .text.Reset_Handler
                0x0000000008003328       0x50 Core/Startup/startup_stm32f745vetx.o
                0x0000000008003328                Reset_Handler
 .text.Default_Handler
                0x0000000008003378        0x2 Core/Startup/startup_stm32f745vetx.o
                0x0000000008003378                RTC_Alarm_IRQHandler
                0x0000000008003378                EXTI2_IRQHandler
                0x0000000008003378                TIM8_CC_IRQHandler
                0x0000000008003378                UART8_IRQHandler
                0x0000000008003378                SPI4_IRQHandler
                0x0000000008003378                TIM1_CC_IRQHandler
                0x0000000008003378                DMA2_Stream5_IRQHandler
                0x0000000008003378                DMA1_Stream5_IRQHandler
                0x0000000008003378                PVD_IRQHandler
                0x0000000008003378                TAMP_STAMP_IRQHandler
                0x0000000008003378                CAN2_RX1_IRQHandler
                0x0000000008003378                EXTI3_IRQHandler
                0x0000000008003378                TIM8_TRG_COM_TIM14_IRQHandler
                0x0000000008003378                TIM1_UP_TIM10_IRQHandler
                0x0000000008003378                TIM8_UP_TIM13_IRQHandler
                0x0000000008003378                I2C3_ER_IRQHandler
                0x0000000008003378                EXTI0_IRQHandler
                0x0000000008003378                I2C2_EV_IRQHandler
                0x0000000008003378                DMA1_Stream2_IRQHandler
                0x0000000008003378                CAN1_RX0_IRQHandler
                0x0000000008003378                FPU_IRQHandler
                0x0000000008003378                OTG_HS_WKUP_IRQHandler
                0x0000000008003378                CAN2_SCE_IRQHandler
                0x0000000008003378                DMA2_Stream2_IRQHandler
                0x0000000008003378                SPI1_IRQHandler
                0x0000000008003378                TIM6_DAC_IRQHandler
                0x0000000008003378                TIM1_BRK_TIM9_IRQHandler
                0x0000000008003378                DCMI_IRQHandler
                0x0000000008003378                CAN2_RX0_IRQHandler
                0x0000000008003378                DMA2_Stream3_IRQHandler
                0x0000000008003378                SAI2_IRQHandler
                0x0000000008003378                USART6_IRQHandler
                0x0000000008003378                USART3_IRQHandler
                0x0000000008003378                CAN1_RX1_IRQHandler
                0x0000000008003378                UART5_IRQHandler
                0x0000000008003378                DMA2_Stream0_IRQHandler
                0x0000000008003378                QUADSPI_IRQHandler
                0x0000000008003378                I2C1_EV_IRQHandler
                0x0000000008003378                DMA1_Stream6_IRQHandler
                0x0000000008003378                DMA1_Stream1_IRQHandler
                0x0000000008003378                UART4_IRQHandler
                0x0000000008003378                RCC_IRQHandler
                0x0000000008003378                TIM8_BRK_TIM12_IRQHandler
                0x0000000008003378                Default_Handler
                0x0000000008003378                CEC_IRQHandler
                0x0000000008003378                EXTI15_10_IRQHandler
                0x0000000008003378                ADC_IRQHandler
                0x0000000008003378                DMA1_Stream7_IRQHandler
                0x0000000008003378                SPI5_IRQHandler
                0x0000000008003378                TIM7_IRQHandler
                0x0000000008003378                SDMMC1_IRQHandler
                0x0000000008003378                CAN2_TX_IRQHandler
                0x0000000008003378                TIM5_IRQHandler
                0x0000000008003378                DMA2_Stream7_IRQHandler
                0x0000000008003378                I2C3_EV_IRQHandler
                0x0000000008003378                EXTI9_5_IRQHandler
                0x0000000008003378                RTC_WKUP_IRQHandler
                0x0000000008003378                ETH_WKUP_IRQHandler
                0x0000000008003378                SPDIF_RX_IRQHandler
                0x0000000008003378                SPI2_IRQHandler
                0x0000000008003378                OTG_HS_EP1_IN_IRQHandler
                0x0000000008003378                DMA1_Stream0_IRQHandler
                0x0000000008003378                CAN1_TX_IRQHandler
                0x0000000008003378                EXTI4_IRQHandler
                0x0000000008003378                RNG_IRQHandler
                0x0000000008003378                ETH_IRQHandler
                0x0000000008003378                OTG_HS_EP1_OUT_IRQHandler
                0x0000000008003378                WWDG_IRQHandler
                0x0000000008003378                SPI6_IRQHandler
                0x0000000008003378                I2C4_EV_IRQHandler
                0x0000000008003378                TIM2_IRQHandler
                0x0000000008003378                OTG_FS_WKUP_IRQHandler
                0x0000000008003378                TIM1_TRG_COM_TIM11_IRQHandler
                0x0000000008003378                OTG_HS_IRQHandler
                0x0000000008003378                DMA2D_IRQHandler
                0x0000000008003378                EXTI1_IRQHandler
                0x0000000008003378                UART7_IRQHandler
                0x0000000008003378                USART2_IRQHandler
                0x0000000008003378                I2C2_ER_IRQHandler
                0x0000000008003378                DMA2_Stream1_IRQHandler
                0x0000000008003378                CAN1_SCE_IRQHandler
                0x0000000008003378                FLASH_IRQHandler
                0x0000000008003378                DMA2_Stream4_IRQHandler
                0x0000000008003378                USART1_IRQHandler
                0x0000000008003378                OTG_FS_IRQHandler
                0x0000000008003378                SPI3_IRQHandler
                0x0000000008003378                DMA1_Stream4_IRQHandler
                0x0000000008003378                I2C1_ER_IRQHandler
                0x0000000008003378                FMC_IRQHandler
                0x0000000008003378                LPTIM1_IRQHandler
                0x0000000008003378                I2C4_ER_IRQHandler
                0x0000000008003378                DMA2_Stream6_IRQHandler
                0x0000000008003378                SAI1_IRQHandler
                0x0000000008003378                DMA1_Stream3_IRQHandler
 .text.HAL_Init
                0x000000000800337a       0x1a Drivers/STM32F7xx_HAL_Driver/Src/stm32f7xx_hal.o
                0x000000000800337a                HAL_Init
 .text.HAL_InitTick
                0x0000000008003394       0x60 Drivers/STM32F7xx_HAL_Driver/Src/stm32f7xx_hal.o
                0x0000000008003394                HAL_InitTick
 .text.HAL_IncTick
                0x00000000080033f4       0x28 Drivers/STM32F7xx_HAL_Driver/Src/stm32f7xx_hal.o
                0x00000000080033f4                HAL_IncTick
 .text.HAL_GetTick
                0x000000000800341c       0x18 Drivers/STM32F7xx_HAL_Driver/Src/stm32f7xx_hal.o
                0x000000000800341c                HAL_GetTick
 .text.HAL_Delay
                0x0000000008003434       0x48 Drivers/STM32F7xx_HAL_Driver/Src/stm32f7xx_hal.o
                0x0000000008003434                HAL_Delay
 .text.__NVIC_SetPriorityGrouping
                0x000000000800347c       0x48 Drivers/STM32F7xx_HAL_Driver/Src/stm32f7xx_hal_cortex.o
 .text.__NVIC_GetPriorityGrouping
                0x00000000080034c4       0x1c Drivers/STM32F7xx_HAL_Driver/Src/stm32f7xx_hal_cortex.o
 .text.__NVIC_EnableIRQ
                0x00000000080034e0       0x3c Drivers/STM32F7xx_HAL_Driver/Src/stm32f7xx_hal_cortex.o
 .text.__NVIC_SetPriority
                0x000000000800351c       0x54 Drivers/STM32F7xx_HAL_Driver/Src/stm32f7xx_hal_cortex.o
 .text.NVIC_EncodePriority
                0x0000000008003570       0x66 Drivers/STM32F7xx_HAL_Driver/Src/stm32f7xx_hal_cortex.o
 *fill*         0x00000000080035d6        0x2 
 .text.SysTick_Config
                0x00000000080035d8       0x44 Drivers/STM32F7xx_HAL_Driver/Src/stm32f7xx_hal_cortex.o
 .text.HAL_NVIC_SetPriorityGrouping
                0x000000000800361c       0x16 Drivers/STM32F7xx_HAL_Driver/Src/stm32f7xx_hal_cortex.o
                0x000000000800361c                HAL_NVIC_SetPriorityGrouping
 .text.HAL_NVIC_SetPriority
                0x0000000008003632       0x38 Drivers/STM32F7xx_HAL_Driver/Src/stm32f7xx_hal_cortex.o
                0x0000000008003632                HAL_NVIC_SetPriority
 .text.HAL_NVIC_EnableIRQ
                0x000000000800366a       0x1c Drivers/STM32F7xx_HAL_Driver/Src/stm32f7xx_hal_cortex.o
                0x000000000800366a                HAL_NVIC_EnableIRQ
 .text.HAL_SYSTICK_Config
                0x0000000008003686       0x18 Drivers/STM32F7xx_HAL_Driver/Src/stm32f7xx_hal_cortex.o
                0x0000000008003686                HAL_SYSTICK_Config
 *fill*         0x000000000800369e        0x2 
 .text.HAL_GPIO_Init
                0x00000000080036a0      0x358 Drivers/STM32F7xx_HAL_Driver/Src/stm32f7xx_hal_gpio.o
                0x00000000080036a0                HAL_GPIO_Init
 .text.HAL_GPIO_WritePin
                0x00000000080039f8       0x32 Drivers/STM32F7xx_HAL_Driver/Src/stm32f7xx_hal_gpio.o
                0x00000000080039f8                HAL_GPIO_WritePin
 *fill*         0x0000000008003a2a        0x2 
 .text.HAL_PWREx_EnableOverDrive
                0x0000000008003a2c       0xa0 Drivers/STM32F7xx_HAL_Driver/Src/stm32f7xx_hal_pwr_ex.o
                0x0000000008003a2c                HAL_PWREx_EnableOverDrive
 .text.HAL_RCC_OscConfig
                0x0000000008003acc      0x548 Drivers/STM32F7xx_HAL_Driver/Src/stm32f7xx_hal_rcc.o
                0x0000000008003acc                HAL_RCC_OscConfig
 .text.HAL_RCC_ClockConfig
                0x0000000008004014      0x1d8 Drivers/STM32F7xx_HAL_Driver/Src/stm32f7xx_hal_rcc.o
                0x0000000008004014                HAL_RCC_ClockConfig
 .text.HAL_RCC_GetSysClockFreq
                0x00000000080041ec      0x16c Drivers/STM32F7xx_HAL_Driver/Src/stm32f7xx_hal_rcc.o
                0x00000000080041ec                HAL_RCC_GetSysClockFreq
 .text.HAL_RCCEx_PeriphCLKConfig
                0x0000000008004358      0x770 Drivers/STM32F7xx_HAL_Driver/Src/stm32f7xx_hal_rcc_ex.o
                0x0000000008004358                HAL_RCCEx_PeriphCLKConfig
 .text.HAL_SPI_Init
                0x0000000008004ac8      0x156 Drivers/STM32F7xx_HAL_Driver/Src/stm32f7xx_hal_spi.o
                0x0000000008004ac8                HAL_SPI_Init
 .text.HAL_SPI_Transmit
                0x0000000008004c1e      0x2dc Drivers/STM32F7xx_HAL_Driver/Src/stm32f7xx_hal_spi.o
                0x0000000008004c1e                HAL_SPI_Transmit
 .text.HAL_SPI_TransmitReceive
                0x0000000008004efa      0x426 Drivers/STM32F7xx_HAL_Driver/Src/stm32f7xx_hal_spi.o
                0x0000000008004efa                HAL_SPI_TransmitReceive
 .text.SPI_WaitFlagStateUntilTimeout
                0x0000000008005320      0x110 Drivers/STM32F7xx_HAL_Driver/Src/stm32f7xx_hal_spi.o
 .text.SPI_WaitFifoStateUntilTimeout
                0x0000000008005430      0x124 Drivers/STM32F7xx_HAL_Driver/Src/stm32f7xx_hal_spi.o
 .text.SPI_EndRxTxTransaction
                0x0000000008005554       0x8c Drivers/STM32F7xx_HAL_Driver/Src/stm32f7xx_hal_spi.o
 .text.HAL_TIM_Base_Init
                0x00000000080055e0       0xae Drivers/STM32F7xx_HAL_Driver/Src/stm32f7xx_hal_tim.o
                0x00000000080055e0                HAL_TIM_Base_Init
 *fill*         0x000000000800568e        0x2 
 .text.HAL_TIM_Base_Start_IT
                0x0000000008005690       0xf0 Drivers/STM32F7xx_HAL_Driver/Src/stm32f7xx_hal_tim.o
                0x0000000008005690                HAL_TIM_Base_Start_IT
 .text.TIM_Base_SetConfig
                0x0000000008005780      0x140 Drivers/STM32F7xx_HAL_Driver/Src/stm32f7xx_hal_tim.o
                0x0000000008005780                TIM_Base_SetConfig
 .text.__errno  0x00000000080058c0        0xc f:/idecube/stm32cubeide_1.6.1/stm32cubeide/plugins/com.st.stm32cube.ide.mcu.externaltools.gnu-tools-for-stm32.9-2020-q2-update.win32_1.5.0.202011040924/tools/bin/../lib/gcc/arm-none-eabi/9.3.1/../../../../arm-none-eabi/lib/thumb/v7e-m+fp/hard\libc_nano.a(lib_a-errno.o)
                0x00000000080058c0                __errno
 .text.__libc_init_array
                0x00000000080058cc       0x48 f:/idecube/stm32cubeide_1.6.1/stm32cubeide/plugins/com.st.stm32cube.ide.mcu.externaltools.gnu-tools-for-stm32.9-2020-q2-update.win32_1.5.0.202011040924/tools/bin/../lib/gcc/arm-none-eabi/9.3.1/../../../../arm-none-eabi/lib/thumb/v7e-m+fp/hard\libc_nano.a(lib_a-init.o)
                0x00000000080058cc                __libc_init_array
 .text.__itoa   0x0000000008005914       0x30 f:/idecube/stm32cubeide_1.6.1/stm32cubeide/plugins/com.st.stm32cube.ide.mcu.externaltools.gnu-tools-for-stm32.9-2020-q2-update.win32_1.5.0.202011040924/tools/bin/../lib/gcc/arm-none-eabi/9.3.1/../../../../arm-none-eabi/lib/thumb/v7e-m+fp/hard\libc_nano.a(lib_a-itoa.o)
                0x0000000008005914                __itoa
 .text.itoa     0x0000000008005944        0x4 f:/idecube/stm32cubeide_1.6.1/stm32cubeide/plugins/com.st.stm32cube.ide.mcu.externaltools.gnu-tools-for-stm32.9-2020-q2-update.win32_1.5.0.202011040924/tools/bin/../lib/gcc/arm-none-eabi/9.3.1/../../../../arm-none-eabi/lib/thumb/v7e-m+fp/hard\libc_nano.a(lib_a-itoa.o)
                0x0000000008005944                itoa
 .text.memcpy   0x0000000008005948       0x1c f:/idecube/stm32cubeide_1.6.1/stm32cubeide/plugins/com.st.stm32cube.ide.mcu.externaltools.gnu-tools-for-stm32.9-2020-q2-update.win32_1.5.0.202011040924/tools/bin/../lib/gcc/arm-none-eabi/9.3.1/../../../../arm-none-eabi/lib/thumb/v7e-m+fp/hard\libc_nano.a(lib_a-memcpy-stub.o)
                0x0000000008005948                memcpy
 .text.memset   0x0000000008005964       0x10 f:/idecube/stm32cubeide_1.6.1/stm32cubeide/plugins/com.st.stm32cube.ide.mcu.externaltools.gnu-tools-for-stm32.9-2020-q2-update.win32_1.5.0.202011040924/tools/bin/../lib/gcc/arm-none-eabi/9.3.1/../../../../arm-none-eabi/lib/thumb/v7e-m+fp/hard\libc_nano.a(lib_a-memset.o)
                0x0000000008005964                memset
 .text.__cvt    0x0000000008005974       0xc4 f:/idecube/stm32cubeide_1.6.1/stm32cubeide/plugins/com.st.stm32cube.ide.mcu.externaltools.gnu-tools-for-stm32.9-2020-q2-update.win32_1.5.0.202011040924/tools/bin/../lib/gcc/arm-none-eabi/9.3.1/../../../../arm-none-eabi/lib/thumb/v7e-m+fp/hard\libc_nano.a(lib_a-nano-vfprintf_float.o)
                0x0000000008005974                __cvt
 .text.__exponent
                0x0000000008005a38       0x7c f:/idecube/stm32cubeide_1.6.1/stm32cubeide/plugins/com.st.stm32cube.ide.mcu.externaltools.gnu-tools-for-stm32.9-2020-q2-update.win32_1.5.0.202011040924/tools/bin/../lib/gcc/arm-none-eabi/9.3.1/../../../../arm-none-eabi/lib/thumb/v7e-m+fp/hard\libc_nano.a(lib_a-nano-vfprintf_float.o)
                0x0000000008005a38                __exponent
 .text._printf_float
                0x0000000008005ab4      0x46c f:/idecube/stm32cubeide_1.6.1/stm32cubeide/plugins/com.st.stm32cube.ide.mcu.externaltools.gnu-tools-for-stm32.9-2020-q2-update.win32_1.5.0.202011040924/tools/bin/../lib/gcc/arm-none-eabi/9.3.1/../../../../arm-none-eabi/lib/thumb/v7e-m+fp/hard\libc_nano.a(lib_a-nano-vfprintf_float.o)
                0x0000000008005ab4                _printf_float
 .text._printf_common
                0x0000000008005f20       0xda f:/idecube/stm32cubeide_1.6.1/stm32cubeide/plugins/com.st.stm32cube.ide.mcu.externaltools.gnu-tools-for-stm32.9-2020-q2-update.win32_1.5.0.202011040924/tools/bin/../lib/gcc/arm-none-eabi/9.3.1/../../../../arm-none-eabi/lib/thumb/v7e-m+fp/hard\libc_nano.a(lib_a-nano-vfprintf_i.o)
                0x0000000008005f20                _printf_common
 *fill*         0x0000000008005ffa        0x2 
 .text._printf_i
                0x0000000008005ffc      0x24c f:/idecube/stm32cubeide_1.6.1/stm32cubeide/plugins/com.st.stm32cube.ide.mcu.externaltools.gnu-tools-for-stm32.9-2020-q2-update.win32_1.5.0.202011040924/tools/bin/../lib/gcc/arm-none-eabi/9.3.1/../../../../arm-none-eabi/lib/thumb/v7e-m+fp/hard\libc_nano.a(lib_a-nano-vfprintf_i.o)
                0x0000000008005ffc                _printf_i
 .text.sprintf  0x0000000008006248       0x40 f:/idecube/stm32cubeide_1.6.1/stm32cubeide/plugins/com.st.stm32cube.ide.mcu.externaltools.gnu-tools-for-stm32.9-2020-q2-update.win32_1.5.0.202011040924/tools/bin/../lib/gcc/arm-none-eabi/9.3.1/../../../../arm-none-eabi/lib/thumb/v7e-m+fp/hard\libc_nano.a(lib_a-sprintf.o)
                0x0000000008006248                siprintf
                0x0000000008006248                sprintf
 .text.__utoa   0x0000000008006288       0x84 f:/idecube/stm32cubeide_1.6.1/stm32cubeide/plugins/com.st.stm32cube.ide.mcu.externaltools.gnu-tools-for-stm32.9-2020-q2-update.win32_1.5.0.202011040924/tools/bin/../lib/gcc/arm-none-eabi/9.3.1/../../../../arm-none-eabi/lib/thumb/v7e-m+fp/hard\libc_nano.a(lib_a-utoa.o)
                0x0000000008006288                __utoa
 .text.quorem   0x000000000800630c      0x116 f:/idecube/stm32cubeide_1.6.1/stm32cubeide/plugins/com.st.stm32cube.ide.mcu.externaltools.gnu-tools-for-stm32.9-2020-q2-update.win32_1.5.0.202011040924/tools/bin/../lib/gcc/arm-none-eabi/9.3.1/../../../../arm-none-eabi/lib/thumb/v7e-m+fp/hard\libc_nano.a(lib_a-dtoa.o)
 *fill*         0x0000000008006422        0x6 
 .text._dtoa_r  0x0000000008006428      0xbd8 f:/idecube/stm32cubeide_1.6.1/stm32cubeide/plugins/com.st.stm32cube.ide.mcu.externaltools.gnu-tools-for-stm32.9-2020-q2-update.win32_1.5.0.202011040924/tools/bin/../lib/gcc/arm-none-eabi/9.3.1/../../../../arm-none-eabi/lib/thumb/v7e-m+fp/hard\libc_nano.a(lib_a-dtoa.o)
                0x0000000008006428                _dtoa_r
 .text._localeconv_r
                0x0000000008007000        0x8 f:/idecube/stm32cubeide_1.6.1/stm32cubeide/plugins/com.st.stm32cube.ide.mcu.externaltools.gnu-tools-for-stm32.9-2020-q2-update.win32_1.5.0.202011040924/tools/bin/../lib/gcc/arm-none-eabi/9.3.1/../../../../arm-none-eabi/lib/thumb/v7e-m+fp/hard\libc_nano.a(lib_a-localeconv.o)
                0x0000000008007000                _localeconv_r
 .text.malloc   0x0000000008007008       0x10 f:/idecube/stm32cubeide_1.6.1/stm32cubeide/plugins/com.st.stm32cube.ide.mcu.externaltools.gnu-tools-for-stm32.9-2020-q2-update.win32_1.5.0.202011040924/tools/bin/../lib/gcc/arm-none-eabi/9.3.1/../../../../arm-none-eabi/lib/thumb/v7e-m+fp/hard\libc_nano.a(lib_a-malloc.o)
                0x0000000008007008                malloc
 .text._Balloc  0x0000000008007018       0x80 f:/idecube/stm32cubeide_1.6.1/stm32cubeide/plugins/com.st.stm32cube.ide.mcu.externaltools.gnu-tools-for-stm32.9-2020-q2-update.win32_1.5.0.202011040924/tools/bin/../lib/gcc/arm-none-eabi/9.3.1/../../../../arm-none-eabi/lib/thumb/v7e-m+fp/hard\libc_nano.a(lib_a-mprec.o)
                0x0000000008007018                _Balloc
 .text._Bfree   0x0000000008007098       0x44 f:/idecube/stm32cubeide_1.6.1/stm32cubeide/plugins/com.st.stm32cube.ide.mcu.externaltools.gnu-tools-for-stm32.9-2020-q2-update.win32_1.5.0.202011040924/tools/bin/../lib/gcc/arm-none-eabi/9.3.1/../../../../arm-none-eabi/lib/thumb/v7e-m+fp/hard\libc_nano.a(lib_a-mprec.o)
                0x0000000008007098                _Bfree
 .text.__multadd
                0x00000000080070dc       0x94 f:/idecube/stm32cubeide_1.6.1/stm32cubeide/plugins/com.st.stm32cube.ide.mcu.externaltools.gnu-tools-for-stm32.9-2020-q2-update.win32_1.5.0.202011040924/tools/bin/../lib/gcc/arm-none-eabi/9.3.1/../../../../arm-none-eabi/lib/thumb/v7e-m+fp/hard\libc_nano.a(lib_a-mprec.o)
                0x00000000080070dc                __multadd
 .text.__hi0bits
                0x0000000008007170       0x40 f:/idecube/stm32cubeide_1.6.1/stm32cubeide/plugins/com.st.stm32cube.ide.mcu.externaltools.gnu-tools-for-stm32.9-2020-q2-update.win32_1.5.0.202011040924/tools/bin/../lib/gcc/arm-none-eabi/9.3.1/../../../../arm-none-eabi/lib/thumb/v7e-m+fp/hard\libc_nano.a(lib_a-mprec.o)
                0x0000000008007170                __hi0bits
 .text.__lo0bits
                0x00000000080071b0       0x60 f:/idecube/stm32cubeide_1.6.1/stm32cubeide/plugins/com.st.stm32cube.ide.mcu.externaltools.gnu-tools-for-stm32.9-2020-q2-update.win32_1.5.0.202011040924/tools/bin/../lib/gcc/arm-none-eabi/9.3.1/../../../../arm-none-eabi/lib/thumb/v7e-m+fp/hard\libc_nano.a(lib_a-mprec.o)
                0x00000000080071b0                __lo0bits
 .text.__i2b    0x0000000008007210       0x2c f:/idecube/stm32cubeide_1.6.1/stm32cubeide/plugins/com.st.stm32cube.ide.mcu.externaltools.gnu-tools-for-stm32.9-2020-q2-update.win32_1.5.0.202011040924/tools/bin/../lib/gcc/arm-none-eabi/9.3.1/../../../../arm-none-eabi/lib/thumb/v7e-m+fp/hard\libc_nano.a(lib_a-mprec.o)
                0x0000000008007210                __i2b
 .text.__multiply
                0x000000000800723c      0x14c f:/idecube/stm32cubeide_1.6.1/stm32cubeide/plugins/com.st.stm32cube.ide.mcu.externaltools.gnu-tools-for-stm32.9-2020-q2-update.win32_1.5.0.202011040924/tools/bin/../lib/gcc/arm-none-eabi/9.3.1/../../../../arm-none-eabi/lib/thumb/v7e-m+fp/hard\libc_nano.a(lib_a-mprec.o)
                0x000000000800723c                __multiply
 .text.__pow5mult
                0x0000000008007388       0xb4 f:/idecube/stm32cubeide_1.6.1/stm32cubeide/plugins/com.st.stm32cube.ide.mcu.externaltools.gnu-tools-for-stm32.9-2020-q2-update.win32_1.5.0.202011040924/tools/bin/../lib/gcc/arm-none-eabi/9.3.1/../../../../arm-none-eabi/lib/thumb/v7e-m+fp/hard\libc_nano.a(lib_a-mprec.o)
                0x0000000008007388                __pow5mult
 .text.__lshift
                0x000000000800743c       0xd8 f:/idecube/stm32cubeide_1.6.1/stm32cubeide/plugins/com.st.stm32cube.ide.mcu.externaltools.gnu-tools-for-stm32.9-2020-q2-update.win32_1.5.0.202011040924/tools/bin/../lib/gcc/arm-none-eabi/9.3.1/../../../../arm-none-eabi/lib/thumb/v7e-m+fp/hard\libc_nano.a(lib_a-mprec.o)
                0x000000000800743c                __lshift
 .text.__mcmp   0x0000000008007514       0x38 f:/idecube/stm32cubeide_1.6.1/stm32cubeide/plugins/com.st.stm32cube.ide.mcu.externaltools.gnu-tools-for-stm32.9-2020-q2-update.win32_1.5.0.202011040924/tools/bin/../lib/gcc/arm-none-eabi/9.3.1/../../../../arm-none-eabi/lib/thumb/v7e-m+fp/hard\libc_nano.a(lib_a-mprec.o)
                0x0000000008007514                __mcmp
 .text.__mdiff  0x000000000800754c      0x110 f:/idecube/stm32cubeide_1.6.1/stm32cubeide/plugins/com.st.stm32cube.ide.mcu.externaltools.gnu-tools-for-stm32.9-2020-q2-update.win32_1.5.0.202011040924/tools/bin/../lib/gcc/arm-none-eabi/9.3.1/../../../../arm-none-eabi/lib/thumb/v7e-m+fp/hard\libc_nano.a(lib_a-mprec.o)
                0x000000000800754c                __mdiff
 .text.__d2b    0x000000000800765c       0xb8 f:/idecube/stm32cubeide_1.6.1/stm32cubeide/plugins/com.st.stm32cube.ide.mcu.externaltools.gnu-tools-for-stm32.9-2020-q2-update.win32_1.5.0.202011040924/tools/bin/../lib/gcc/arm-none-eabi/9.3.1/../../../../arm-none-eabi/lib/thumb/v7e-m+fp/hard\libc_nano.a(lib_a-mprec.o)
                0x000000000800765c                __d2b
 .text._calloc_r
                0x0000000008007714       0x1e f:/idecube/stm32cubeide_1.6.1/stm32cubeide/plugins/com.st.stm32cube.ide.mcu.externaltools.gnu-tools-for-stm32.9-2020-q2-update.win32_1.5.0.202011040924/tools/bin/../lib/gcc/arm-none-eabi/9.3.1/../../../../arm-none-eabi/lib/thumb/v7e-m+fp/hard\libc_nano.a(lib_a-nano-callocr.o)
                0x0000000008007714                _calloc_r
 *fill*         0x0000000008007732        0x2 
 .text._free_r  0x0000000008007734       0xa0 f:/idecube/stm32cubeide_1.6.1/stm32cubeide/plugins/com.st.stm32cube.ide.mcu.externaltools.gnu-tools-for-stm32.9-2020-q2-update.win32_1.5.0.202011040924/tools/bin/../lib/gcc/arm-none-eabi/9.3.1/../../../../arm-none-eabi/lib/thumb/v7e-m+fp/hard\libc_nano.a(lib_a-nano-freer.o)
                0x0000000008007734                _free_r
 .text._malloc_r
                0x00000000080077d4       0xb4 f:/idecube/stm32cubeide_1.6.1/stm32cubeide/plugins/com.st.stm32cube.ide.mcu.externaltools.gnu-tools-for-stm32.9-2020-q2-update.win32_1.5.0.202011040924/tools/bin/../lib/gcc/arm-none-eabi/9.3.1/../../../../arm-none-eabi/lib/thumb/v7e-m+fp/hard\libc_nano.a(lib_a-nano-mallocr.o)
                0x00000000080077d4                _malloc_r
 .text.__ssputs_r
                0x0000000008007888       0xb6 f:/idecube/stm32cubeide_1.6.1/stm32cubeide/plugins/com.st.stm32cube.ide.mcu.externaltools.gnu-tools-for-stm32.9-2020-q2-update.win32_1.5.0.202011040924/tools/bin/../lib/gcc/arm-none-eabi/9.3.1/../../../../arm-none-eabi/lib/thumb/v7e-m+fp/hard\libc_nano.a(lib_a-nano-svfprintf.o)
                0x0000000008007888                __ssputs_r
 *fill*         0x000000000800793e        0x2 
 .text._svfprintf_r
                0x0000000008007940      0x200 f:/idecube/stm32cubeide_1.6.1/stm32cubeide/plugins/com.st.stm32cube.ide.mcu.externaltools.gnu-tools-for-stm32.9-2020-q2-update.win32_1.5.0.202011040924/tools/bin/../lib/gcc/arm-none-eabi/9.3.1/../../../../arm-none-eabi/lib/thumb/v7e-m+fp/hard\libc_nano.a(lib_a-nano-svfprintf.o)
                0x0000000008007940                _svfiprintf_r
                0x0000000008007940                _svfprintf_r
 .text._sbrk_r  0x0000000008007b40       0x20 f:/idecube/stm32cubeide_1.6.1/stm32cubeide/plugins/com.st.stm32cube.ide.mcu.externaltools.gnu-tools-for-stm32.9-2020-q2-update.win32_1.5.0.202011040924/tools/bin/../lib/gcc/arm-none-eabi/9.3.1/../../../../arm-none-eabi/lib/thumb/v7e-m+fp/hard\libc_nano.a(lib_a-sbrkr.o)
                0x0000000008007b40                _sbrk_r
 .text.__assert_func
                0x0000000008007b60       0x3c f:/idecube/stm32cubeide_1.6.1/stm32cubeide/plugins/com.st.stm32cube.ide.mcu.externaltools.gnu-tools-for-stm32.9-2020-q2-update.win32_1.5.0.202011040924/tools/bin/../lib/gcc/arm-none-eabi/9.3.1/../../../../arm-none-eabi/lib/thumb/v7e-m+fp/hard\libc_nano.a(lib_a-assert.o)
                0x0000000008007b60                __assert_func
 .text.fprintf  0x0000000008007b9c       0x24 f:/idecube/stm32cubeide_1.6.1/stm32cubeide/plugins/com.st.stm32cube.ide.mcu.externaltools.gnu-tools-for-stm32.9-2020-q2-update.win32_1.5.0.202011040924/tools/bin/../lib/gcc/arm-none-eabi/9.3.1/../../../../arm-none-eabi/lib/thumb/v7e-m+fp/hard\libc_nano.a(lib_a-fprintf.o)
                0x0000000008007b9c                fiprintf
                0x0000000008007b9c                fprintf
 .text.__ascii_mbtowc
                0x0000000008007bc0       0x24 f:/idecube/stm32cubeide_1.6.1/stm32cubeide/plugins/com.st.stm32cube.ide.mcu.externaltools.gnu-tools-for-stm32.9-2020-q2-update.win32_1.5.0.202011040924/tools/bin/../lib/gcc/arm-none-eabi/9.3.1/../../../../arm-none-eabi/lib/thumb/v7e-m+fp/hard\libc_nano.a(lib_a-mbtowc_r.o)
                0x0000000008007bc0                __ascii_mbtowc
 .text.memmove  0x0000000008007be4       0x34 f:/idecube/stm32cubeide_1.6.1/stm32cubeide/plugins/com.st.stm32cube.ide.mcu.externaltools.gnu-tools-for-stm32.9-2020-q2-update.win32_1.5.0.202011040924/tools/bin/../lib/gcc/arm-none-eabi/9.3.1/../../../../arm-none-eabi/lib/thumb/v7e-m+fp/hard\libc_nano.a(lib_a-memmove.o)
                0x0000000008007be4                memmove
 .text.__malloc_lock
                0x0000000008007c18        0xc f:/idecube/stm32cubeide_1.6.1/stm32cubeide/plugins/com.st.stm32cube.ide.mcu.externaltools.gnu-tools-for-stm32.9-2020-q2-update.win32_1.5.0.202011040924/tools/bin/../lib/gcc/arm-none-eabi/9.3.1/../../../../arm-none-eabi/lib/thumb/v7e-m+fp/hard\libc_nano.a(lib_a-mlock.o)
                0x0000000008007c18                __malloc_lock
 .text.__malloc_unlock
                0x0000000008007c24        0xc f:/idecube/stm32cubeide_1.6.1/stm32cubeide/plugins/com.st.stm32cube.ide.mcu.externaltools.gnu-tools-for-stm32.9-2020-q2-update.win32_1.5.0.202011040924/tools/bin/../lib/gcc/arm-none-eabi/9.3.1/../../../../arm-none-eabi/lib/thumb/v7e-m+fp/hard\libc_nano.a(lib_a-mlock.o)
                0x0000000008007c24                __malloc_unlock
 .text._realloc_r
                0x0000000008007c30       0x4c f:/idecube/stm32cubeide_1.6.1/stm32cubeide/plugins/com.st.stm32cube.ide.mcu.externaltools.gnu-tools-for-stm32.9-2020-q2-update.win32_1.5.0.202011040924/tools/bin/../lib/gcc/arm-none-eabi/9.3.1/../../../../arm-none-eabi/lib/thumb/v7e-m+fp/hard\libc_nano.a(lib_a-nano-reallocr.o)
                0x0000000008007c30                _realloc_r
 .text.__sfputc_r
                0x0000000008007c7c       0x2e f:/idecube/stm32cubeide_1.6.1/stm32cubeide/plugins/com.st.stm32cube.ide.mcu.externaltools.gnu-tools-for-stm32.9-2020-q2-update.win32_1.5.0.202011040924/tools/bin/../lib/gcc/arm-none-eabi/9.3.1/../../../../arm-none-eabi/lib/thumb/v7e-m+fp/hard\libc_nano.a(lib_a-nano-vfprintf.o)
 .text.__sfputs_r
                0x0000000008007caa       0x24 f:/idecube/stm32cubeide_1.6.1/stm32cubeide/plugins/com.st.stm32cube.ide.mcu.externaltools.gnu-tools-for-stm32.9-2020-q2-update.win32_1.5.0.202011040924/tools/bin/../lib/gcc/arm-none-eabi/9.3.1/../../../../arm-none-eabi/lib/thumb/v7e-m+fp/hard\libc_nano.a(lib_a-nano-vfprintf.o)
                0x0000000008007caa                __sfputs_r
 *fill*         0x0000000008007cce        0x2 
 .text._vfprintf_r
                0x0000000008007cd0      0x260 f:/idecube/stm32cubeide_1.6.1/stm32cubeide/plugins/com.st.stm32cube.ide.mcu.externaltools.gnu-tools-for-stm32.9-2020-q2-update.win32_1.5.0.202011040924/tools/bin/../lib/gcc/arm-none-eabi/9.3.1/../../../../arm-none-eabi/lib/thumb/v7e-m+fp/hard\libc_nano.a(lib_a-nano-vfprintf.o)
                0x0000000008007cd0                _vfprintf_r
                0x0000000008007cd0                _vfiprintf_r
 .text.__swbuf_r
                0x0000000008007f30       0xa4 f:/idecube/stm32cubeide_1.6.1/stm32cubeide/plugins/com.st.stm32cube.ide.mcu.externaltools.gnu-tools-for-stm32.9-2020-q2-update.win32_1.5.0.202011040924/tools/bin/../lib/gcc/arm-none-eabi/9.3.1/../../../../arm-none-eabi/lib/thumb/v7e-m+fp/hard\libc_nano.a(lib_a-wbuf.o)
                0x0000000008007f30                __swbuf_r
 .text.__ascii_wctomb
                0x0000000008007fd4       0x1a f:/idecube/stm32cubeide_1.6.1/stm32cubeide/plugins/com.st.stm32cube.ide.mcu.externaltools.gnu-tools-for-stm32.9-2020-q2-update.win32_1.5.0.202011040924/tools/bin/../lib/gcc/arm-none-eabi/9.3.1/../../../../arm-none-eabi/lib/thumb/v7e-m+fp/hard\libc_nano.a(lib_a-wctomb_r.o)
                0x0000000008007fd4                __ascii_wctomb
 *fill*         0x0000000008007fee        0x2 
 .text.__swsetup_r
                0x0000000008007ff0       0xdc f:/idecube/stm32cubeide_1.6.1/stm32cubeide/plugins/com.st.stm32cube.ide.mcu.externaltools.gnu-tools-for-stm32.9-2020-q2-update.win32_1.5.0.202011040924/tools/bin/../lib/gcc/arm-none-eabi/9.3.1/../../../../arm-none-eabi/lib/thumb/v7e-m+fp/hard\libc_nano.a(lib_a-wsetup.o)
                0x0000000008007ff0                __swsetup_r
 .text.abort    0x00000000080080cc        0xe f:/idecube/stm32cubeide_1.6.1/stm32cubeide/plugins/com.st.stm32cube.ide.mcu.externaltools.gnu-tools-for-stm32.9-2020-q2-update.win32_1.5.0.202011040924/tools/bin/../lib/gcc/arm-none-eabi/9.3.1/../../../../arm-none-eabi/lib/thumb/v7e-m+fp/hard\libc_nano.a(lib_a-abort.o)
                0x00000000080080cc                abort
 *fill*         0x00000000080080da        0x2 
 .text.__sflush_r
                0x00000000080080dc      0x10c f:/idecube/stm32cubeide_1.6.1/stm32cubeide/plugins/com.st.stm32cube.ide.mcu.externaltools.gnu-tools-for-stm32.9-2020-q2-update.win32_1.5.0.202011040924/tools/bin/../lib/gcc/arm-none-eabi/9.3.1/../../../../arm-none-eabi/lib/thumb/v7e-m+fp/hard\libc_nano.a(lib_a-fflush.o)
                0x00000000080080dc                __sflush_r
 .text._fflush_r
                0x00000000080081e8       0x78 f:/idecube/stm32cubeide_1.6.1/stm32cubeide/plugins/com.st.stm32cube.ide.mcu.externaltools.gnu-tools-for-stm32.9-2020-q2-update.win32_1.5.0.202011040924/tools/bin/../lib/gcc/arm-none-eabi/9.3.1/../../../../arm-none-eabi/lib/thumb/v7e-m+fp/hard\libc_nano.a(lib_a-fflush.o)
                0x00000000080081e8                _fflush_r
 .text.std      0x0000000008008260       0x48 f:/idecube/stm32cubeide_1.6.1/stm32cubeide/plugins/com.st.stm32cube.ide.mcu.externaltools.gnu-tools-for-stm32.9-2020-q2-update.win32_1.5.0.202011040924/tools/bin/../lib/gcc/arm-none-eabi/9.3.1/../../../../arm-none-eabi/lib/thumb/v7e-m+fp/hard\libc_nano.a(lib_a-findfp.o)
 .text._cleanup_r
                0x00000000080082a8        0xc f:/idecube/stm32cubeide_1.6.1/stm32cubeide/plugins/com.st.stm32cube.ide.mcu.externaltools.gnu-tools-for-stm32.9-2020-q2-update.win32_1.5.0.202011040924/tools/bin/../lib/gcc/arm-none-eabi/9.3.1/../../../../arm-none-eabi/lib/thumb/v7e-m+fp/hard\libc_nano.a(lib_a-findfp.o)
                0x00000000080082a8                _cleanup_r
 .text.__sfmoreglue
                0x00000000080082b4       0x2c f:/idecube/stm32cubeide_1.6.1/stm32cubeide/plugins/com.st.stm32cube.ide.mcu.externaltools.gnu-tools-for-stm32.9-2020-q2-update.win32_1.5.0.202011040924/tools/bin/../lib/gcc/arm-none-eabi/9.3.1/../../../../arm-none-eabi/lib/thumb/v7e-m+fp/hard\libc_nano.a(lib_a-findfp.o)
                0x00000000080082b4                __sfmoreglue
 .text.__sfp_lock_acquire
                0x00000000080082e0        0xc f:/idecube/stm32cubeide_1.6.1/stm32cubeide/plugins/com.st.stm32cube.ide.mcu.externaltools.gnu-tools-for-stm32.9-2020-q2-update.win32_1.5.0.202011040924/tools/bin/../lib/gcc/arm-none-eabi/9.3.1/../../../../arm-none-eabi/lib/thumb/v7e-m+fp/hard\libc_nano.a(lib_a-findfp.o)
                0x00000000080082e0                __sfp_lock_acquire
 .text.__sfp_lock_release
                0x00000000080082ec        0xc f:/idecube/stm32cubeide_1.6.1/stm32cubeide/plugins/com.st.stm32cube.ide.mcu.externaltools.gnu-tools-for-stm32.9-2020-q2-update.win32_1.5.0.202011040924/tools/bin/../lib/gcc/arm-none-eabi/9.3.1/../../../../arm-none-eabi/lib/thumb/v7e-m+fp/hard\libc_nano.a(lib_a-findfp.o)
                0x00000000080082ec                __sfp_lock_release
 .text.__sinit_lock_acquire
                0x00000000080082f8        0xc f:/idecube/stm32cubeide_1.6.1/stm32cubeide/plugins/com.st.stm32cube.ide.mcu.externaltools.gnu-tools-for-stm32.9-2020-q2-update.win32_1.5.0.202011040924/tools/bin/../lib/gcc/arm-none-eabi/9.3.1/../../../../arm-none-eabi/lib/thumb/v7e-m+fp/hard\libc_nano.a(lib_a-findfp.o)
                0x00000000080082f8                __sinit_lock_acquire
 .text.__sinit_lock_release
                0x0000000008008304        0xc f:/idecube/stm32cubeide_1.6.1/stm32cubeide/plugins/com.st.stm32cube.ide.mcu.externaltools.gnu-tools-for-stm32.9-2020-q2-update.win32_1.5.0.202011040924/tools/bin/../lib/gcc/arm-none-eabi/9.3.1/../../../../arm-none-eabi/lib/thumb/v7e-m+fp/hard\libc_nano.a(lib_a-findfp.o)
                0x0000000008008304                __sinit_lock_release
 .text.__sinit  0x0000000008008310       0x70 f:/idecube/stm32cubeide_1.6.1/stm32cubeide/plugins/com.st.stm32cube.ide.mcu.externaltools.gnu-tools-for-stm32.9-2020-q2-update.win32_1.5.0.202011040924/tools/bin/../lib/gcc/arm-none-eabi/9.3.1/../../../../arm-none-eabi/lib/thumb/v7e-m+fp/hard\libc_nano.a(lib_a-findfp.o)
                0x0000000008008310                __sinit
 .text.__sfp    0x0000000008008380       0x8c f:/idecube/stm32cubeide_1.6.1/stm32cubeide/plugins/com.st.stm32cube.ide.mcu.externaltools.gnu-tools-for-stm32.9-2020-q2-update.win32_1.5.0.202011040924/tools/bin/../lib/gcc/arm-none-eabi/9.3.1/../../../../arm-none-eabi/lib/thumb/v7e-m+fp/hard\libc_nano.a(lib_a-findfp.o)
                0x0000000008008380                __sfp
 .text._fwalk_reent
                0x000000000800840c       0x3e f:/idecube/stm32cubeide_1.6.1/stm32cubeide/plugins/com.st.stm32cube.ide.mcu.externaltools.gnu-tools-for-stm32.9-2020-q2-update.win32_1.5.0.202011040924/tools/bin/../lib/gcc/arm-none-eabi/9.3.1/../../../../arm-none-eabi/lib/thumb/v7e-m+fp/hard\libc_nano.a(lib_a-fwalk.o)
                0x000000000800840c                _fwalk_reent
 .text.__retarget_lock_init_recursive
                0x000000000800844a        0x2 f:/idecube/stm32cubeide_1.6.1/stm32cubeide/plugins/com.st.stm32cube.ide.mcu.externaltools.gnu-tools-for-stm32.9-2020-q2-update.win32_1.5.0.202011040924/tools/bin/../lib/gcc/arm-none-eabi/9.3.1/../../../../arm-none-eabi/lib/thumb/v7e-m+fp/hard\libc_nano.a(lib_a-lock.o)
                0x000000000800844a                __retarget_lock_init_recursive
 .text.__retarget_lock_acquire_recursive
                0x000000000800844c        0x2 f:/idecube/stm32cubeide_1.6.1/stm32cubeide/plugins/com.st.stm32cube.ide.mcu.externaltools.gnu-tools-for-stm32.9-2020-q2-update.win32_1.5.0.202011040924/tools/bin/../lib/gcc/arm-none-eabi/9.3.1/../../../../arm-none-eabi/lib/thumb/v7e-m+fp/hard\libc_nano.a(lib_a-lock.o)
                0x000000000800844c                __retarget_lock_acquire_recursive
 .text.__retarget_lock_release_recursive
                0x000000000800844e        0x2 f:/idecube/stm32cubeide_1.6.1/stm32cubeide/plugins/com.st.stm32cube.ide.mcu.externaltools.gnu-tools-for-stm32.9-2020-q2-update.win32_1.5.0.202011040924/tools/bin/../lib/gcc/arm-none-eabi/9.3.1/../../../../arm-none-eabi/lib/thumb/v7e-m+fp/hard\libc_nano.a(lib_a-lock.o)
                0x000000000800844e                __retarget_lock_release_recursive
 .text.__swhatbuf_r
                0x0000000008008450       0x48 f:/idecube/stm32cubeide_1.6.1/stm32cubeide/plugins/com.st.stm32cube.ide.mcu.externaltools.gnu-tools-for-stm32.9-2020-q2-update.win32_1.5.0.202011040924/tools/bin/../lib/gcc/arm-none-eabi/9.3.1/../../../../arm-none-eabi/lib/thumb/v7e-m+fp/hard\libc_nano.a(lib_a-makebuf.o)
                0x0000000008008450                __swhatbuf_r
 .text.__smakebuf_r
                0x0000000008008498       0x80 f:/idecube/stm32cubeide_1.6.1/stm32cubeide/plugins/com.st.stm32cube.ide.mcu.externaltools.gnu-tools-for-stm32.9-2020-q2-update.win32_1.5.0.202011040924/tools/bin/../lib/gcc/arm-none-eabi/9.3.1/../../../../arm-none-eabi/lib/thumb/v7e-m+fp/hard\libc_nano.a(lib_a-makebuf.o)
                0x0000000008008498                __smakebuf_r
 .text._malloc_usable_size_r
                0x0000000008008518       0x10 f:/idecube/stm32cubeide_1.6.1/stm32cubeide/plugins/com.st.stm32cube.ide.mcu.externaltools.gnu-tools-for-stm32.9-2020-q2-update.win32_1.5.0.202011040924/tools/bin/../lib/gcc/arm-none-eabi/9.3.1/../../../../arm-none-eabi/lib/thumb/v7e-m+fp/hard\libc_nano.a(lib_a-nano-msizer.o)
                0x0000000008008518                _malloc_usable_size_r
 .text._raise_r
                0x0000000008008528       0x50 f:/idecube/stm32cubeide_1.6.1/stm32cubeide/plugins/com.st.stm32cube.ide.mcu.externaltools.gnu-tools-for-stm32.9-2020-q2-update.win32_1.5.0.202011040924/tools/bin/../lib/gcc/arm-none-eabi/9.3.1/../../../../arm-none-eabi/lib/thumb/v7e-m+fp/hard\libc_nano.a(lib_a-signal.o)
                0x0000000008008528                _raise_r
 .text.raise    0x0000000008008578       0x10 f:/idecube/stm32cubeide_1.6.1/stm32cubeide/plugins/com.st.stm32cube.ide.mcu.externaltools.gnu-tools-for-stm32.9-2020-q2-update.win32_1.5.0.202011040924/tools/bin/../lib/gcc/arm-none-eabi/9.3.1/../../../../arm-none-eabi/lib/thumb/v7e-m+fp/hard\libc_nano.a(lib_a-signal.o)
                0x0000000008008578                raise
 .text._kill_r  0x0000000008008588       0x24 f:/idecube/stm32cubeide_1.6.1/stm32cubeide/plugins/com.st.stm32cube.ide.mcu.externaltools.gnu-tools-for-stm32.9-2020-q2-update.win32_1.5.0.202011040924/tools/bin/../lib/gcc/arm-none-eabi/9.3.1/../../../../arm-none-eabi/lib/thumb/v7e-m+fp/hard\libc_nano.a(lib_a-signalr.o)
                0x0000000008008588                _kill_r
 .text._getpid_r
                0x00000000080085ac        0x4 f:/idecube/stm32cubeide_1.6.1/stm32cubeide/plugins/com.st.stm32cube.ide.mcu.externaltools.gnu-tools-for-stm32.9-2020-q2-update.win32_1.5.0.202011040924/tools/bin/../lib/gcc/arm-none-eabi/9.3.1/../../../../arm-none-eabi/lib/thumb/v7e-m+fp/hard\libc_nano.a(lib_a-signalr.o)
                0x00000000080085ac                _getpid_r
 .text.__sread  0x00000000080085b0       0x22 f:/idecube/stm32cubeide_1.6.1/stm32cubeide/plugins/com.st.stm32cube.ide.mcu.externaltools.gnu-tools-for-stm32.9-2020-q2-update.win32_1.5.0.202011040924/tools/bin/../lib/gcc/arm-none-eabi/9.3.1/../../../../arm-none-eabi/lib/thumb/v7e-m+fp/hard\libc_nano.a(lib_a-stdio.o)
                0x00000000080085b0                __sread
 .text.__swrite
                0x00000000080085d2       0x38 f:/idecube/stm32cubeide_1.6.1/stm32cubeide/plugins/com.st.stm32cube.ide.mcu.externaltools.gnu-tools-for-stm32.9-2020-q2-update.win32_1.5.0.202011040924/tools/bin/../lib/gcc/arm-none-eabi/9.3.1/../../../../arm-none-eabi/lib/thumb/v7e-m+fp/hard\libc_nano.a(lib_a-stdio.o)
                0x00000000080085d2                __swrite
 .text.__sseek  0x000000000800860a       0x24 f:/idecube/stm32cubeide_1.6.1/stm32cubeide/plugins/com.st.stm32cube.ide.mcu.externaltools.gnu-tools-for-stm32.9-2020-q2-update.win32_1.5.0.202011040924/tools/bin/../lib/gcc/arm-none-eabi/9.3.1/../../../../arm-none-eabi/lib/thumb/v7e-m+fp/hard\libc_nano.a(lib_a-stdio.o)
                0x000000000800860a                __sseek
 .text.__sclose
                0x000000000800862e        0x8 f:/idecube/stm32cubeide_1.6.1/stm32cubeide/plugins/com.st.stm32cube.ide.mcu.externaltools.gnu-tools-for-stm32.9-2020-q2-update.win32_1.5.0.202011040924/tools/bin/../lib/gcc/arm-none-eabi/9.3.1/../../../../arm-none-eabi/lib/thumb/v7e-m+fp/hard\libc_nano.a(lib_a-stdio.o)
                0x000000000800862e                __sclose
 *fill*         0x0000000008008636        0x2 
 .text._write_r
                0x0000000008008638       0x24 f:/idecube/stm32cubeide_1.6.1/stm32cubeide/plugins/com.st.stm32cube.ide.mcu.externaltools.gnu-tools-for-stm32.9-2020-q2-update.win32_1.5.0.202011040924/tools/bin/../lib/gcc/arm-none-eabi/9.3.1/../../../../arm-none-eabi/lib/thumb/v7e-m+fp/hard\libc_nano.a(lib_a-writer.o)
                0x0000000008008638                _write_r
 .text._close_r
                0x000000000800865c       0x20 f:/idecube/stm32cubeide_1.6.1/stm32cubeide/plugins/com.st.stm32cube.ide.mcu.externaltools.gnu-tools-for-stm32.9-2020-q2-update.win32_1.5.0.202011040924/tools/bin/../lib/gcc/arm-none-eabi/9.3.1/../../../../arm-none-eabi/lib/thumb/v7e-m+fp/hard\libc_nano.a(lib_a-closer.o)
                0x000000000800865c                _close_r
 .text._fstat_r
                0x000000000800867c       0x24 f:/idecube/stm32cubeide_1.6.1/stm32cubeide/plugins/com.st.stm32cube.ide.mcu.externaltools.gnu-tools-for-stm32.9-2020-q2-update.win32_1.5.0.202011040924/tools/bin/../lib/gcc/arm-none-eabi/9.3.1/../../../../arm-none-eabi/lib/thumb/v7e-m+fp/hard\libc_nano.a(lib_a-fstatr.o)
                0x000000000800867c                _fstat_r
 .text._isatty_r
                0x00000000080086a0       0x20 f:/idecube/stm32cubeide_1.6.1/stm32cubeide/plugins/com.st.stm32cube.ide.mcu.externaltools.gnu-tools-for-stm32.9-2020-q2-update.win32_1.5.0.202011040924/tools/bin/../lib/gcc/arm-none-eabi/9.3.1/../../../../arm-none-eabi/lib/thumb/v7e-m+fp/hard\libc_nano.a(lib_a-isattyr.o)
                0x00000000080086a0                _isatty_r
 .text._lseek_r
                0x00000000080086c0       0x24 f:/idecube/stm32cubeide_1.6.1/stm32cubeide/plugins/com.st.stm32cube.ide.mcu.externaltools.gnu-tools-for-stm32.9-2020-q2-update.win32_1.5.0.202011040924/tools/bin/../lib/gcc/arm-none-eabi/9.3.1/../../../../arm-none-eabi/lib/thumb/v7e-m+fp/hard\libc_nano.a(lib_a-lseekr.o)
                0x00000000080086c0                _lseek_r
 .text._read_r  0x00000000080086e4       0x24 f:/idecube/stm32cubeide_1.6.1/stm32cubeide/plugins/com.st.stm32cube.ide.mcu.externaltools.gnu-tools-for-stm32.9-2020-q2-update.win32_1.5.0.202011040924/tools/bin/../lib/gcc/arm-none-eabi/9.3.1/../../../../arm-none-eabi/lib/thumb/v7e-m+fp/hard\libc_nano.a(lib_a-readr.o)
                0x00000000080086e4                _read_r
 .text.sqrtf    0x0000000008008708       0x4c f:/idecube/stm32cubeide_1.6.1/stm32cubeide/plugins/com.st.stm32cube.ide.mcu.externaltools.gnu-tools-for-stm32.9-2020-q2-update.win32_1.5.0.202011040924/tools/bin/../lib/gcc/arm-none-eabi/9.3.1/../../../../arm-none-eabi/lib/thumb/v7e-m+fp/hard\libm.a(lib_a-wf_sqrt.o)
                0x0000000008008708                sqrtf
 .text.__ieee754_sqrtf
                0x0000000008008754        0x6 f:/idecube/stm32cubeide_1.6.1/stm32cubeide/plugins/com.st.stm32cube.ide.mcu.externaltools.gnu-tools-for-stm32.9-2020-q2-update.win32_1.5.0.202011040924/tools/bin/../lib/gcc/arm-none-eabi/9.3.1/../../../../arm-none-eabi/lib/thumb/v7e-m+fp/hard\libm.a(lib_a-ef_sqrt.o)
                0x0000000008008754                __ieee754_sqrtf
 *(.glue_7)
 .glue_7        0x000000000800875a        0x0 linker stubs
 *(.glue_7t)
 .glue_7t       0x000000000800875a        0x0 linker stubs
 *(.eh_frame)
 *fill*         0x000000000800875a        0x2 
 .eh_frame      0x000000000800875c        0x0 f:/idecube/stm32cubeide_1.6.1/stm32cubeide/plugins/com.st.stm32cube.ide.mcu.externaltools.gnu-tools-for-stm32.9-2020-q2-update.win32_1.5.0.202011040924/tools/bin/../lib/gcc/arm-none-eabi/9.3.1/thumb/v7e-m+fp/hard/crtbegin.o
 *(.init)
 .init          0x000000000800875c        0x4 f:/idecube/stm32cubeide_1.6.1/stm32cubeide/plugins/com.st.stm32cube.ide.mcu.externaltools.gnu-tools-for-stm32.9-2020-q2-update.win32_1.5.0.202011040924/tools/bin/../lib/gcc/arm-none-eabi/9.3.1/thumb/v7e-m+fp/hard/crti.o
                0x000000000800875c                _init
 .init          0x0000000008008760        0x8 f:/idecube/stm32cubeide_1.6.1/stm32cubeide/plugins/com.st.stm32cube.ide.mcu.externaltools.gnu-tools-for-stm32.9-2020-q2-update.win32_1.5.0.202011040924/tools/bin/../lib/gcc/arm-none-eabi/9.3.1/thumb/v7e-m+fp/hard/crtn.o
 *(.fini)
 .fini          0x0000000008008768        0x4 f:/idecube/stm32cubeide_1.6.1/stm32cubeide/plugins/com.st.stm32cube.ide.mcu.externaltools.gnu-tools-for-stm32.9-2020-q2-update.win32_1.5.0.202011040924/tools/bin/../lib/gcc/arm-none-eabi/9.3.1/thumb/v7e-m+fp/hard/crti.o
                0x0000000008008768                _fini
 .fini          0x000000000800876c        0x8 f:/idecube/stm32cubeide_1.6.1/stm32cubeide/plugins/com.st.stm32cube.ide.mcu.externaltools.gnu-tools-for-stm32.9-2020-q2-update.win32_1.5.0.202011040924/tools/bin/../lib/gcc/arm-none-eabi/9.3.1/thumb/v7e-m+fp/hard/crtn.o
                0x0000000008008774                . = ALIGN (0x4)
                0x0000000008008774                _etext = .

.vfp11_veneer   0x0000000008008774        0x0
 .vfp11_veneer  0x0000000008008774        0x0 linker stubs

.v4_bx          0x0000000008008774        0x0
 .v4_bx         0x0000000008008774        0x0 linker stubs

.iplt           0x0000000008008774        0x0
 .iplt          0x0000000008008774        0x0 f:/idecube/stm32cubeide_1.6.1/stm32cubeide/plugins/com.st.stm32cube.ide.mcu.externaltools.gnu-tools-for-stm32.9-2020-q2-update.win32_1.5.0.202011040924/tools/bin/../lib/gcc/arm-none-eabi/9.3.1/thumb/v7e-m+fp/hard/crtbegin.o

.rodata         0x0000000008008778    0x4724c
                0x0000000008008778                . = ALIGN (0x4)
 *(.rodata)
 .rodata        0x0000000008008778       0x59 Core/Src/main.o
 *(.rodata*)
 *fill*         0x00000000080087d1        0x3 
 .rodata.Font11x18
                0x00000000080087d4      0xd5c Core/Src/fonts.o
 .rodata.fon_img_160x128
                0x0000000008009530     0xa000 Core/Src/main.o
                0x0000000008009530                fon_img_160x128
 .rodata.imege1peview_160x128
                0x0000000008013530     0xa000 Core/Src/main.o
                0x0000000008013530                imege1peview_160x128
 .rodata.ChargeIsOver_160x128
                0x000000000801d530     0xa000 Core/Src/main.o
                0x000000000801d530                ChargeIsOver_160x128
 .rodata.ConnectorRemoved_160x128
                0x0000000008027530     0xa000 Core/Src/main.o
                0x0000000008027530                ConnectorRemoved_160x128
 .rodata.PlagInConnector_160x128
                0x0000000008031530     0xa000 Core/Src/main.o
                0x0000000008031530                PlagInConnector_160x128
 .rodata.WaitStart_160x128
                0x000000000803b530     0xa000 Core/Src/main.o
                0x000000000803b530                WaitStart_160x128
 .rodata.ChargeStart_160x128
                0x0000000008045530     0xa000 Core/Src/main.o
                0x0000000008045530                ChargeStart_160x128
 .rodata.init_cmds1
                0x000000000804f530       0x3b Core/Src/st7735.o
 *fill*         0x000000000804f56b        0x1 
 .rodata.init_cmds2
                0x000000000804f56c        0xd Core/Src/st7735.o
 *fill*         0x000000000804f579        0x3 
 .rodata.init_cmds3
                0x000000000804f57c       0x2b Core/Src/st7735.o
 *fill*         0x000000000804f5a7        0x1 
 .rodata.AHBPrescTable
                0x000000000804f5a8       0x10 Core/Src/system_stm32f7xx.o
                0x000000000804f5a8                AHBPrescTable
 .rodata._global_impure_ptr
                0x000000000804f5b8        0x4 f:/idecube/stm32cubeide_1.6.1/stm32cubeide/plugins/com.st.stm32cube.ide.mcu.externaltools.gnu-tools-for-stm32.9-2020-q2-update.win32_1.5.0.202011040924/tools/bin/../lib/gcc/arm-none-eabi/9.3.1/../../../../arm-none-eabi/lib/thumb/v7e-m+fp/hard\libc_nano.a(lib_a-impure.o)
                0x000000000804f5b8                _global_impure_ptr
 .rodata._printf_float.str1.1
                0x000000000804f5bc       0x12 f:/idecube/stm32cubeide_1.6.1/stm32cubeide/plugins/com.st.stm32cube.ide.mcu.externaltools.gnu-tools-for-stm32.9-2020-q2-update.win32_1.5.0.202011040924/tools/bin/../lib/gcc/arm-none-eabi/9.3.1/../../../../arm-none-eabi/lib/thumb/v7e-m+fp/hard\libc_nano.a(lib_a-nano-vfprintf_float.o)
 .rodata._printf_i.str1.1
                0x000000000804f5ce       0x22 f:/idecube/stm32cubeide_1.6.1/stm32cubeide/plugins/com.st.stm32cube.ide.mcu.externaltools.gnu-tools-for-stm32.9-2020-q2-update.win32_1.5.0.202011040924/tools/bin/../lib/gcc/arm-none-eabi/9.3.1/../../../../arm-none-eabi/lib/thumb/v7e-m+fp/hard\libc_nano.a(lib_a-nano-vfprintf_i.o)
 .rodata.__utoa.str1.1
                0x000000000804f5f0       0x25 f:/idecube/stm32cubeide_1.6.1/stm32cubeide/plugins/com.st.stm32cube.ide.mcu.externaltools.gnu-tools-for-stm32.9-2020-q2-update.win32_1.5.0.202011040924/tools/bin/../lib/gcc/arm-none-eabi/9.3.1/../../../../arm-none-eabi/lib/thumb/v7e-m+fp/hard\libc_nano.a(lib_a-utoa.o)
 .rodata._dtoa_r.str1.1
                0x000000000804f615       0x94 f:/idecube/stm32cubeide_1.6.1/stm32cubeide/plugins/com.st.stm32cube.ide.mcu.externaltools.gnu-tools-for-stm32.9-2020-q2-update.win32_1.5.0.202011040924/tools/bin/../lib/gcc/arm-none-eabi/9.3.1/../../../../arm-none-eabi/lib/thumb/v7e-m+fp/hard\libc_nano.a(lib_a-dtoa.o)
                                         0x96 (size before relaxing)
 .rodata._Balloc.str1.1
                0x000000000804f6a9       0x60 f:/idecube/stm32cubeide_1.6.1/stm32cubeide/plugins/com.st.stm32cube.ide.mcu.externaltools.gnu-tools-for-stm32.9-2020-q2-update.win32_1.5.0.202011040924/tools/bin/../lib/gcc/arm-none-eabi/9.3.1/../../../../arm-none-eabi/lib/thumb/v7e-m+fp/hard\libc_nano.a(lib_a-mprec.o)
                                         0x77 (size before relaxing)
 .rodata.__multadd.str1.1
                0x000000000804f709       0x11 f:/idecube/stm32cubeide_1.6.1/stm32cubeide/plugins/com.st.stm32cube.ide.mcu.externaltools.gnu-tools-for-stm32.9-2020-q2-update.win32_1.5.0.202011040924/tools/bin/../lib/gcc/arm-none-eabi/9.3.1/../../../../arm-none-eabi/lib/thumb/v7e-m+fp/hard\libc_nano.a(lib_a-mprec.o)
 *fill*         0x000000000804f709        0x7 
 .rodata.__mprec_bigtens
                0x000000000804f710       0x28 f:/idecube/stm32cubeide_1.6.1/stm32cubeide/plugins/com.st.stm32cube.ide.mcu.externaltools.gnu-tools-for-stm32.9-2020-q2-update.win32_1.5.0.202011040924/tools/bin/../lib/gcc/arm-none-eabi/9.3.1/../../../../arm-none-eabi/lib/thumb/v7e-m+fp/hard\libc_nano.a(lib_a-mprec.o)
                0x000000000804f710                __mprec_bigtens
 .rodata.__mprec_tens
                0x000000000804f738       0xc8 f:/idecube/stm32cubeide_1.6.1/stm32cubeide/plugins/com.st.stm32cube.ide.mcu.externaltools.gnu-tools-for-stm32.9-2020-q2-update.win32_1.5.0.202011040924/tools/bin/../lib/gcc/arm-none-eabi/9.3.1/../../../../arm-none-eabi/lib/thumb/v7e-m+fp/hard\libc_nano.a(lib_a-mprec.o)
                0x000000000804f738                __mprec_tens
 .rodata.p05.7513
                0x000000000804f800        0xc f:/idecube/stm32cubeide_1.6.1/stm32cubeide/plugins/com.st.stm32cube.ide.mcu.externaltools.gnu-tools-for-stm32.9-2020-q2-update.win32_1.5.0.202011040924/tools/bin/../lib/gcc/arm-none-eabi/9.3.1/../../../../arm-none-eabi/lib/thumb/v7e-m+fp/hard\libc_nano.a(lib_a-mprec.o)
 .rodata._svfprintf_r.str1.1
                0x000000000804f80c       0x11 f:/idecube/stm32cubeide_1.6.1/stm32cubeide/plugins/com.st.stm32cube.ide.mcu.externaltools.gnu-tools-for-stm32.9-2020-q2-update.win32_1.5.0.202011040924/tools/bin/../lib/gcc/arm-none-eabi/9.3.1/../../../../arm-none-eabi/lib/thumb/v7e-m+fp/hard\libc_nano.a(lib_a-nano-svfprintf.o)
 .rodata.__assert_func.str1.1
                0x000000000804f81d       0x3c f:/idecube/stm32cubeide_1.6.1/stm32cubeide/plugins/com.st.stm32cube.ide.mcu.externaltools.gnu-tools-for-stm32.9-2020-q2-update.win32_1.5.0.202011040924/tools/bin/../lib/gcc/arm-none-eabi/9.3.1/../../../../arm-none-eabi/lib/thumb/v7e-m+fp/hard\libc_nano.a(lib_a-assert.o)
                                         0x3d (size before relaxing)
 .rodata._setlocale_r.str1.1
                0x000000000804f859        0x8 f:/idecube/stm32cubeide_1.6.1/stm32cubeide/plugins/com.st.stm32cube.ide.mcu.externaltools.gnu-tools-for-stm32.9-2020-q2-update.win32_1.5.0.202011040924/tools/bin/../lib/gcc/arm-none-eabi/9.3.1/../../../../arm-none-eabi/lib/thumb/v7e-m+fp/hard\libc_nano.a(lib_a-locale.o)
                                          0x9 (size before relaxing)
 .rodata.str1.1
                0x000000000804f861        0x2 f:/idecube/stm32cubeide_1.6.1/stm32cubeide/plugins/com.st.stm32cube.ide.mcu.externaltools.gnu-tools-for-stm32.9-2020-q2-update.win32_1.5.0.202011040924/tools/bin/../lib/gcc/arm-none-eabi/9.3.1/../../../../arm-none-eabi/lib/thumb/v7e-m+fp/hard\libc_nano.a(lib_a-locale.o)
 .rodata._vfprintf_r.str1.1
                0x000000000804f863       0x11 f:/idecube/stm32cubeide_1.6.1/stm32cubeide/plugins/com.st.stm32cube.ide.mcu.externaltools.gnu-tools-for-stm32.9-2020-q2-update.win32_1.5.0.202011040924/tools/bin/../lib/gcc/arm-none-eabi/9.3.1/../../../../arm-none-eabi/lib/thumb/v7e-m+fp/hard\libc_nano.a(lib_a-nano-vfprintf.o)
 .rodata._ctype_
                0x000000000804f863      0x101 f:/idecube/stm32cubeide_1.6.1/stm32cubeide/plugins/com.st.stm32cube.ide.mcu.externaltools.gnu-tools-for-stm32.9-2020-q2-update.win32_1.5.0.202011040924/tools/bin/../lib/gcc/arm-none-eabi/9.3.1/../../../../arm-none-eabi/lib/thumb/v7e-m+fp/hard\libc_nano.a(lib_a-ctype_.o)
                0x000000000804f863                _ctype_
 .rodata.__sf_fake_stderr
                0x000000000804f964       0x20 f:/idecube/stm32cubeide_1.6.1/stm32cubeide/plugins/com.st.stm32cube.ide.mcu.externaltools.gnu-tools-for-stm32.9-2020-q2-update.win32_1.5.0.202011040924/tools/bin/../lib/gcc/arm-none-eabi/9.3.1/../../../../arm-none-eabi/lib/thumb/v7e-m+fp/hard\libc_nano.a(lib_a-findfp.o)
                0x000000000804f964                __sf_fake_stderr
 .rodata.__sf_fake_stdin
                0x000000000804f984       0x20 f:/idecube/stm32cubeide_1.6.1/stm32cubeide/plugins/com.st.stm32cube.ide.mcu.externaltools.gnu-tools-for-stm32.9-2020-q2-update.win32_1.5.0.202011040924/tools/bin/../lib/gcc/arm-none-eabi/9.3.1/../../../../arm-none-eabi/lib/thumb/v7e-m+fp/hard\libc_nano.a(lib_a-findfp.o)
                0x000000000804f984                __sf_fake_stdin
 .rodata.__sf_fake_stdout
                0x000000000804f9a4       0x20 f:/idecube/stm32cubeide_1.6.1/stm32cubeide/plugins/com.st.stm32cube.ide.mcu.externaltools.gnu-tools-for-stm32.9-2020-q2-update.win32_1.5.0.202011040924/tools/bin/../lib/gcc/arm-none-eabi/9.3.1/../../../../arm-none-eabi/lib/thumb/v7e-m+fp/hard\libc_nano.a(lib_a-findfp.o)
                0x000000000804f9a4                __sf_fake_stdout
                0x000000000804f9c4                . = ALIGN (0x4)

.ARM.extab      0x000000000804f9c4        0x0
                0x000000000804f9c4                . = ALIGN (0x4)
 *(.ARM.extab* .gnu.linkonce.armextab.*)
                0x000000000804f9c4                . = ALIGN (0x4)

.ARM            0x000000000804f9c4        0x8
                0x000000000804f9c4                . = ALIGN (0x4)
                0x000000000804f9c4                __exidx_start = .
 *(.ARM.exidx*)
 .ARM.exidx     0x000000000804f9c4        0x8 f:/idecube/stm32cubeide_1.6.1/stm32cubeide/plugins/com.st.stm32cube.ide.mcu.externaltools.gnu-tools-for-stm32.9-2020-q2-update.win32_1.5.0.202011040924/tools/bin/../lib/gcc/arm-none-eabi/9.3.1/thumb/v7e-m+fp/hard\libgcc.a(_udivmoddi4.o)
                0x000000000804f9cc                __exidx_end = .
                0x000000000804f9cc                . = ALIGN (0x4)

.rel.dyn        0x000000000804f9cc        0x0
 .rel.iplt      0x000000000804f9cc        0x0 f:/idecube/stm32cubeide_1.6.1/stm32cubeide/plugins/com.st.stm32cube.ide.mcu.externaltools.gnu-tools-for-stm32.9-2020-q2-update.win32_1.5.0.202011040924/tools/bin/../lib/gcc/arm-none-eabi/9.3.1/thumb/v7e-m+fp/hard/crtbegin.o

.preinit_array  0x000000000804f9cc        0x0
                0x000000000804f9cc                . = ALIGN (0x4)
                0x000000000804f9cc                PROVIDE (__preinit_array_start = .)
 *(.preinit_array*)
                0x000000000804f9cc                PROVIDE (__preinit_array_end = .)
                0x000000000804f9cc                . = ALIGN (0x4)

.init_array     0x000000000804f9cc        0x4
                0x000000000804f9cc                . = ALIGN (0x4)
                0x000000000804f9cc                PROVIDE (__init_array_start = .)
 *(SORT_BY_NAME(.init_array.*))
 *(.init_array*)
 .init_array    0x000000000804f9cc        0x4 f:/idecube/stm32cubeide_1.6.1/stm32cubeide/plugins/com.st.stm32cube.ide.mcu.externaltools.gnu-tools-for-stm32.9-2020-q2-update.win32_1.5.0.202011040924/tools/bin/../lib/gcc/arm-none-eabi/9.3.1/thumb/v7e-m+fp/hard/crtbegin.o
                0x000000000804f9d0                PROVIDE (__init_array_end = .)
                0x000000000804f9d0                . = ALIGN (0x4)

.fini_array     0x000000000804f9d0        0x4
                0x000000000804f9d0                . = ALIGN (0x4)
                [!provide]                        PROVIDE (__fini_array_start = .)
 *(SORT_BY_NAME(.fini_array.*))
 *(.fini_array*)
 .fini_array    0x000000000804f9d0        0x4 f:/idecube/stm32cubeide_1.6.1/stm32cubeide/plugins/com.st.stm32cube.ide.mcu.externaltools.gnu-tools-for-stm32.9-2020-q2-update.win32_1.5.0.202011040924/tools/bin/../lib/gcc/arm-none-eabi/9.3.1/thumb/v7e-m+fp/hard/crtbegin.o
                [!provide]                        PROVIDE (__fini_array_end = .)
                0x000000000804f9d4                . = ALIGN (0x4)
                0x000000000804f9d4                _sidata = LOADADDR (.data)

.data           0x0000000020000000      0x2a8 load address 0x000000000804f9d4
                0x0000000020000000                . = ALIGN (0x4)
                0x0000000020000000                _sdata = .
 *(.data)
 *(.data*)
 .data.coskoefFT
                0x0000000020000000       0x50 Core/Src/FT_float.o
                0x0000000020000000                coskoefFT
 .data.sinkoefFT
                0x0000000020000050       0x50 Core/Src/FT_float.o
                0x0000000020000050                sinkoefFT
 .data.KoefSin  0x00000000200000a0       0x14 Core/Src/FT_float.o
                0x00000000200000a0                KoefSin
 .data.Font_11x18
                0x00000000200000b4        0x8 Core/Src/fonts.o
                0x00000000200000b4                Font_11x18
 .data.VoltPilotStatus
                0x00000000200000bc        0x1 Core/Src/main.o
                0x00000000200000bc                VoltPilotStatus
 *fill*         0x00000000200000bd        0x1 
 .data.counterLength
                0x00000000200000be        0x2 Core/Src/main.o
                0x00000000200000be                counterLength
 .data.koof     0x00000000200000c0        0x4 Core/Src/main.o
                0x00000000200000c0                koof
 .data._height  0x00000000200000c4        0x2 Core/Src/st7735.o
 .data._width   0x00000000200000c6        0x2 Core/Src/st7735.o
 .data.SystemCoreClock
                0x00000000200000c8        0x4 Core/Src/system_stm32f7xx.o
                0x00000000200000c8                SystemCoreClock
 .data.uwTickPrio
                0x00000000200000cc        0x4 Drivers/STM32F7xx_HAL_Driver/Src/stm32f7xx_hal.o
                0x00000000200000cc                uwTickPrio
 .data.uwTickFreq
                0x00000000200000d0        0x1 Drivers/STM32F7xx_HAL_Driver/Src/stm32f7xx_hal.o
                0x00000000200000d0                uwTickFreq
 *fill*         0x00000000200000d1        0x3 
 .data._impure_ptr
                0x00000000200000d4        0x4 f:/idecube/stm32cubeide_1.6.1/stm32cubeide/plugins/com.st.stm32cube.ide.mcu.externaltools.gnu-tools-for-stm32.9-2020-q2-update.win32_1.5.0.202011040924/tools/bin/../lib/gcc/arm-none-eabi/9.3.1/../../../../arm-none-eabi/lib/thumb/v7e-m+fp/hard\libc_nano.a(lib_a-impure.o)
                0x00000000200000d4                _impure_ptr
 .data.impure_data
                0x00000000200000d8       0x60 f:/idecube/stm32cubeide_1.6.1/stm32cubeide/plugins/com.st.stm32cube.ide.mcu.externaltools.gnu-tools-for-stm32.9-2020-q2-update.win32_1.5.0.202011040924/tools/bin/../lib/gcc/arm-none-eabi/9.3.1/../../../../arm-none-eabi/lib/thumb/v7e-m+fp/hard\libc_nano.a(lib_a-impure.o)
 .data.__global_locale
                0x0000000020000138      0x16c f:/idecube/stm32cubeide_1.6.1/stm32cubeide/plugins/com.st.stm32cube.ide.mcu.externaltools.gnu-tools-for-stm32.9-2020-q2-update.win32_1.5.0.202011040924/tools/bin/../lib/gcc/arm-none-eabi/9.3.1/../../../../arm-none-eabi/lib/thumb/v7e-m+fp/hard\libc_nano.a(lib_a-locale.o)
                0x0000000020000138                __global_locale
 .data.__fdlib_version
                0x00000000200002a4        0x1 f:/idecube/stm32cubeide_1.6.1/stm32cubeide/plugins/com.st.stm32cube.ide.mcu.externaltools.gnu-tools-for-stm32.9-2020-q2-update.win32_1.5.0.202011040924/tools/bin/../lib/gcc/arm-none-eabi/9.3.1/../../../../arm-none-eabi/lib/thumb/v7e-m+fp/hard\libm.a(lib_a-s_lib_ver.o)
                0x00000000200002a4                __fdlib_version
 *(.RamFunc)
 *(.RamFunc*)
                0x00000000200002a8                . = ALIGN (0x4)
 *fill*         0x00000000200002a5        0x3 
                0x00000000200002a8                _edata = .

.igot.plt       0x00000000200002a8        0x0 load address 0x000000000804fc7c
 .igot.plt      0x00000000200002a8        0x0 f:/idecube/stm32cubeide_1.6.1/stm32cubeide/plugins/com.st.stm32cube.ide.mcu.externaltools.gnu-tools-for-stm32.9-2020-q2-update.win32_1.5.0.202011040924/tools/bin/../lib/gcc/arm-none-eabi/9.3.1/thumb/v7e-m+fp/hard/crtbegin.o
                0x00000000200002a8                . = ALIGN (0x4)

.bss            0x00000000200002a8      0x764 load address 0x000000000804fc7c
                0x00000000200002a8                _sbss = .
                0x00000000200002a8                __bss_start__ = _sbss
 *(.bss)
 .bss           0x00000000200002a8       0x1c f:/idecube/stm32cubeide_1.6.1/stm32cubeide/plugins/com.st.stm32cube.ide.mcu.externaltools.gnu-tools-for-stm32.9-2020-q2-update.win32_1.5.0.202011040924/tools/bin/../lib/gcc/arm-none-eabi/9.3.1/thumb/v7e-m+fp/hard/crtbegin.o
 *(.bss*)
 .bss.voltPN    0x00000000200002c4        0x4 Core/Src/BaseWork.o
                0x00000000200002c4                voltPN
 .bss.voltGN    0x00000000200002c8        0x4 Core/Src/BaseWork.o
                0x00000000200002c8                voltGN
 .bss.AmperPh   0x00000000200002cc        0x4 Core/Src/BaseWork.o
                0x00000000200002cc                AmperPh
 .bss.AmperN    0x00000000200002d0        0x4 Core/Src/BaseWork.o
                0x00000000200002d0                AmperN
 .bss.statADCBuffRefresh
                0x00000000200002d4        0x1 Core/Src/BaseWork.o
                0x00000000200002d4                statADCBuffRefresh
 *fill*         0x00000000200002d5        0x3 
 .bss.temp      0x00000000200002d8        0x4 Core/Src/BaseWork.o
                0x00000000200002d8                temp
 .bss.U1Cod     0x00000000200002dc        0x2 Core/Src/main.o
                0x00000000200002dc                U1Cod
 .bss.U2Cod     0x00000000200002de        0x2 Core/Src/main.o
                0x00000000200002de                U2Cod
 .bss.U3Cod     0x00000000200002e0        0x2 Core/Src/main.o
                0x00000000200002e0                U3Cod
 .bss.U4Cod     0x00000000200002e2        0x2 Core/Src/main.o
                0x00000000200002e2                U4Cod
 .bss.pilotSignal
                0x00000000200002e4        0x2 Core/Src/main.o
                0x00000000200002e4                pilotSignal
 .bss.pilotSave
                0x00000000200002e6        0x2 Core/Src/main.o
                0x00000000200002e6                pilotSave
 .bss.counter121
                0x00000000200002e8        0x4 Core/Src/main.o
                0x00000000200002e8                counter121
 .bss.flagGround
                0x00000000200002ec        0x1 Core/Src/main.o
                0x00000000200002ec                flagGround
 .bss.Statusflag
                0x00000000200002ed        0x1 Core/Src/main.o
                0x00000000200002ed                Statusflag
 .bss.PreviousState
                0x00000000200002ee        0x1 Core/Src/main.o
                0x00000000200002ee                PreviousState
 .bss.rezult    0x00000000200002ef        0x1 Core/Src/main.o
                0x00000000200002ef                rezult
 .bss.circle    0x00000000200002f0        0x2 Core/Src/main.o
                0x00000000200002f0                circle
 .bss.hargeflagg
                0x00000000200002f2        0x1 Core/Src/main.o
                0x00000000200002f2                hargeflagg
 *fill*         0x00000000200002f3        0x1 
 .bss.filVal.10441
                0x00000000200002f4        0x4 Core/Src/main.o
 .bss._xstart   0x00000000200002f8        0x1 Core/Src/st7735.o
 .bss._ystart   0x00000000200002f9        0x1 Core/Src/st7735.o
 *fill*         0x00000000200002fa        0x2 
 .bss.heap_end.7401
                0x00000000200002fc        0x4 Core/Src/syscalls.o
 .bss.__malloc_free_list
                0x0000000020000300        0x4 f:/idecube/stm32cubeide_1.6.1/stm32cubeide/plugins/com.st.stm32cube.ide.mcu.externaltools.gnu-tools-for-stm32.9-2020-q2-update.win32_1.5.0.202011040924/tools/bin/../lib/gcc/arm-none-eabi/9.3.1/../../../../arm-none-eabi/lib/thumb/v7e-m+fp/hard\libc_nano.a(lib_a-nano-mallocr.o)
                0x0000000020000300                __malloc_free_list
 .bss.__malloc_sbrk_start
                0x0000000020000304        0x4 f:/idecube/stm32cubeide_1.6.1/stm32cubeide/plugins/com.st.stm32cube.ide.mcu.externaltools.gnu-tools-for-stm32.9-2020-q2-update.win32_1.5.0.202011040924/tools/bin/../lib/gcc/arm-none-eabi/9.3.1/../../../../arm-none-eabi/lib/thumb/v7e-m+fp/hard\libc_nano.a(lib_a-nano-mallocr.o)
                0x0000000020000304                __malloc_sbrk_start
 *(COMMON)
 COMMON         0x0000000020000308      0x424 Core/Src/BaseWork.o
                0x0000000020000308                ADC_Values2
                0x00000000200003bc                ADC_Values1
                0x0000000020000470                Value_vt1
                0x0000000020000584                I_PWM
                0x0000000020000588                compareSelectU
                0x0000000020000590                StateU_FA
                0x0000000020000594                Value_vt2
                0x00000000200006a8                masRezult
                0x00000000200006ac                array_data
 COMMON         0x000000002000072c       0x6c Core/Src/FlashSST25.o
                0x000000002000072c                dwWriteAddr
                0x0000000020000730                deviceCaps
                0x0000000020000734                SpiHandle
 COMMON         0x0000000020000798      0x260 Core/Src/main.o
                0x0000000020000798                hspi2
                0x00000000200007fc                currentOneTimeperiod
                0x0000000020000800                htim4
                0x000000002000084c                htim3
                0x0000000020000898                counterPilot
                0x00000000200008a8                finishChrgeTime
                0x00000000200008ac                startChrgeTime
                0x00000000200008b0                hspi1
                0x0000000020000914                huart2
                0x0000000020000998                hdma_spi1_tx
 COMMON         0x00000000200009f8        0x4 Drivers/STM32F7xx_HAL_Driver/Src/stm32f7xx_hal.o
                0x00000000200009f8                uwTick
 COMMON         0x00000000200009fc        0x4 f:/idecube/stm32cubeide_1.6.1/stm32cubeide/plugins/com.st.stm32cube.ide.mcu.externaltools.gnu-tools-for-stm32.9-2020-q2-update.win32_1.5.0.202011040924/tools/bin/../lib/gcc/arm-none-eabi/9.3.1/../../../../arm-none-eabi/lib/thumb/v7e-m+fp/hard\libc_nano.a(lib_a-reent.o)
                0x00000000200009fc                errno
 COMMON         0x0000000020000a00        0x9 f:/idecube/stm32cubeide_1.6.1/stm32cubeide/plugins/com.st.stm32cube.ide.mcu.externaltools.gnu-tools-for-stm32.9-2020-q2-update.win32_1.5.0.202011040924/tools/bin/../lib/gcc/arm-none-eabi/9.3.1/../../../../arm-none-eabi/lib/thumb/v7e-m+fp/hard\libc_nano.a(lib_a-lock.o)
                0x0000000020000a00                __lock___atexit_recursive_mutex
                0x0000000020000a01                __lock___arc4random_mutex
                0x0000000020000a02                __lock___env_recursive_mutex
                0x0000000020000a03                __lock___sinit_recursive_mutex
                0x0000000020000a04                __lock___malloc_recursive_mutex
                0x0000000020000a05                __lock___at_quick_exit_mutex
                0x0000000020000a06                __lock___dd_hash_mutex
                0x0000000020000a07                __lock___tz_mutex
                0x0000000020000a08                __lock___sfp_recursive_mutex
                0x0000000020000a0c                . = ALIGN (0x4)
 *fill*         0x0000000020000a09        0x3 
                0x0000000020000a0c                _ebss = .
                0x0000000020000a0c                __bss_end__ = _ebss

._user_heap_stack
                0x0000000020000a0c      0x604 load address 0x000000000804fc7c
                0x0000000020000a10                . = ALIGN (0x8)
 *fill*         0x0000000020000a0c        0x4 
                0x0000000020000a10                PROVIDE (end = .)
                [!provide]                        PROVIDE (_end = .)
                0x0000000020000c10                . = (. + _Min_Heap_Size)
 *fill*         0x0000000020000a10      0x200 
                0x0000000020001010                . = (. + _Min_Stack_Size)
 *fill*         0x0000000020000c10      0x400 
                0x0000000020001010                . = ALIGN (0x8)

/DISCARD/
 libc.a(*)
 libm.a(*)
 libgcc.a(*)

.ARM.attributes
                0x0000000000000000       0x30
 *(.ARM.attributes)
 .ARM.attributes
                0x0000000000000000       0x1e f:/idecube/stm32cubeide_1.6.1/stm32cubeide/plugins/com.st.stm32cube.ide.mcu.externaltools.gnu-tools-for-stm32.9-2020-q2-update.win32_1.5.0.202011040924/tools/bin/../lib/gcc/arm-none-eabi/9.3.1/thumb/v7e-m+fp/hard/crti.o
 .ARM.attributes
                0x000000000000001e       0x34 f:/idecube/stm32cubeide_1.6.1/stm32cubeide/plugins/com.st.stm32cube.ide.mcu.externaltools.gnu-tools-for-stm32.9-2020-q2-update.win32_1.5.0.202011040924/tools/bin/../lib/gcc/arm-none-eabi/9.3.1/thumb/v7e-m+fp/hard/crtbegin.o
 .ARM.attributes
                0x0000000000000052       0x34 Core/Src/BaseWork.o
 .ARM.attributes