Archive member included to satisfy reference by file (symbol)

f:/idecube/stm32cubeide_1.6.1/stm32cubeide/plugins/com.st.stm32cube.ide.mcu.externaltools.gnu-tools-for-stm32.9-2020-q2-update.win32_1.5.0.202011040924/tools/bin/../lib/gcc/arm-none-eabi/9.3.1/../../../../arm-none-eabi/lib/thumb/v7e-m+fp/hard\libc_nano.a(lib_a-errno.o)
                              Core/Src/syscalls.o (__errno)
f:/idecube/stm32cubeide_1.6.1/stm32cubeide/plugins/com.st.stm32cube.ide.mcu.externaltools.gnu-tools-for-stm32.9-2020-q2-update.win32_1.5.0.202011040924/tools/bin/../lib/gcc/arm-none-eabi/9.3.1/../../../../arm-none-eabi/lib/thumb/v7e-m+fp/hard\libc_nano.a(lib_a-exit.o)
                              f:/idecube/stm32cubeide_1.6.1/stm32cubeide/plugins/com.st.stm32cube.ide.mcu.externaltools.gnu-tools-for-stm32.9-2020-q2-update.win32_1.5.0.202011040924/tools/bin/../lib/gcc/arm-none-eabi/9.3.1/../../../../arm-none-eabi/lib/thumb/v7e-m+fp/hard/crt0.o (exit)
f:/idecube/stm32cubeide_1.6.1/stm32cubeide/plugins/com.st.stm32cube.ide.mcu.externaltools.gnu-tools-for-stm32.9-2020-q2-update.win32_1.5.0.202011040924/tools/bin/../lib/gcc/arm-none-eabi/9.3.1/../../../../arm-none-eabi/lib/thumb/v7e-m+fp/hard\libc_nano.a(lib_a-impure.o)
                              f:/idecube/stm32cubeide_1.6.1/stm32cubeide/plugins/com.st.stm32cube.ide.mcu.externaltools.gnu-tools-for-stm32.9-2020-q2-update.win32_1.5.0.202011040924/tools/bin/../lib/gcc/arm-none-eabi/9.3.1/../../../../arm-none-eabi/lib/thumb/v7e-m+fp/hard\libc_nano.a(lib_a-exit.o) (_global_impure_ptr)
f:/idecube/stm32cubeide_1.6.1/stm32cubeide/plugins/com.st.stm32cube.ide.mcu.externaltools.gnu-tools-for-stm32.9-2020-q2-update.win32_1.5.0.202011040924/tools/bin/../lib/gcc/arm-none-eabi/9.3.1/../../../../arm-none-eabi/lib/thumb/v7e-m+fp/hard\libc_nano.a(lib_a-init.o)
                              f:/idecube/stm32cubeide_1.6.1/stm32cubeide/plugins/com.st.stm32cube.ide.mcu.externaltools.gnu-tools-for-stm32.9-2020-q2-update.win32_1.5.0.202011040924/tools/bin/../lib/gcc/arm-none-eabi/9.3.1/../../../../arm-none-eabi/lib/thumb/v7e-m+fp/hard/crt0.o (__libc_init_array)
f:/idecube/stm32cubeide_1.6.1/stm32cubeide/plugins/com.st.stm32cube.ide.mcu.externaltools.gnu-tools-for-stm32.9-2020-q2-update.win32_1.5.0.202011040924/tools/bin/../lib/gcc/arm-none-eabi/9.3.1/../../../../arm-none-eabi/lib/thumb/v7e-m+fp/hard\libc_nano.a(lib_a-itoa.o)
                              Core/Src/main.o (itoa)
f:/idecube/stm32cubeide_1.6.1/stm32cubeide/plugins/com.st.stm32cube.ide.mcu.externaltools.gnu-tools-for-stm32.9-2020-q2-update.win32_1.5.0.202011040924/tools/bin/../lib/gcc/arm-none-eabi/9.3.1/../../../../arm-none-eabi/lib/thumb/v7e-m+fp/hard\libc_nano.a(lib_a-memcpy-stub.o)
                              Core/Src/BaseWork.o (memcpy)
f:/idecube/stm32cubeide_1.6.1/stm32cubeide/plugins/com.st.stm32cube.ide.mcu.externaltools.gnu-tools-for-stm32.9-2020-q2-update.win32_1.5.0.202011040924/tools/bin/../lib/gcc/arm-none-eabi/9.3.1/../../../../arm-none-eabi/lib/thumb/v7e-m+fp/hard\libc_nano.a(lib_a-memset.o)
                              f:/idecube/stm32cubeide_1.6.1/stm32cubeide/plugins/com.st.stm32cube.ide.mcu.externaltools.gnu-tools-for-stm32.9-2020-q2-update.win32_1.5.0.202011040924/tools/bin/../lib/gcc/arm-none-eabi/9.3.1/../../../../arm-none-eabi/lib/thumb/v7e-m+fp/hard/crt0.o (memset)
f:/idecube/stm32cubeide_1.6.1/stm32cubeide/plugins/com.st.stm32cube.ide.mcu.externaltools.gnu-tools-for-stm32.9-2020-q2-update.win32_1.5.0.202011040924/tools/bin/../lib/gcc/arm-none-eabi/9.3.1/../../../../arm-none-eabi/lib/thumb/v7e-m+fp/hard\libc_nano.a(lib_a-strcat.o)
                              Core/Src/main.o (strcat)
f:/idecube/stm32cubeide_1.6.1/stm32cubeide/plugins/com.st.stm32cube.ide.mcu.externaltools.gnu-tools-for-stm32.9-2020-q2-update.win32_1.5.0.202011040924/tools/bin/../lib/gcc/arm-none-eabi/9.3.1/../../../../arm-none-eabi/lib/thumb/v7e-m+fp/hard\libc_nano.a(lib_a-utoa.o)
                              f:/idecube/stm32cubeide_1.6.1/stm32cubeide/plugins/com.st.stm32cube.ide.mcu.externaltools.gnu-tools-for-stm32.9-2020-q2-update.win32_1.5.0.202011040924/tools/bin/../lib/gcc/arm-none-eabi/9.3.1/../../../../arm-none-eabi/lib/thumb/v7e-m+fp/hard\libc_nano.a(lib_a-itoa.o) (__utoa)
f:/idecube/stm32cubeide_1.6.1/stm32cubeide/plugins/com.st.stm32cube.ide.mcu.externaltools.gnu-tools-for-stm32.9-2020-q2-update.win32_1.5.0.202011040924/tools/bin/../lib/gcc/arm-none-eabi/9.3.1/../../../../arm-none-eabi/lib/thumb/v7e-m+fp/hard\libm.a(lib_a-wf_sqrt.o)
                              Core/Src/BaseWork.o (sqrtf)
f:/idecube/stm32cubeide_1.6.1/stm32cubeide/plugins/com.st.stm32cube.ide.mcu.externaltools.gnu-tools-for-stm32.9-2020-q2-update.win32_1.5.0.202011040924/tools/bin/../lib/gcc/arm-none-eabi/9.3.1/../../../../arm-none-eabi/lib/thumb/v7e-m+fp/hard\libm.a(lib_a-ef_sqrt.o)
[...]
Memory Configuration

Name             Origin             Length             Attributes
RAM              0x0000000020000000 0x0000000000050000 xrw
FLASH            0x0000000008000000 0x0000000000080000 xr
*default*        0x0000000000000000 0xffffffffffffffff

Linker script and memory map

LOAD f:/idecube/stm32cubeide_1.6.1/stm32cubeide/plugins/com.st.stm32cube.ide.mcu.externaltools.gnu-tools-for-stm32.9-2020-q2-update.win32_1.5.0.202011040924/tools/bin/../lib/gcc/arm-none-eabi/9.3.1/thumb/v7e-m+fp/hard/crti.o
LOAD f:/idecube/stm32cubeide_1.6.1/stm32cubeide/plugins/com.st.stm32cube.ide.mcu.externaltools.gnu-tools-for-stm32.9-2020-q2-update.win32_1.5.0.202011040924/tools/bin/../lib/gcc/arm-none-eabi/9.3.1/thumb/v7e-m+fp/hard/crtbegin.o
LOAD f:/idecube/stm32cubeide_1.6.1/stm32cubeide/plugins/com.st.stm32cube.ide.mcu.externaltools.gnu-tools-for-stm32.9-2020-q2-update.win32_1.5.0.202011040924/tools/bin/../lib/gcc/arm-none-eabi/9.3.1/../../../../arm-none-eabi/lib/thumb/v7e-m+fp/hard/crt0.o
LOAD Core/Src/BaseWork.o
LOAD Core/Src/FT_float.o
LOAD Core/Src/FlashSST25.o
LOAD Core/Src/fonts.o
LOAD Core/Src/main.o
LOAD Core/Src/st7735.o
LOAD Core/Src/stm32f7xx_hal_msp.o
LOAD Core/Src/stm32f7xx_it.o
LOAD Core/Src/syscalls.o
LOAD Core/Src/system_stm32f7xx.o
LOAD Core/Startup/startup_stm32f745vetx.o
LOAD Drivers/STM32F7xx_HAL_Driver/Src/stm32f7xx_hal.o
LOAD Drivers/STM32F7xx_HAL_Driver/Src/stm32f7xx_hal_cortex.o
LOAD Drivers/STM32F7xx_HAL_Driver/Src/stm32f7xx_hal_dma.o
LOAD Drivers/STM32F7xx_HAL_Driver/Src/stm32f7xx_hal_dma_ex.o
LOAD Drivers/STM32F7xx_HAL_Driver/Src/stm32f7xx_hal_exti.o
LOAD Drivers/STM32F7xx_HAL_Driver/Src/stm32f7xx_hal_flash.o
LOAD Drivers/STM32F7xx_HAL_Driver/Src/stm32f7xx_hal_flash_ex.o
LOAD Drivers/STM32F7xx_HAL_Driver/Src/stm32f7xx_hal_gpio.o
LOAD Drivers/STM32F7xx_HAL_Driver/Src/stm32f7xx_hal_i2c.o
LOAD Drivers/STM32F7xx_HAL_Driver/Src/stm32f7xx_hal_i2c_ex.o
LOAD Drivers/STM32F7xx_HAL_Driver/Src/stm32f7xx_hal_pwr.o
LOAD Drivers/STM32F7xx_HAL_Driver/Src/stm32f7xx_hal_pwr_ex.o
LOAD Drivers/STM32F7xx_HAL_Driver/Src/stm32f7xx_hal_rcc.o
LOAD Drivers/STM32F7xx_HAL_Driver/Src/stm32f7xx_hal_rcc_ex.o
LOAD Drivers/STM32F7xx_HAL_Driver/Src/stm32f7xx_hal_spi.o
LOAD Drivers/STM32F7xx_HAL_Driver/Src/stm32f7xx_hal_spi_ex.o
LOAD Drivers/STM32F7xx_HAL_Driver/Src/stm32f7xx_hal_tim.o
LOAD Drivers/STM32F7xx_HAL_Driver/Src/stm32f7xx_hal_tim_ex.o
LOAD Drivers/STM32F7xx_HAL_Driver/Src/stm32f7xx_hal_uart.o
LOAD Drivers/STM32F7xx_HAL_Driver/Src/stm32f7xx_hal_uart_ex.o
START GROUP
LOAD f:/idecube/stm32cubeide_1.6.1/stm32cubeide/plugins/com.st.stm32cube.ide.mcu.externaltools.gnu-tools-for-stm32.9-2020-q2-update.win32_1.5.0.202011040924/tools/bin/../lib/gcc/arm-none-eabi/9.3.1/../../../../arm-none-eabi/lib/thumb/v7e-m+fp/hard\libc_nano.a
LOAD f:/idecube/stm32cubeide_1.6.1/stm32cubeide/plugins/com.st.stm32cube.ide.mcu.externaltools.gnu-tools-for-stm32.9-2020-q2-update.win32_1.5.0.202011040924/tools/bin/../lib/gcc/arm-none-eabi/9.3.1/../../../../arm-none-eabi/lib/thumb/v7e-m+fp/hard\libm.a
END GROUP
START GROUP
LOAD f:/idecube/stm32cubeide_1.6.1/stm32cubeide/plugins/com.st.stm32cube.ide.mcu.externaltools.gnu-tools-for-stm32.9-2020-q2-update.win32_1.5.0.202011040924/tools/bin/../lib/gcc/arm-none-eabi/9.3.1/thumb/v7e-m+fp/hard\libgcc.a
LOAD f:/idecube/stm32cubeide_1.6.1/stm32cubeide/plugins/com.st.stm32cube.ide.mcu.externaltools.gnu-tools-for-stm32.9-2020-q2-update.win32_1.5.0.202011040924/tools/bin/../lib/gcc/arm-none-eabi/9.3.1/../../../../arm-none-eabi/lib/thumb/v7e-m+fp/hard\libc_nano.a
END GROUP
START GROUP
LOAD f:/idecube/stm32cubeide_1.6.1/stm32cubeide/plugins/com.st.stm32cube.ide.mcu.externaltools.gnu-tools-for-stm32.9-2020-q2-update.win32_1.5.0.202011040924/tools/bin/../lib/gcc/arm-none-eabi/9.3.1/thumb/v7e-m+fp/hard\libgcc.a
LOAD f:/idecube/stm32cubeide_1.6.1/stm32cubeide/plugins/com.st.stm32cube.ide.mcu.externaltools.gnu-tools-for-stm32.9-2020-q2-update.win32_1.5.0.202011040924/tools/bin/../lib/gcc/arm-none-eabi/9.3.1/../../../../arm-none-eabi/lib/thumb/v7e-m+fp/hard\libc_nano.a
LOAD f:/idecube/stm32cubeide_1.6.1/stm32cubeide/plugins/com.st.stm32cube.ide.mcu.externaltools.gnu-tools-for-stm32.9-2020-q2-update.win32_1.5.0.202011040924/tools/bin/../lib/gcc/arm-none-eabi/9.3.1/../../../../arm-none-eabi/lib/thumb/v7e-m+fp/hard\libnosys.a
END GROUP
START GROUP
LOAD f:/idecube/stm32cubeide_1.6.1/stm32cubeide/plugins/com.st.stm32cube.ide.mcu.externaltools.gnu-tools-for-stm32.9-2020-q2-update.win32_1.5.0.202011040924/tools/bin/../lib/gcc/arm-none-eabi/9.3.1/thumb/v7e-m+fp/hard\libgcc.a
LOAD f:/idecube/stm32cubeide_1.6.1/stm32cubeide/plugins/com.st.stm32cube.ide.mcu.externaltools.gnu-tools-for-stm32.9-2020-q2-update.win32_1.5.0.202011040924/tools/bin/../lib/gcc/arm-none-eabi/9.3.1/../../../../arm-none-eabi/lib/thumb/v7e-m+fp/hard\libc_nano.a
LOAD f:/idecube/stm32cubeide_1.6.1/stm32cubeide/plugins/com.st.stm32cube.ide.mcu.externaltools.gnu-tools-for-stm32.9-2020-q2-update.win32_1.5.0.202011040924/tools/bin/../lib/gcc/arm-none-eabi/9.3.1/../../../../arm-none-eabi/lib/thumb/v7e-m+fp/hard\libnosys.a
END GROUP
LOAD f:/idecube/stm32cubeide_1.6.1/stm32cubeide/plugins/com.st.stm32cube.ide.mcu.externaltools.gnu-tools-for-stm32.9-2020-q2-update.win32_1.5.0.202011040924/tools/bin/../lib/gcc/arm-none-eabi/9.3.1/thumb/v7e-m+fp/hard/crtend.o
LOAD f:/idecube/stm32cubeide_1.6.1/stm32cubeide/plugins/com.st.stm32cube.ide.mcu.externaltools.gnu-tools-for-stm32.9-2020-q2-update.win32_1.5.0.202011040924/tools/bin/../lib/gcc/arm-none-eabi/9.3.1/thumb/v7e-m+fp/hard/crtn.o
                0x0000000020050000                _estack = (ORIGIN (RAM) + LENGTH (RAM))
                0x0000000000000200                _Min_Heap_Size = 0x200
                0x0000000000000400                _Min_Stack_Size = 0x400

.isr_vector     0x0000000008000000      0x1c8
                0x0000000008000000                . = ALIGN (0x4)
 *(.isr_vector)
 .isr_vector    0x0000000008000000      0x1c8 Core/Startup/startup_stm32f745vetx.o
                0x0000000008000000                g_pfnVectors
                0x00000000080001c8                . = ALIGN (0x4)

.text           0x00000000080001c8     0x4898
                0x00000000080001c8                . = ALIGN (0x4)
 *(.text)
 .text          0x00000000080001c8       0x40 f:/idecube/stm32cubeide_1.6.1/stm32cubeide/plugins/com.st.stm32cube.ide.mcu.externaltools.gnu-tools-for-stm32.9-2020-q2-update.win32_1.5.0.202011040924/tools/bin/../lib/gcc/arm-none-eabi/9.3.1/thumb/v7e-m+fp/hard/crtbegin.o
 .text          0x0000000008000208      0x254 f:/idecube/stm32cubeide_1.6.1/stm32cubeide/plugins/com.st.stm32cube.ide.mcu.externaltools.gnu-tools-for-stm32.9-2020-q2-update.win32_1.5.0.202011040924/tools/bin/../lib/gcc/arm-none-eabi/9.3.1/thumb/v7e-m+fp/hard\libgcc.a(_arm_muldf3.o)
                0x0000000008000208                __muldf3
                0x0000000008000208                __aeabi_dmul
 .text          0x000000000800045c      0x378 f:/idecube/stm32cubeide_1.6.1/stm32cubeide/plugins/com.st.stm32cube.ide.mcu.externaltools.gnu-tools-for-stm32.9-2020-q2-update.win32_1.5.0.202011040924/tools/bin/../lib/gcc/arm-none-eabi/9.3.1/thumb/v7e-m+fp/hard\libgcc.a(_arm_addsubdf3.o)
                0x000000000800045c                __aeabi_drsub
                0x0000000008000464                __aeabi_dsub
                0x0000000008000464                __subdf3
                0x0000000008000468                __aeabi_dadd
                0x0000000008000468                __adddf3
                0x00000000080006e0                __floatunsidf
                0x00000000080006e0                __aeabi_ui2d
                0x0000000008000700                __floatsidf
                0x0000000008000700                __aeabi_i2d
                0x0000000008000724                __aeabi_f2d
                0x0000000008000724                __extendsfdf2
                0x0000000008000768                __floatundidf
                0x0000000008000768                __aeabi_ul2d
                0x0000000008000778                __floatdidf
                0x0000000008000778                __aeabi_l2d
 .text          0x00000000080007d4       0x40 f:/idecube/stm32cubeide_1.6.1/stm32cubeide/plugins/com.st.stm32cube.ide.mcu.externaltools.gnu-tools-for-stm32.9-2020-q2-update.win32_1.5.0.202011040924/tools/bin/../lib/gcc/arm-none-eabi/9.3.1/thumb/v7e-m+fp/hard\libgcc.a(_arm_fixunsdfsi.o)
                0x00000000080007d4                __aeabi_d2uiz
                0x00000000080007d4                __fixunsdfsi
 .text          0x0000000008000814       0x30 f:/idecube/stm32cubeide_1.6.1/stm32cubeide/plugins/com.st.stm32cube.ide.mcu.externaltools.gnu-tools-for-stm32.9-2020-q2-update.win32_1.5.0.202011040924/tools/bin/../lib/gcc/arm-none-eabi/9.3.1/thumb/v7e-m+fp/hard\libgcc.a(_aeabi_uldivmod.o)
                0x0000000008000814                __aeabi_uldivmod
 .text          0x0000000008000844      0x2c4 f:/idecube/stm32cubeide_1.6.1/stm32cubeide/plugins/com.st.stm32cube.ide.mcu.externaltools.gnu-tools-for-stm32.9-2020-q2-update.win32_1.5.0.202011040924/tools/bin/../lib/gcc/arm-none-eabi/9.3.1/thumb/v7e-m+fp/hard\libgcc.a(_udivmoddi4.o)
                0x0000000008000844                __udivmoddi4
 .text          0x0000000008000b08        0x4 f:/idecube/stm32cubeide_1.6.1/stm32cubeide/plugins/com.st.stm32cube.ide.mcu.externaltools.gnu-tools-for-stm32.9-2020-q2-update.win32_1.5.0.202011040924/tools/bin/../lib/gcc/arm-none-eabi/9.3.1/thumb/v7e-m+fp/hard\libgcc.a(_dvmd_tls.o)
                0x0000000008000b08                __aeabi_idiv0
                0x0000000008000b08                __aeabi_ldiv0
 *(.text*)
 .text.arm_sqrt_f32
                0x0000000008000b0c       0x44 Core/Src/BaseWork.o
 .text.ComparSelectU_Ch1
                0x0000000008000b50      0x1c0 Core/Src/BaseWork.o
                0x0000000008000b50                ComparSelectU_Ch1
 .text.getADC   0x0000000008000d10       0x68 Core/Src/BaseWork.o
                0x0000000008000d10                getADC
 .text.BaseWork
                0x0000000008000d78      0x1e4 Core/Src/BaseWork.o
                0x0000000008000d78                BaseWork
 .text.FFT20_float
                0x0000000008000f5c      0x2a0 Core/Src/FT_float.o
                0x0000000008000f5c                FFT20_float
 .text.FT_float
                0x00000000080011fc      0x120 Core/Src/FT_float.o
                0x00000000080011fc                FT_float
 .text.InitSPI2
                0x000000000800131c       0x64 Core/Src/FlashSST25.o
                0x000000000800131c                InitSPI2
 .text.SPI_ReadWriteByte
                0x0000000008001380       0x5c Core/Src/FlashSST25.o
                0x0000000008001380                SPI_ReadWriteByte
 .text.__NVIC_SetPriorityGrouping
                0x00000000080013dc       0x48 Core/Src/main.o
 .text.LL_APB1_GRP1_EnableClock
                0x0000000008001424       0x30 Core/Src/main.o
 .text.LL_APB2_GRP1_EnableClock
                0x0000000008001454       0x30 Core/Src/main.o
 .text.demo     0x0000000008001484       0xe4 Core/Src/main.o
                0x0000000008001484                demo
 .text.main     0x0000000008001568       0x60 Core/Src/main.o
                0x0000000008001568                main
 .text.SystemClock_Config
                0x00000000080015c8      0x120 Core/Src/main.o
                0x00000000080015c8                SystemClock_Config
 .text.MX_SPI1_Init
                0x00000000080016e8       0x7c Core/Src/main.o
 .text.MX_TIM3_Init
                0x0000000008001764       0x90 Core/Src/main.o
 .text.MX_TIM4_Init
                0x00000000080017f4       0x8c Core/Src/main.o
 .text.MX_GPIO_Init
                0x0000000008001880      0x154 Core/Src/main.o
 .text.Error_Handler
                0x00000000080019d4        0xa Core/Src/main.o
                0x00000000080019d4                Error_Handler
 *fill*         0x00000000080019de        0x2 
 .text.ST7735_GPIO_Init
                0x00000000080019e0       0x64 Core/Src/st7735.o
 .text.ST7735_Reset
                0x0000000008001a44       0x2c Core/Src/st7735.o
 .text.ST7735_WriteCommand
                0x0000000008001a70       0x34 Core/Src/st7735.o
 .text.ST7735_WriteData
                0x0000000008001aa4       0x38 Core/Src/st7735.o
 .text.ST7735_ExecuteCommandList
                0x0000000008001adc       0x92 Core/Src/st7735.o
 *fill*         0x0000000008001b6e        0x2 
 .text.ST7735_SetAddressWindow
                0x0000000008001b70       0x90 Core/Src/st7735.o
 .text.ST7735_WriteChar
                0x0000000008001c00       0xee Core/Src/st7735.o
 *fill*         0x0000000008001cee        0x2 
 .text.ST7735_Init
                0x0000000008001cf0       0x4c Core/Src/st7735.o
                0x0000000008001cf0                ST7735_Init
 .text.ST7735_DrawString
                0x0000000008001d3c       0xbc Core/Src/st7735.o
                0x0000000008001d3c                ST7735_DrawString
 .text.ST7735_FillRectangle
                0x0000000008001df8      0x124 Core/Src/st7735.o
                0x0000000008001df8                ST7735_FillRectangle
 .text.ST7735_FillScreen
                0x0000000008001f1c       0x38 Core/Src/st7735.o
                0x0000000008001f1c                ST7735_FillScreen
 .text.ST7735_Backlight_On
                0x0000000008001f54       0x18 Core/Src/st7735.o
                0x0000000008001f54                ST7735_Backlight_On
 .text.HAL_MspInit
                0x0000000008001f6c       0x48 Core/Src/stm32f7xx_hal_msp.o
                0x0000000008001f6c                HAL_MspInit
 .text.HAL_SPI_MspInit
                0x0000000008001fb4       0xec Core/Src/stm32f7xx_hal_msp.o
                0x0000000008001fb4                HAL_SPI_MspInit
 .text.HAL_TIM_Base_MspInit
                0x00000000080020a0       0x68 Core/Src/stm32f7xx_hal_msp.o
                0x00000000080020a0                HAL_TIM_Base_MspInit
 .text.NMI_Handler
                0x0000000008002108        0x6 Core/Src/stm32f7xx_it.o
                0x0000000008002108                NMI_Handler
 *fill*         0x000000000800210e        0x2 
 .text.readADC  0x0000000008002110      0x118 Core/Src/stm32f7xx_it.o
                0x0000000008002110                readADC
 .text.TIM3_IRQHandler
                0x0000000008002228       0x68 Core/Src/stm32f7xx_it.o
                0x0000000008002228                TIM3_IRQHandler
 .text.TIM4_IRQHandler
                0x0000000008002290       0x3c Core/Src/stm32f7xx_it.o
                0x0000000008002290                TIM4_IRQHandler
 .text.HardFault_Handler
                0x00000000080022cc        0x6 Core/Src/stm32f7xx_it.o
                0x00000000080022cc                HardFault_Handler
 .text.MemManage_Handler
                0x00000000080022d2        0x6 Core/Src/stm32f7xx_it.o
                0x00000000080022d2                MemManage_Handler
 .text.BusFault_Handler
                0x00000000080022d8        0x6 Core/Src/stm32f7xx_it.o
                0x00000000080022d8                BusFault_Handler
 .text.UsageFault_Handler
                0x00000000080022de        0x6 Core/Src/stm32f7xx_it.o
                0x00000000080022de                UsageFault_Handler
 .text.SVC_Handler
                0x00000000080022e4        0xe Core/Src/stm32f7xx_it.o
                0x00000000080022e4                SVC_Handler
 .text.DebugMon_Handler
                0x00000000080022f2        0xe Core/Src/stm32f7xx_it.o
                0x00000000080022f2                DebugMon_Handler
 .text.PendSV_Handler
                0x0000000008002300        0xe Core/Src/stm32f7xx_it.o
                0x0000000008002300                PendSV_Handler
 .text.SysTick_Handler
                0x000000000800230e        0xc Core/Src/stm32f7xx_it.o
                0x000000000800230e                SysTick_Handler
 *fill*         0x000000000800231a        0x2 
 .text.SystemInit
                0x000000000800231c       0x24 Core/Src/system_stm32f7xx.o
                0x000000000800231c                SystemInit
 .text.Reset_Handler
                0x0000000008002340       0x50 Core/Startup/startup_stm32f745vetx.o
                0x0000000008002340                Reset_Handler
 .text.Default_Handler
                0x0000000008002390        0x2 Core/Startup/startup_stm32f745vetx.o
                0x0000000008002390                RTC_Alarm_IRQHandler
                0x0000000008002390                EXTI2_IRQHandler
                0x0000000008002390                TIM8_CC_IRQHandler
                0x0000000008002390                UART8_IRQHandler
                0x0000000008002390                SPI4_IRQHandler
                0x0000000008002390                TIM1_CC_IRQHandler
                0x0000000008002390                DMA2_Stream5_IRQHandler
                0x0000000008002390                DMA1_Stream5_IRQHandler
                0x0000000008002390                PVD_IRQHandler
                0x0000000008002390                TAMP_STAMP_IRQHandler
                0x0000000008002390                CAN2_RX1_IRQHandler
                0x0000000008002390                EXTI3_IRQHandler
                0x0000000008002390                TIM8_TRG_COM_TIM14_IRQHandler
                0x0000000008002390                TIM1_UP_TIM10_IRQHandler
                0x0000000008002390                TIM8_UP_TIM13_IRQHandler
                0x0000000008002390                I2C3_ER_IRQHandler
                0x0000000008002390                EXTI0_IRQHandler
                0x0000000008002390                I2C2_EV_IRQHandler
                0x0000000008002390                DMA1_Stream2_IRQHandler
                0x0000000008002390                CAN1_RX0_IRQHandler
                0x0000000008002390                FPU_IRQHandler
                0x0000000008002390                OTG_HS_WKUP_IRQHandler
                0x0000000008002390                CAN2_SCE_IRQHandler
                0x0000000008002390                DMA2_Stream2_IRQHandler
                0x0000000008002390                SPI1_IRQHandler
                0x0000000008002390                TIM6_DAC_IRQHandler
                0x0000000008002390                TIM1_BRK_TIM9_IRQHandler
                0x0000000008002390                DCMI_IRQHandler
                0x0000000008002390                CAN2_RX0_IRQHandler
                0x0000000008002390                DMA2_Stream3_IRQHandler
                0x0000000008002390                SAI2_IRQHandler
                0x0000000008002390                USART6_IRQHandler
                0x0000000008002390                USART3_IRQHandler
                0x0000000008002390                CAN1_RX1_IRQHandler
                0x0000000008002390                UART5_IRQHandler
                0x0000000008002390                DMA2_Stream0_IRQHandler
                0x0000000008002390                QUADSPI_IRQHandler
                0x0000000008002390                I2C1_EV_IRQHandler
                0x0000000008002390                DMA1_Stream6_IRQHandler
                0x0000000008002390                DMA1_Stream1_IRQHandler
                0x0000000008002390                UART4_IRQHandler
                0x0000000008002390                RCC_IRQHandler
                0x0000000008002390                TIM8_BRK_TIM12_IRQHandler
                0x0000000008002390                Default_Handler
                0x0000000008002390                CEC_IRQHandler
                0x0000000008002390                EXTI15_10_IRQHandler
                0x0000000008002390                ADC_IRQHandler
                0x0000000008002390                DMA1_Stream7_IRQHandler
                0x0000000008002390                SPI5_IRQHandler
                0x0000000008002390                TIM7_IRQHandler
                0x0000000008002390                SDMMC1_IRQHandler
                0x0000000008002390                CAN2_TX_IRQHandler
                0x0000000008002390                TIM5_IRQHandler
                0x0000000008002390                DMA2_Stream7_IRQHandler
                0x0000000008002390                I2C3_EV_IRQHandler
                0x0000000008002390                EXTI9_5_IRQHandler
                0x0000000008002390                RTC_WKUP_IRQHandler
                0x0000000008002390                ETH_WKUP_IRQHandler
                0x0000000008002390                SPDIF_RX_IRQHandler
                0x0000000008002390                SPI2_IRQHandler
                0x0000000008002390                OTG_HS_EP1_IN_IRQHandler
                0x0000000008002390                DMA1_Stream0_IRQHandler
                0x0000000008002390                CAN1_TX_IRQHandler
                0x0000000008002390                EXTI4_IRQHandler
                0x0000000008002390                RNG_IRQHandler
                0x0000000008002390                ETH_IRQHandler
                0x0000000008002390                OTG_HS_EP1_OUT_IRQHandler
                0x0000000008002390                WWDG_IRQHandler
                0x0000000008002390                SPI6_IRQHandler
                0x0000000008002390                I2C4_EV_IRQHandler
                0x0000000008002390                TIM2_IRQHandler
                0x0000000008002390                OTG_FS_WKUP_IRQHandler
                0x0000000008002390                TIM1_TRG_COM_TIM11_IRQHandler
                0x0000000008002390                OTG_HS_IRQHandler
                0x0000000008002390                DMA2D_IRQHandler
                0x0000000008002390                EXTI1_IRQHandler
                0x0000000008002390                UART7_IRQHandler
                0x0000000008002390                USART2_IRQHandler
                0x0000000008002390                I2C2_ER_IRQHandler
                0x0000000008002390                DMA2_Stream1_IRQHandler
                0x0000000008002390                CAN1_SCE_IRQHandler
                0x0000000008002390                FLASH_IRQHandler
                0x0000000008002390                DMA2_Stream4_IRQHandler
                0x0000000008002390                USART1_IRQHandler
                0x0000000008002390                OTG_FS_IRQHandler
                0x0000000008002390                SPI3_IRQHandler
                0x0000000008002390                DMA1_Stream4_IRQHandler
                0x0000000008002390                I2C1_ER_IRQHandler
                0x0000000008002390                FMC_IRQHandler
                0x0000000008002390                LPTIM1_IRQHandler
                0x0000000008002390                I2C4_ER_IRQHandler
                0x0000000008002390                DMA2_Stream6_IRQHandler
                0x0000000008002390                SAI1_IRQHandler
                0x0000000008002390                DMA1_Stream3_IRQHandler
 .text.HAL_Init
                0x0000000008002392       0x1a Drivers/STM32F7xx_HAL_Driver/Src/stm32f7xx_hal.o
                0x0000000008002392                HAL_Init
 .text.HAL_InitTick
                0x00000000080023ac       0x60 Drivers/STM32F7xx_HAL_Driver/Src/stm32f7xx_hal.o
                0x00000000080023ac                HAL_InitTick
 .text.HAL_IncTick
                0x000000000800240c       0x28 Drivers/STM32F7xx_HAL_Driver/Src/stm32f7xx_hal.o
                0x000000000800240c                HAL_IncTick
 .text.HAL_GetTick
                0x0000000008002434       0x18 Drivers/STM32F7xx_HAL_Driver/Src/stm32f7xx_hal.o
                0x0000000008002434                HAL_GetTick
 .text.HAL_Delay
                0x000000000800244c       0x48 Drivers/STM32F7xx_HAL_Driver/Src/stm32f7xx_hal.o
                0x000000000800244c                HAL_Delay
 .text.__NVIC_SetPriorityGrouping
                0x0000000008002494       0x48 Drivers/STM32F7xx_HAL_Driver/Src/stm32f7xx_hal_cortex.o
 .text.__NVIC_GetPriorityGrouping
                0x00000000080024dc       0x1c Drivers/STM32F7xx_HAL_Driver/Src/stm32f7xx_hal_cortex.o
 .text.__NVIC_EnableIRQ
                0x00000000080024f8       0x3c Drivers/STM32F7xx_HAL_Driver/Src/stm32f7xx_hal_cortex.o
 .text.__NVIC_SetPriority
                0x0000000008002534       0x54 Drivers/STM32F7xx_HAL_Driver/Src/stm32f7xx_hal_cortex.o
 .text.NVIC_EncodePriority
                0x0000000008002588       0x66 Drivers/STM32F7xx_HAL_Driver/Src/stm32f7xx_hal_cortex.o
 *fill*         0x00000000080025ee        0x2 
 .text.SysTick_Config
                0x00000000080025f0       0x44 Drivers/STM32F7xx_HAL_Driver/Src/stm32f7xx_hal_cortex.o
 .text.HAL_NVIC_SetPriorityGrouping
                0x0000000008002634       0x16 Drivers/STM32F7xx_HAL_Driver/Src/stm32f7xx_hal_cortex.o
                0x0000000008002634                HAL_NVIC_SetPriorityGrouping
 .text.HAL_NVIC_SetPriority
                0x000000000800264a       0x38 Drivers/STM32F7xx_HAL_Driver/Src/stm32f7xx_hal_cortex.o
                0x000000000800264a                HAL_NVIC_SetPriority
 .text.HAL_NVIC_EnableIRQ
                0x0000000008002682       0x1c Drivers/STM32F7xx_HAL_Driver/Src/stm32f7xx_hal_cortex.o
                0x0000000008002682                HAL_NVIC_EnableIRQ
 .text.HAL_SYSTICK_Config
                0x000000000800269e       0x18 Drivers/STM32F7xx_HAL_Driver/Src/stm32f7xx_hal_cortex.o
                0x000000000800269e                HAL_SYSTICK_Config
 *fill*         0x00000000080026b6        0x2 
 .text.HAL_GPIO_Init
                0x00000000080026b8      0x358 Drivers/STM32F7xx_HAL_Driver/Src/stm32f7xx_hal_gpio.o
                0x00000000080026b8                HAL_GPIO_Init
 .text.HAL_GPIO_WritePin
                0x0000000008002a10       0x32 Drivers/STM32F7xx_HAL_Driver/Src/stm32f7xx_hal_gpio.o
                0x0000000008002a10                HAL_GPIO_WritePin
 *fill*         0x0000000008002a42        0x2 
 .text.HAL_PWREx_EnableOverDrive
                0x0000000008002a44       0xa0 Drivers/STM32F7xx_HAL_Driver/Src/stm32f7xx_hal_pwr_ex.o
                0x0000000008002a44                HAL_PWREx_EnableOverDrive
 .text.HAL_RCC_OscConfig
                0x0000000008002ae4      0x548 Drivers/STM32F7xx_HAL_Driver/Src/stm32f7xx_hal_rcc.o
                0x0000000008002ae4                HAL_RCC_OscConfig
 .text.HAL_RCC_ClockConfig
                0x000000000800302c      0x1d8 Drivers/STM32F7xx_HAL_Driver/Src/stm32f7xx_hal_rcc.o
                0x000000000800302c                HAL_RCC_ClockConfig
 .text.HAL_RCC_GetSysClockFreq
                0x0000000008003204      0x16c Drivers/STM32F7xx_HAL_Driver/Src/stm32f7xx_hal_rcc.o
                0x0000000008003204                HAL_RCC_GetSysClockFreq
 .text.HAL_RCCEx_PeriphCLKConfig
                0x0000000008003370      0x770 Drivers/STM32F7xx_HAL_Driver/Src/stm32f7xx_hal_rcc_ex.o
                0x0000000008003370                HAL_RCCEx_PeriphCLKConfig
 .text.HAL_SPI_Init
                0x0000000008003ae0      0x156 Drivers/STM32F7xx_HAL_Driver/Src/stm32f7xx_hal_spi.o
                0x0000000008003ae0                HAL_SPI_Init
 .text.HAL_SPI_Transmit
                0x0000000008003c36      0x2dc Drivers/STM32F7xx_HAL_Driver/Src/stm32f7xx_hal_spi.o
                0x0000000008003c36                HAL_SPI_Transmit
 .text.HAL_SPI_TransmitReceive
                0x0000000008003f12      0x426 Drivers/STM32F7xx_HAL_Driver/Src/stm32f7xx_hal_spi.o
                0x0000000008003f12                HAL_SPI_TransmitReceive
 .text.SPI_WaitFlagStateUntilTimeout
                0x0000000008004338      0x110 Drivers/STM32F7xx_HAL_Driver/Src/stm32f7xx_hal_spi.o
 .text.SPI_WaitFifoStateUntilTimeout
                0x0000000008004448      0x124 Drivers/STM32F7xx_HAL_Driver/Src/stm32f7xx_hal_spi.o
 .text.SPI_EndRxTxTransaction
                0x000000000800456c       0x8c Drivers/STM32F7xx_HAL_Driver/Src/stm32f7xx_hal_spi.o
 .text.HAL_TIM_Base_Init
                0x00000000080045f8       0xae Drivers/STM32F7xx_HAL_Driver/Src/stm32f7xx_hal_tim.o
                0x00000000080045f8                HAL_TIM_Base_Init
 *fill*         0x00000000080046a6        0x2 
 .text.HAL_TIM_Base_Start_IT
                0x00000000080046a8       0xf0 Drivers/STM32F7xx_HAL_Driver/Src/stm32f7xx_hal_tim.o
                0x00000000080046a8                HAL_TIM_Base_Start_IT
 .text.TIM_Base_SetConfig
                0x0000000008004798      0x140 Drivers/STM32F7xx_HAL_Driver/Src/stm32f7xx_hal_tim.o
                0x0000000008004798                TIM_Base_SetConfig
 .text.__errno  0x00000000080048d8        0xc f:/idecube/stm32cubeide_1.6.1/stm32cubeide/plugins/com.st.stm32cube.ide.mcu.externaltools.gnu-tools-for-stm32.9-2020-q2-update.win32_1.5.0.202011040924/tools/bin/../lib/gcc/arm-none-eabi/9.3.1/../../../../arm-none-eabi/lib/thumb/v7e-m+fp/hard\libc_nano.a(lib_a-errno.o)
                0x00000000080048d8                __errno
 .text.__libc_init_array
                0x00000000080048e4       0x48 f:/idecube/stm32cubeide_1.6.1/stm32cubeide/plugins/com.st.stm32cube.ide.mcu.externaltools.gnu-tools-for-stm32.9-2020-q2-update.win32_1.5.0.202011040924/tools/bin/../lib/gcc/arm-none-eabi/9.3.1/../../../../arm-none-eabi/lib/thumb/v7e-m+fp/hard\libc_nano.a(lib_a-init.o)
                0x00000000080048e4                __libc_init_array
 .text.__itoa   0x000000000800492c       0x30 f:/idecube/stm32cubeide_1.6.1/stm32cubeide/plugins/com.st.stm32cube.ide.mcu.externaltools.gnu-tools-for-stm32.9-2020-q2-update.win32_1.5.0.202011040924/tools/bin/../lib/gcc/arm-none-eabi/9.3.1/../../../../arm-none-eabi/lib/thumb/v7e-m+fp/hard\libc_nano.a(lib_a-itoa.o)
                0x000000000800492c                __itoa
 .text.itoa     0x000000000800495c        0x4 f:/idecube/stm32cubeide_1.6.1/stm32cubeide/plugins/com.st.stm32cube.ide.mcu.externaltools.gnu-tools-for-stm32.9-2020-q2-update.win32_1.5.0.202011040924/tools/bin/../lib/gcc/arm-none-eabi/9.3.1/../../../../arm-none-eabi/lib/thumb/v7e-m+fp/hard\libc_nano.a(lib_a-itoa.o)
                0x000000000800495c                itoa
 .text.memset   0x0000000008004960       0x10 f:/idecube/stm32cubeide_1.6.1/stm32cubeide/plugins/com.st.stm32cube.ide.mcu.externaltools.gnu-tools-for-stm32.9-2020-q2-update.win32_1.5.0.202011040924/tools/bin/../lib/gcc/arm-none-eabi/9.3.1/../../../../arm-none-eabi/lib/thumb/v7e-m+fp/hard\libc_nano.a(lib_a-memset.o)
                0x0000000008004960                memset
 .text.__utoa   0x0000000008004970       0x84 f:/idecube/stm32cubeide_1.6.1/stm32cubeide/plugins/com.st.stm32cube.ide.mcu.externaltools.gnu-tools-for-stm32.9-2020-q2-update.win32_1.5.0.202011040924/tools/bin/../lib/gcc/arm-none-eabi/9.3.1/../../../../arm-none-eabi/lib/thumb/v7e-m+fp/hard\libc_nano.a(lib_a-utoa.o)
                0x0000000008004970                __utoa
 .text.sqrtf    0x00000000080049f4       0x4c f:/idecube/stm32cubeide_1.6.1/stm32cubeide/plugins/com.st.stm32cube.ide.mcu.externaltools.gnu-tools-for-stm32.9-2020-q2-update.win32_1.5.0.202011040924/tools/bin/../lib/gcc/arm-none-eabi/9.3.1/../../../../arm-none-eabi/lib/thumb/v7e-m+fp/hard\libm.a(lib_a-wf_sqrt.o)
                0x00000000080049f4                sqrtf
 .text.__ieee754_sqrtf
                0x0000000008004a40        0x6 f:/idecube/stm32cubeide_1.6.1/stm32cubeide/plugins/com.st.stm32cube.ide.mcu.externaltools.gnu-tools-for-stm32.9-2020-q2-update.win32_1.5.0.202011040924/tools/bin/../lib/gcc/arm-none-eabi/9.3.1/../../../../arm-none-eabi/lib/thumb/v7e-m+fp/hard\libm.a(lib_a-ef_sqrt.o)
                0x0000000008004a40                __ieee754_sqrtf
 *(.glue_7)
 .glue_7        0x0000000008004a46        0x0 linker stubs
 *(.glue_7t)
 .glue_7t       0x0000000008004a46        0x0 linker stubs
 *(.eh_frame)
 *fill*         0x0000000008004a46        0x2 
 .eh_frame      0x0000000008004a48        0x0 f:/idecube/stm32cubeide_1.6.1/stm32cubeide/plugins/com.st.stm32cube.ide.mcu.externaltools.gnu-tools-for-stm32.9-2020-q2-update.win32_1.5.0.202011040924/tools/bin/../lib/gcc/arm-none-eabi/9.3.1/thumb/v7e-m+fp/hard/crtbegin.o
 *(.init)
 .init          0x0000000008004a48        0x4 f:/idecube/stm32cubeide_1.6.1/stm32cubeide/plugins/com.st.stm32cube.ide.mcu.externaltools.gnu-tools-for-stm32.9-2020-q2-update.win32_1.5.0.202011040924/tools/bin/../lib/gcc/arm-none-eabi/9.3.1/thumb/v7e-m+fp/hard/crti.o
                0x0000000008004a48                _init
 .init          0x0000000008004a4c        0x8 f:/idecube/stm32cubeide_1.6.1/stm32cubeide/plugins/com.st.stm32cube.ide.mcu.externaltools.gnu-tools-for-stm32.9-2020-q2-update.win32_1.5.0.202011040924/tools/bin/../lib/gcc/arm-none-eabi/9.3.1/thumb/v7e-m+fp/hard/crtn.o
 *(.fini)
 .fini          0x0000000008004a54        0x4 f:/idecube/stm32cubeide_1.6.1/stm32cubeide/plugins/com.st.stm32cube.ide.mcu.externaltools.gnu-tools-for-stm32.9-2020-q2-update.win32_1.5.0.202011040924/tools/bin/../lib/gcc/arm-none-eabi/9.3.1/thumb/v7e-m+fp/hard/crti.o
                0x0000000008004a54                _fini
 .fini          0x0000000008004a58        0x8 f:/idecube/stm32cubeide_1.6.1/stm32cubeide/plugins/com.st.stm32cube.ide.mcu.externaltools.gnu-tools-for-stm32.9-2020-q2-update.win32_1.5.0.202011040924/tools/bin/../lib/gcc/arm-none-eabi/9.3.1/thumb/v7e-m+fp/hard/crtn.o
                0x0000000008004a60                . = ALIGN (0x4)
                0x0000000008004a60                _etext = .

.vfp11_veneer   0x0000000008004a60        0x0
 .vfp11_veneer  0x0000000008004a60        0x0 linker stubs

.v4_bx          0x0000000008004a60        0x0
 .v4_bx         0x0000000008004a60        0x0 linker stubs

.iplt           0x0000000008004a60        0x0
 .iplt          0x0000000008004a60        0x0 f:/idecube/stm32cubeide_1.6.1/stm32cubeide/plugins/com.st.stm32cube.ide.mcu.externaltools.gnu-tools-for-stm32.9-2020-q2-update.win32_1.5.0.202011040924/tools/bin/../lib/gcc/arm-none-eabi/9.3.1/thumb/v7e-m+fp/hard/crtbegin.o

.rodata         0x0000000008004a60      0xe0c
                0x0000000008004a60                . = ALIGN (0x4)
 *(.rodata)
 *(.rodata*)
 .rodata.Font11x18
                0x0000000008004a60      0xd5c Core/Src/fonts.o
 .rodata.init_cmds1
                0x00000000080057bc       0x3b Core/Src/st7735.o
 *fill*         0x00000000080057f7        0x1 
 .rodata.init_cmds2
                0x00000000080057f8        0xd Core/Src/st7735.o
 *fill*         0x0000000008005805        0x3 
 .rodata.init_cmds3
                0x0000000008005808       0x2b Core/Src/st7735.o
 *fill*         0x0000000008005833        0x1 
 .rodata.AHBPrescTable
                0x0000000008005834       0x10 Core/Src/system_stm32f7xx.o
                0x0000000008005834                AHBPrescTable
 .rodata.__utoa.str1.1
                0x0000000008005844       0x25 f:/idecube/stm32cubeide_1.6.1/stm32cubeide/plugins/com.st.stm32cube.ide.mcu.externaltools.gnu-tools-for-stm32.9-2020-q2-update.win32_1.5.0.202011040924/tools/bin/../lib/gcc/arm-none-eabi/9.3.1/../../../../arm-none-eabi/lib/thumb/v7e-m+fp/hard\libc_nano.a(lib_a-utoa.o)
                0x000000000800586c                . = ALIGN (0x4)
 *fill*         0x0000000008005869        0x3 

.ARM.extab      0x000000000800586c        0x0
                0x000000000800586c                . = ALIGN (0x4)
 *(.ARM.extab* .gnu.linkonce.armextab.*)
                0x000000000800586c                . = ALIGN (0x4)

.ARM            0x000000000800586c        0x8
                0x000000000800586c                . = ALIGN (0x4)
                0x000000000800586c                __exidx_start = .
 *(.ARM.exidx*)
 .ARM.exidx     0x000000000800586c        0x8 f:/idecube/stm32cubeide_1.6.1/stm32cubeide/plugins/com.st.stm32cube.ide.mcu.externaltools.gnu-tools-for-stm32.9-2020-q2-update.win32_1.5.0.202011040924/tools/bin/../lib/gcc/arm-none-eabi/9.3.1/thumb/v7e-m+fp/hard\libgcc.a(_udivmoddi4.o)
                0x0000000008005874                __exidx_end = .
                0x0000000008005874                . = ALIGN (0x4)

.rel.dyn        0x0000000008005874        0x0
 .rel.iplt      0x0000000008005874        0x0 f:/idecube/stm32cubeide_1.6.1/stm32cubeide/plugins/com.st.stm32cube.ide.mcu.externaltools.gnu-tools-for-stm32.9-2020-q2-update.win32_1.5.0.202011040924/tools/bin/../lib/gcc/arm-none-eabi/9.3.1/thumb/v7e-m+fp/hard/crtbegin.o

.preinit_array  0x0000000008005874        0x0
                0x0000000008005874                . = ALIGN (0x4)
                0x0000000008005874                PROVIDE (__preinit_array_start = .)
 *(.preinit_array*)
                0x0000000008005874                PROVIDE (__preinit_array_end = .)
                0x0000000008005874                . = ALIGN (0x4)

.init_array     0x0000000008005874        0x4
                0x0000000008005874                . = ALIGN (0x4)
                0x0000000008005874                PROVIDE (__init_array_start = .)
 *(SORT_BY_NAME(.init_array.*))
 *(.init_array*)
 .init_array    0x0000000008005874        0x4 f:/idecube/stm32cubeide_1.6.1/stm32cubeide/plugins/com.st.stm32cube.ide.mcu.externaltools.gnu-tools-for-stm32.9-2020-q2-update.win32_1.5.0.202011040924/tools/bin/../lib/gcc/arm-none-eabi/9.3.1/thumb/v7e-m+fp/hard/crtbegin.o
                0x0000000008005878                PROVIDE (__init_array_end = .)
                0x0000000008005878                . = ALIGN (0x4)

.fini_array     0x0000000008005878        0x4
                0x0000000008005878                . = ALIGN (0x4)
                [!provide]                        PROVIDE (__fini_array_start = .)
 *(SORT_BY_NAME(.fini_array.*))
 *(.fini_array*)
 .fini_array    0x0000000008005878        0x4 f:/idecube/stm32cubeide_1.6.1/stm32cubeide/plugins/com.st.stm32cube.ide.mcu.externaltools.gnu-tools-for-stm32.9-2020-q2-update.win32_1.5.0.202011040924/tools/bin/../lib/gcc/arm-none-eabi/9.3.1/thumb/v7e-m+fp/hard/crtbegin.o
                [!provide]                        PROVIDE (__fini_array_end = .)
                0x000000000800587c                . = ALIGN (0x4)
                0x000000000800587c                _sidata = LOADADDR (.data)

.data           0x0000000020000000      0x134 load address 0x000000000800587c
                0x0000000020000000                . = ALIGN (0x4)
                0x0000000020000000                _sdata = .
 *(.data)
 *(.data*)
 .data.coskoefFT
                0x0000000020000000       0x50 Core/Src/FT_float.o
                0x0000000020000000                coskoefFT
 .data.sinkoefFT
                0x0000000020000050       0x50 Core/Src/FT_float.o
                0x0000000020000050                sinkoefFT
 .data.KoefSin  0x00000000200000a0       0x14 Core/Src/FT_float.o
                0x00000000200000a0                KoefSin
 .data.Font_11x18
                0x00000000200000b4        0x8 Core/Src/fonts.o
                0x00000000200000b4                Font_11x18
 .data._height  0x00000000200000bc        0x2 Core/Src/st7735.o
 .data._width   0x00000000200000be        0x2 Core/Src/st7735.o
 .data.SystemCoreClock
                0x00000000200000c0        0x4 Core/Src/system_stm32f7xx.o
                0x00000000200000c0                SystemCoreClock
 .data.uwTickPrio
                0x00000000200000c4        0x4 Drivers/STM32F7xx_HAL_Driver/Src/stm32f7xx_hal.o
                0x00000000200000c4                uwTickPrio
 .data.uwTickFreq
                0x00000000200000c8        0x1 Drivers/STM32F7xx_HAL_Driver/Src/stm32f7xx_hal.o
                0x00000000200000c8                uwTickFreq
 *fill*         0x00000000200000c9        0x3 
 .data._impure_ptr
                0x00000000200000cc        0x4 f:/idecube/stm32cubeide_1.6.1/stm32cubeide/plugins/com.st.stm32cube.ide.mcu.externaltools.gnu-tools-for-stm32.9-2020-q2-update.win32_1.5.0.202011040924/tools/bin/../lib/gcc/arm-none-eabi/9.3.1/../../../../arm-none-eabi/lib/thumb/v7e-m+fp/hard\libc_nano.a(lib_a-impure.o)
                0x00000000200000cc                _impure_ptr
 .data.impure_data
                0x00000000200000d0       0x60 f:/idecube/stm32cubeide_1.6.1/stm32cubeide/plugins/com.st.stm32cube.ide.mcu.externaltools.gnu-tools-for-stm32.9-2020-q2-update.win32_1.5.0.202011040924/tools/bin/../lib/gcc/arm-none-eabi/9.3.1/../../../../arm-none-eabi/lib/thumb/v7e-m+fp/hard\libc_nano.a(lib_a-impure.o)
 .data.__fdlib_version
                0x0000000020000130        0x1 f:/idecube/stm32cubeide_1.6.1/stm32cubeide/plugins/com.st.stm32cube.ide.mcu.externaltools.gnu-tools-for-stm32.9-2020-q2-update.win32_1.5.0.202011040924/tools/bin/../lib/gcc/arm-none-eabi/9.3.1/../../../../arm-none-eabi/lib/thumb/v7e-m+fp/hard\libm.a(lib_a-s_lib_ver.o)
                0x0000000020000130                __fdlib_version
 *(.RamFunc)
 *(.RamFunc*)
                0x0000000020000134                . = ALIGN (0x4)
 *fill*         0x0000000020000131        0x3 
                0x0000000020000134                _edata = .

.igot.plt       0x0000000020000134        0x0 load address 0x00000000080059b0
 .igot.plt      0x0000000020000134        0x0 f:/idecube/stm32cubeide_1.6.1/stm32cubeide/plugins/com.st.stm32cube.ide.mcu.externaltools.gnu-tools-for-stm32.9-2020-q2-update.win32_1.5.0.202011040924/tools/bin/../lib/gcc/arm-none-eabi/9.3.1/thumb/v7e-m+fp/hard/crtbegin.o
                0x0000000020000134                . = ALIGN (0x4)

.bss            0x0000000020000134      0x708 load address 0x00000000080059b0
                0x0000000020000134                _sbss = .
                0x0000000020000134                __bss_start__ = _sbss
 *(.bss)
 .bss           0x0000000020000134       0x1c f:/idecube/stm32cubeide_1.6.1/stm32cubeide/plugins/com.st.stm32cube.ide.mcu.externaltools.gnu-tools-for-stm32.9-2020-q2-update.win32_1.5.0.202011040924/tools/bin/../lib/gcc/arm-none-eabi/9.3.1/thumb/v7e-m+fp/hard/crtbegin.o
 *(.bss*)
 .bss.statADCBuffRefresh
                0x0000000020000150        0x1 Core/Src/BaseWork.o
                0x0000000020000150                statADCBuffRefresh
 *fill*         0x0000000020000151        0x3 
 .bss.temp      0x0000000020000154        0x4 Core/Src/BaseWork.o
                0x0000000020000154                temp
 .bss.U1Cod     0x0000000020000158        0x2 Core/Src/main.o
                0x0000000020000158                U1Cod
 .bss.U2Cod     0x000000002000015a        0x2 Core/Src/main.o
                0x000000002000015a                U2Cod
 .bss.U3Cod     0x000000002000015c        0x2 Core/Src/main.o
                0x000000002000015c                U3Cod
 .bss.U4Cod     0x000000002000015e        0x2 Core/Src/main.o
                0x000000002000015e                U4Cod
 .bss._xstart   0x0000000020000160        0x1 Core/Src/st7735.o
 .bss._ystart   0x0000000020000161        0x1 Core/Src/st7735.o
 *(COMMON)
 *fill*         0x0000000020000162        0x2 
 COMMON         0x0000000020000164      0x424 Core/Src/BaseWork.o
                0x0000000020000164                ADC_Values2
                0x0000000020000218                ADC_Values1
                0x00000000200002cc                Value_vt1
                0x00000000200003e0                I_PWM
                0x00000000200003e4                compareSelectU
                0x00000000200003ec                StateU_FA
                0x00000000200003f0                Value_vt2
                0x0000000020000504                masRezult
                0x0000000020000508                array_data
 COMMON         0x0000000020000588       0x6c Core/Src/FlashSST25.o
                0x0000000020000588                dwWriteAddr
                0x000000002000058c                deviceCaps
                0x0000000020000590                SpiHandle
 COMMON         0x00000000200005f4      0x244 Core/Src/main.o
                0x00000000200005f4                hspi2
                0x0000000020000658                htim4
                0x00000000200006a4                htim3
                0x00000000200006f0                hspi1
                0x0000000020000754                huart2
                0x00000000200007d8                hdma_spi1_tx
 COMMON         0x0000000020000838        0x4 Drivers/STM32F7xx_HAL_Driver/Src/stm32f7xx_hal.o
                0x0000000020000838                uwTick
                0x000000002000083c                . = ALIGN (0x4)
                0x000000002000083c                _ebss = .
                0x000000002000083c                __bss_end__ = _ebss

._user_heap_stack
                0x000000002000083c      0x604 load address 0x00000000080059b0
                0x0000000020000840                . = ALIGN (0x8)
 *fill*         0x000000002000083c        0x4 
                0x0000000020000840                PROVIDE (end = .)
                [!provide]                        PROVIDE (_end = .)
                0x0000000020000a40                . = (. + _Min_Heap_Size)
 *fill*         0x0000000020000840      0x200 
                0x0000000020000e40                . = (. + _Min_Stack_Size)
 *fill*         0x0000000020000a40      0x400 
                0x0000000020000e40                . = ALIGN (0x8)

/DISCARD/
 libc.a(*)
 libm.a(*)
 libgcc.a(*)

.ARM.attributes
                0x0000000000000000       0x30
 *(.ARM.attributes)
 .ARM.attributes
                0x0000000000000000       0x1e f:/idecube/stm32cubeide_1.6.1/stm32cubeide/plugins/com.st.stm32cube.ide.mcu.externaltools.gnu-tools-for-stm32.9-2020-q2-update.win32_1.5.0.202011040924/tools/bin/../lib/gcc/arm-none-eabi/9.3.1/thumb/v7e-m+fp/hard/crti.o
 .ARM.attributes
                0x000000000000001e       0x34 f:/idecube/stm32cubeide_1.6.1/stm32cubeide/plugins/com.st.stm32cube.ide.mcu.externaltools.gnu-tools-for-stm32.9-2020-q2-update.win32_1.5.0.202011040924/tools/bin/../lib/gcc/arm-none-eabi/9.3.1/thumb/v7e-m+fp/hard/crtbegin.o
 .ARM.attributes
                0x0000000000000052       0x34 Core/Src/BaseWork.o
 .ARM.attributes
                0x0000000000000086       0x34 Core/Src/FT_float.o
 .ARM.attributes
                0x00000000000000ba       0x34 Core/Src/FlashSST25.o
 .ARM.attributes
                0x00000000000000ee       0x39 Core/Src/fonts.o
 .ARM.attributes
                0x0000000000000127       0x34 Core/Src/main.o
 .ARM.attributes
                0x000000000000015b       0x34 Core/Src/st7735.o
 .ARM.attributes
                0x000000000000018f       0x34 Core/Src/stm32f7xx_hal_msp.o
 .ARM.attributes
                0x00000000000001c3       0x34 Core/Src/stm32f7xx_it.o
 .ARM.attributes
                0x00000000000001f7       0x34 Core/Src/system_stm32f7xx.o
 .ARM.attributes
                0x000000000000022b       0x21 Core/Startup/startup_stm32f745vetx.o
 .ARM.attributes
                0x000000000000024c       0x34 Drivers/STM32F7xx_HAL_Driver/Src/stm32f7xx_hal.o
 .ARM.attributes
                0x0000000000000280       0x34 Drivers/STM32F7xx_HAL_Driver/Src/stm32f7xx_hal_cortex.o
 .ARM.attributes
                0x00000000000002b4       0x34 Drivers/STM32F7xx_HAL_Driver/Src/stm32f7xx_hal_gpio.o
 .ARM.attributes
                0x00000000000002e8       0x34 Drivers/STM32F7xx_HAL_Driver/Src/stm32f7xx_hal_pwr_ex.o
 .ARM.attributes
                0x000000000000031c       0x34 Drivers/STM32F7xx_HAL_Driver/Src/stm32f7xx_hal_rcc.o
 .ARM.attributes
                0x0000000000000350       0x34 Drivers/STM32F7xx_HAL_Driver/Src/stm32f7xx_hal_rcc_ex.o
 .ARM.attributes
                0x0000000000000384       0x34 Drivers/STM32F7xx_HAL_Driver/Src/stm32f7xx_hal_spi.o
 .ARM.attributes
                0x00000000000003b8       0x34 Drivers/STM32F7xx_HAL_Driver/Src/stm32f7xx_hal_tim.o
 .ARM.attributes
                0x00000000000003ec       0x34 f:/idecube/stm32cubeide_1.6.1/stm32cubeide/plugins/com.st.stm32cube.ide.mcu.externaltools.gnu-tools-for-stm32.9-2020-q2-update.win32_1.5.0.202011040924/tools/bin/../lib/gcc/arm-none-eabi/9.3.1/../../../../arm-none-eabi/lib/thumb/v7e-m+fp/hard\libc_nano.a(lib_a-errno.o)
 .ARM.attributes
                0x0000000000000420       0x32 f:/idecube/stm32cubeide_1.6.1/stm32cubeide/plugins/com.st.stm32cube.ide.mcu.externaltools.gnu-tools-for-stm32.9-2020-q2-update.win32_1.5.0.202011040924/tools/bin/../lib/gcc/arm-none-eabi/9.3.1/../../../../arm-none-eabi/lib/thumb/v7e-m+fp/hard\libc_nano.a(lib_a-impure.o)
 .ARM.attributes
                0x0000000000000452       0x34 f:/idecube/stm32cubeide_1.6.1/stm32cubeide/plugins/com.st.stm32cube.ide.mcu.externaltools.gnu-tools-for-stm32.9-2020-q2-update.win32_1.5.0.202011040924/tools/bin/../lib/gcc/arm-none-eabi/9.3.1/../../../../arm-none-eabi/lib/thumb/v7e-m+fp/hard\libc_nano.a(lib_a-init.o)
 .ARM.attributes
                0x0000000000000486       0x34 f:/idecube/stm32cubeide_1.6.1/stm32cubeide/plugins/com.st.stm32cube.ide.mcu.externaltools.gnu-tools-for-stm32.9-2020-q2-update.win32_1.5.0.202011040924/tools/bin/../lib/gcc/arm-none-eabi/9.3.1/../../../../arm-none-eabi/lib/thumb/v7e-m+fp/hard\libc_nano.a(lib_a-itoa.o)
 .ARM.attributes
                0x00000000000004ba       0x34 f:/idecube/stm32cubeide_1.6.1/stm32cubeide/plugins/com.st.stm32cube.ide.mcu.externaltools.gnu-tools-for-stm32.9-2020-q2-update.win32_1.5.0.202011040924/tools/bin/../lib/gcc/arm-none-eabi/9.3.1/../../../../arm-none-eabi/lib/thumb/v7e-m+fp/hard\libc_nano.a(lib_a-memset.o)
 .ARM.attributes
                0x00000000000004ee       0x34 f:/idecube/stm32cubeide_1.6.1/stm32cubeide/plugins/com.st.stm32cube.ide.mcu.externaltools.gnu-tools-for-stm32.9-2020-q2-update.win32_1.5.0.202011040924/tools/bin/../lib/gcc/arm-none-eabi/9.3.1/../../../../arm-none-eabi/lib/thumb/v7e-m+fp/hard\libc_nano.a(lib_a-utoa.o)
 .ARM.attributes
                0x0000000000000522       0x34 f:/idecube/stm32cubeide_1.6.1/stm32cubeide/plugins/com.st.stm32cube.ide.mcu.externaltools.gnu-tools-for-stm32.9-2020-q2-update.win32_1.5.0.202011040924/tools/bin/../lib/gcc/arm-none-eabi/9.3.1/../../../../arm-none-eabi/lib/thumb/v7e-m+fp/hard\libm.a(lib_a-wf_sqrt.o)
 .ARM.attributes
                0x0000000000000556       0x34 f:/idecube/stm32cubeide_1.6.1/stm32cubeide/plugins/com.st.stm32cube.ide.mcu.externaltools.gnu-tools-for-stm32.9-2020-q2-update.win32_1.5.0.202011040924/tools/bin/../lib/gcc/arm-none-eabi/9.3.1/../../../../arm-none-eabi/lib/thumb/v7e-m+fp/hard\libm.a(lib_a-ef_sqrt.o)
 .ARM.attributes
                0x000000000000058a       0x32 f:/idecube/stm32cubeide_1.6.1/stm32cubeide/plugins/com.st.stm32cube.ide.mcu.externaltools.gnu-tools-for-stm32.9-2020-q2-update.win32_1.5.0.202011040924/tools/bin/../lib/gcc/arm-none-eabi/9.3.1/../../../../arm-none-eabi/lib/thumb/v7e-m+fp/hard\libm.a(lib_a-s_lib_ver.o)
 .ARM.attributes
                0x00000000000005bc       0x1e f:/idecube/stm32cubeide_1.6.1/stm32cubeide/plugins/com.st.stm32cube.ide.mcu.externaltools.gnu-tools-for-stm32.9-2020-q2-update.win32_1.5.0.202011040924/tools/bin/../lib/gcc/arm-none-eabi/9.3.1/thumb/v7e-m+fp/hard\libgcc.a(_arm_muldf3.o)
 .ARM.attributes
                0x00000000000005da       0x1e f:/idecube/stm32cubeide_1.6.1/stm32cubeide/plugins/com.st.stm32cube.ide.mcu.externaltools.gnu-tools-for-stm32.9-2020-q2-update.win32_1.5.0.202011040924/tools/bin/../lib/gcc/arm-none-eabi/9.3.1/thumb/v7e-m+fp/hard\libgcc.a(_arm_addsubdf3.o)
 .ARM.attributes
                0x00000000000005f8       0x1e f:/idecube/stm32cubeide_1.6.1/stm32cubeide/plugins/com.st.stm32cube.ide.mcu.externaltools.gnu-tools-for-stm32.9-2020-q2-update.win32_1.5.0.202011040924/tools/bin/../lib/gcc/arm-none-eabi/9.3.1/thumb/v7e-m+fp/hard\libgcc.a(_arm_fixunsdfsi.o)
 .ARM.attributes
                0x0000000000000616       0x1e f:/idecube/stm32cubeide_1.6.1/stm32cubeide/plugins/com.st.stm32cube.ide.mcu.externaltools.gnu-tools-for-stm32.9-2020-q2-update.win32_1.5.0.202011040924/tools/bin/../lib/gcc/arm-none-eabi/9.3.1/thumb/v7e-m+fp/hard\libgcc.a(_aeabi_uldivmod.o)
 .ARM.attributes
                0x0000000000000634       0x34 f:/idecube/stm32cubeide_1.6.1/stm32cubeide/plugins/com.st.stm32cube.ide.mcu.externaltools.gnu-tools-for-stm32.9-2020-q2-update.win32_1.5.0.202011040924/tools/bin/../lib/gcc/arm-none-eabi/9.3.1/thumb/v7e-m+fp/hard\libgcc.a(_udivmoddi4.o)
 .ARM.attributes
                0x0000000000000668       0x1e f:/idecube/stm32cubeide_1.6.1/stm32cubeide/plugins/com.st.stm32cube.ide.mcu.externaltools.gnu-tools-for-stm32.9-2020-q2-update.win32_1.5.0.202011040924/tools/bin/../lib/gcc/arm-none-eabi/9.3.1/thumb/v7e-m+fp/hard\libgcc.a(_dvmd_tls.o)
 .ARM.attributes
                0x0000000000000686       0x1e f:/idecube/stm32cubeide_1.6.1/stm32cubeide/plugins/com.st.stm32cube.ide.mcu.externaltools.gnu-tools-for-stm32.9-2020-q2-update.win32_1.5.0.202011040924/tools/bin/../lib/gcc/arm-none-eabi/9.3.1/thumb/v7e-m+fp/hard/crtn.o
OUTPUT(stm745final.elf elf32-littlearm)
LOAD linker stubs
LOAD f:/idecube/stm32cubeide_1.6.1/stm32cubeide/plugins/com.st.stm32cube.ide.mcu.externaltools.gnu-tools-for-stm32.9-2020-q2-update.win32_1.5.0.202011040924/tools/bin/../lib/gcc/arm-none-eabi/9.3.1/../../../../arm-none-eabi/lib/thumb/v7e-m+fp/hard\libc.a
LOAD f:/idecube/stm32cubeide_1.6.1/stm32cubeide/plugins/com.st.stm32cube.ide.mcu.externaltools.gnu-tools-for-stm32.9-2020-q2-update.win32_1.5.0.202011040924/tools/bin/../lib/gcc/arm-none-eabi/9.3.1/../../../../arm-none-eabi/lib/thumb/v7e-m+fp/hard\libm.a
LOAD f:/idecube/stm32cubeide_1.6.1/stm32cubeide/plugins/com.st.stm32cube.ide.mcu.externaltools.gnu-tools-for-stm32.9-2020-q2-update.win32_1.5.0.202011040924/tools/bin/../lib/gcc/arm-none-eabi/9.3.1/thumb/v7e-m+fp/hard\libgcc.a

.debug_info     0x0000000000000000    0x133b3
 .debug_info    0x0000000000000000     0x1704 Core/Src/BaseWork.o
 .debug_info    0x0000000000001704      0xaf4 Core/Src/FT_float.o
 .debug_info    0x00000000000021f8      0xc29 Core/Src/FlashSST25.o
 .debug_info    0x0000000000002e21      0x1ae Core/Src/fonts.o
 .debug_info    0x0000000000002fcf     0x2d4c Core/Src/main.o
 .debug_info    0x0000000000005d1b     0x2323 Core/Src/st7735.o
 .debug_info    0x000000000000803e     0x12a9 Core/Src/stm32f7xx_hal_msp.o
 .debug_info    0x00000000000092e7     0x1595 Core/Src/stm32f7xx_it.o
 .debug_info    0x000000000000a87c      0x7ad Core/Src/system_stm32f7xx.o
 .debug_info    0x000000000000b029       0x22 Core/Startup/startup_stm32f745vetx.o
 .debug_info    0x000000000000b04b      0xa36 Drivers/STM32F7xx_HAL_Driver/Src/stm32f7xx_hal.o
 .debug_info    0x000000000000ba81     0x110a Drivers/STM32F7xx_HAL_Driver/Src/stm32f7xx_hal_cortex.o
 .debug_info    0x000000000000cb8b      0x868 Drivers/STM32F7xx_HAL_Driver/Src/stm32f7xx_hal_gpio.o
 .debug_info    0x000000000000d3f3      0x9f6 Drivers/STM32F7xx_HAL_Driver/Src/stm32f7xx_hal_pwr_ex.o
 .debug_info    0x000000000000dde9      0x9cc Drivers/STM32F7xx_HAL_Driver/Src/stm32f7xx_hal_rcc.o
 .debug_info    0x000000000000e7b5      0x82c Drivers/STM32F7xx_HAL_Driver/Src/stm32f7xx_hal_rcc_ex.o
 .debug_info    0x000000000000efe1     0x1825 Drivers/STM32F7xx_HAL_Driver/Src/stm32f7xx_hal_spi.o
 .debug_info    0x0000000000010806     0x2bad Drivers/STM32F7xx_HAL_Driver/Src/stm32f7xx_hal_tim.o

.debug_abbrev   0x0000000000000000     0x271f
 .debug_abbrev  0x0000000000000000      0x33b Core/Src/BaseWork.o
 .debug_abbrev  0x000000000000033b      0x1fd Core/Src/FT_float.o
 .debug_abbrev  0x0000000000000538      0x2ca Core/Src/FlashSST25.o
 .debug_abbrev  0x0000000000000802       0xad Core/Src/fonts.o
 .debug_abbrev  0x00000000000008af      0x396 Core/Src/main.o
 .debug_abbrev  0x0000000000000c45      0x318 Core/Src/st7735.o
 .debug_abbrev  0x0000000000000f5d      0x219 Core/Src/stm32f7xx_hal_msp.o
 .debug_abbrev  0x0000000000001176      0x273 Core/Src/stm32f7xx_it.o
 .debug_abbrev  0x00000000000013e9      0x165 Core/Src/system_stm32f7xx.o
 .debug_abbrev  0x000000000000154e       0x12 Core/Startup/startup_stm32f745vetx.o
 .debug_abbrev  0x0000000000001560      0x1ed Drivers/STM32F7xx_HAL_Driver/Src/stm32f7xx_hal.o
 .debug_abbrev  0x000000000000174d      0x33c Drivers/STM32F7xx_HAL_Driver/Src/stm32f7xx_hal_cortex.o
 .debug_abbrev  0x0000000000001a89      0x1f1 Drivers/STM32F7xx_HAL_Driver/Src/stm32f7xx_hal_gpio.o
 .debug_abbrev  0x0000000000001c7a      0x1dc Drivers/STM32F7xx_HAL_Driver/Src/stm32f7xx_hal_pwr_ex.o
 .debug_abbrev  0x0000000000001e56      0x246 Drivers/STM32F7xx_HAL_Driver/Src/stm32f7xx_hal_rcc.o
 .debug_abbrev  0x000000000000209c      0x1d1 Drivers/STM32F7xx_HAL_Driver/Src/stm32f7xx_hal_rcc_ex.o
 .debug_abbrev  0x000000000000226d      0x254 Drivers/STM32F7xx_HAL_Driver/Src/stm32f7xx_hal_spi.o
 .debug_abbrev  0x00000000000024c1      0x25e Drivers/STM32F7xx_HAL_Driver/Src/stm32f7xx_hal_tim.o

.debug_aranges  0x0000000000000000      0xd90
 .debug_aranges
                0x0000000000000000       0x58 Core/Src/BaseWork.o
 .debug_aranges
                0x0000000000000058       0x30 Core/Src/FT_float.o
 .debug_aranges
                0x0000000000000088       0x90 Core/Src/FlashSST25.o
 .debug_aranges
                0x0000000000000118       0x18 Core/Src/fonts.o
 .debug_aranges
                0x0000000000000130       0x90 Core/Src/main.o
 .debug_aranges
                0x00000000000001c0      0x128 Core/Src/st7735.o
 .debug_aranges
                0x00000000000002e8       0x50 Core/Src/stm32f7xx_hal_msp.o
 .debug_aranges
                0x0000000000000338       0x88 Core/Src/stm32f7xx_it.o
 .debug_aranges
                0x00000000000003c0       0x28 Core/Src/system_stm32f7xx.o
 .debug_aranges
                0x00000000000003e8       0x28 Core/Startup/startup_stm32f745vetx.o
 .debug_aranges
                0x0000000000000410      0x100 Drivers/STM32F7xx_HAL_Driver/Src/stm32f7xx_hal.o
 .debug_aranges
                0x0000000000000510      0x118 Drivers/STM32F7xx_HAL_Driver/Src/stm32f7xx_hal_cortex.o
 .debug_aranges
                0x0000000000000628       0x58 Drivers/STM32F7xx_HAL_Driver/Src/stm32f7xx_hal_gpio.o
 .debug_aranges
                0x0000000000000680       0x80 Drivers/STM32F7xx_HAL_Driver/Src/stm32f7xx_hal_pwr_ex.o
 .debug_aranges
                0x0000000000000700       0x88 Drivers/STM32F7xx_HAL_Driver/Src/stm32f7xx_hal_rcc.o
 .debug_aranges
                0x0000000000000788       0x50 Drivers/STM32F7xx_HAL_Driver/Src/stm32f7xx_hal_rcc_ex.o
 .debug_aranges
                0x00000000000007d8      0x1d8 Drivers/STM32F7xx_HAL_Driver/Src/stm32f7xx_hal_spi.o
 .debug_aranges
                0x00000000000009b0      0x3e0 Drivers/STM32F7xx_HAL_Driver/Src/stm32f7xx_hal_tim.o

.debug_ranges   0x0000000000000000      0xc70
 .debug_ranges  0x0000000000000000       0x48 Core/Src/BaseWork.o
 .debug_ranges  0x0000000000000048       0x20 Core/Src/FT_float.o
 .debug_ranges  0x0000000000000068       0x80 Core/Src/FlashSST25.o
 .debug_ranges  0x00000000000000e8       0x80 Core/Src/main.o
 .debug_ranges  0x0000000000000168      0x118 Core/Src/st7735.o
 .debug_ranges  0x0000000000000280       0x40 Core/Src/stm32f7xx_hal_msp.o
 .debug_ranges  0x00000000000002c0       0x78 Core/Src/stm32f7xx_it.o
 .debug_ranges  0x0000000000000338       0x18 Core/Src/system_stm32f7xx.o
 .debug_ranges  0x0000000000000350       0x20 Core/Startup/startup_stm32f745vetx.o
 .debug_ranges  0x0000000000000370       0xf0 Drivers/STM32F7xx_HAL_Driver/Src/stm32f7xx_hal.o
 .debug_ranges  0x0000000000000460      0x108 Drivers/STM32F7xx_HAL_Driver/Src/stm32f7xx_hal_cortex.o
 .debug_ranges  0x0000000000000568       0x48 Drivers/STM32F7xx_HAL_Driver/Src/stm32f7xx_hal_gpio.o
 .debug_ranges  0x00000000000005b0       0x70 Drivers/STM32F7xx_HAL_Driver/Src/stm32f7xx_hal_pwr_ex.o
 .debug_ranges  0x0000000000000620       0x78 Drivers/STM32F7xx_HAL_Driver/Src/stm32f7xx_hal_rcc.o
 .debug_ranges  0x0000000000000698       0x40 Drivers/STM32F7xx_HAL_Driver/Src/stm32f7xx_hal_rcc_ex.o
 .debug_ranges  0x00000000000006d8      0x1c8 Drivers/STM32F7xx_HAL_Driver/Src/stm32f7xx_hal_spi.o
 .debug_ranges  0x00000000000008a0      0x3d0 Drivers/STM32F7xx_HAL_Driver/Src/stm32f7xx_hal_tim.o

.debug_macro    0x0000000000000000    0x26fc2
 .debug_macro   0x0000000000000000      0x32c Core/Src/BaseWork.o
 .debug_macro   0x000000000000032c      0xaa8 Core/Src/BaseWork.o
 .debug_macro   0x0000000000000dd4      0x299 Core/Src/BaseWork.o
 .debug_macro   0x000000000000106d       0x2e Core/Src/BaseWork.o
 .debug_macro   0x000000000000109b       0x3b Core/Src/BaseWork.o
 .debug_macro   0x00000000000010d6       0x22 Core/Src/BaseWork.o
 .debug_macro   0x00000000000010f8       0x8e Core/Src/BaseWork.o
 .debug_macro   0x0000000000001186       0x51 Core/Src/BaseWork.o
 .debug_macro   0x00000000000011d7      0x103 Core/Src/BaseWork.o
 .debug_macro   0x00000000000012da       0x6a Core/Src/BaseWork.o
 .debug_macro   0x0000000000001344      0x1df Core/Src/BaseWork.o
 .debug_macro   0x0000000000001523       0x1c Core/Src/BaseWork.o
 .debug_macro   0x000000000000153f       0x22 Core/Src/BaseWork.o
 .debug_macro   0x0000000000001561       0xdf Core/Src/BaseWork.o
 .debug_macro   0x0000000000001640     0x12cd Core/Src/BaseWork.o
 .debug_macro   0x000000000000290d      0x11f Core/Src/BaseWork.o
 .debug_macro   0x0000000000002a2c       0x19 Core/Src/BaseWork.o
 .debug_macro   0x0000000000002a45    0x18aa5 Core/Src/BaseWork.o
 .debug_macro   0x000000000001b4ea       0x43 Core/Src/BaseWork.o
 .debug_macro   0x000000000001b52d     0x36c9 Core/Src/BaseWork.o
 .debug_macro   0x000000000001ebf6      0x174 Core/Src/BaseWork.o
 .debug_macro   0x000000000001ed6a       0x63 Core/Src/BaseWork.o
 .debug_macro   0x000000000001edcd     0x1860 Core/Src/BaseWork.o
 .debug_macro   0x000000000002062d      0x6c4 Core/Src/BaseWork.o
 .debug_macro   0x0000000000020cf1      0x185 Core/Src/BaseWork.o
 .debug_macro   0x0000000000020e76      0x117 Core/Src/BaseWork.o
 .debug_macro   0x0000000000020f8d      0x1e2 Core/Src/BaseWork.o
 .debug_macro   0x000000000002116f       0x27 Core/Src/BaseWork.o
 .debug_macro   0x0000000000021196      0x24f Core/Src/BaseWork.o
 .debug_macro   0x00000000000213e5       0x41 Core/Src/BaseWork.o
 .debug_macro   0x0000000000021426       0x58 Core/Src/BaseWork.o
 .debug_macro   0x000000000002147e      0x236 Core/Src/BaseWork.o
 .debug_macro   0x00000000000216b4      0x14f Core/Src/BaseWork.o
 .debug_macro   0x0000000000021803      0x25b Core/Src/BaseWork.o
 .debug_macro   0x0000000000021a5e       0x12 Core/Src/BaseWork.o
 .debug_macro   0x0000000000021a70      0x22c Core/Src/BaseWork.o
 .debug_macro   0x0000000000021c9c       0x61 Core/Src/BaseWork.o
 .debug_macro   0x0000000000021cfd       0xa5 Core/Src/BaseWork.o
 .debug_macro   0x0000000000021da2      0x12f Core/Src/BaseWork.o
 .debug_macro   0x0000000000021ed1      0x108 Core/Src/BaseWork.o
 .debug_macro   0x0000000000021fd9       0x35 Core/Src/BaseWork.o
 .debug_macro   0x000000000002200e      0x2fe Core/Src/BaseWork.o
 .debug_macro   0x000000000002230c      0xa60 Core/Src/BaseWork.o
 .debug_macro   0x0000000000022d6c       0x59 Core/Src/BaseWork.o
 .debug_macro   0x0000000000022dc5      0x558 Core/Src/BaseWork.o
 .debug_macro   0x000000000002331d       0x44 Core/Src/BaseWork.o
 .debug_macro   0x0000000000023361      0x14e Core/Src/BaseWork.o
 .debug_macro   0x00000000000234af       0x52 Core/Src/BaseWork.o
 .debug_macro   0x0000000000023501       0x18 Core/Src/BaseWork.o
 .debug_macro   0x0000000000023519       0x3c Core/Src/BaseWork.o
 .debug_macro   0x0000000000023555       0x34 Core/Src/BaseWork.o
 .debug_macro   0x0000000000023589       0x16 Core/Src/BaseWork.o
 .debug_macro   0x000000000002359f       0x43 Core/Src/BaseWork.o
 .debug_macro   0x00000000000235e2       0x34 Core/Src/BaseWork.o
 .debug_macro   0x0000000000023616       0x10 Core/Src/BaseWork.o
 .debug_macro   0x0000000000023626       0x58 Core/Src/BaseWork.o
 .debug_macro   0x000000000002367e       0x71 Core/Src/BaseWork.o
 .debug_macro   0x00000000000236ef       0x1c Core/Src/BaseWork.o
 .debug_macro   0x000000000002370b      0x12a Core/Src/BaseWork.o
 .debug_macro   0x0000000000023835      0x333 Core/Src/BaseWork.o
 .debug_macro   0x0000000000023b68      0x1a9 Core/Src/BaseWork.o
 .debug_macro   0x0000000000023d11      0x149 Core/Src/BaseWork.o
 .debug_macro   0x0000000000023e5a      0x12d Core/Src/BaseWork.o
 .debug_macro   0x0000000000023f87       0x16 Core/Src/BaseWork.o
 .debug_macro   0x0000000000023f9d       0x16 Core/Src/BaseWork.o
 .debug_macro   0x0000000000023fb3       0x35 Core/Src/BaseWork.o
 .debug_macro   0x0000000000023fe8       0x20 Core/Src/BaseWork.o
 .debug_macro   0x0000000000024008       0xeb Core/Src/BaseWork.o
 .debug_macro   0x00000000000240f3      0x2a8 Core/Src/BaseWork.o
 .debug_macro   0x000000000002439b       0xec Core/Src/FT_float.o
 .debug_macro   0x0000000000024487       0x4c Core/Src/FT_float.o
 .debug_macro   0x00000000000244d3       0x94 Core/Src/FT_float.o
 .debug_macro   0x0000000000024567       0x57 Core/Src/FT_float.o
 .debug_macro   0x00000000000245be      0x339 Core/Src/FT_float.o
 .debug_macro   0x00000000000248f7      0x21f Core/Src/FlashSST25.o
 .debug_macro   0x0000000000024b16      0x2a2 Core/Src/FlashSST25.o
 .debug_macro   0x0000000000024db8       0x6d Core/Src/fonts.o
 .debug_macro   0x0000000000024e25      0x348 Core/Src/main.o
 .debug_macro   0x000000000002516d      0x241 Core/Src/main.o
 .debug_macro   0x00000000000253ae       0x40 Core/Src/main.o
 .debug_macro   0x00000000000253ee       0x22 Core/Src/main.o
 .debug_macro   0x0000000000025410      0x154 Core/Src/main.o
 .debug_macro   0x0000000000025564       0x1c Core/Src/main.o
 .debug_macro   0x0000000000025580       0x16 Core/Src/main.o
 .debug_macro   0x0000000000025596       0x16 Core/Src/main.o
 .debug_macro   0x00000000000255ac       0x29 Core/Src/main.o
 .debug_macro   0x00000000000255d5      0x34f Core/Src/st7735.o
 .debug_macro   0x0000000000025924      0x210 Core/Src/stm32f7xx_hal_msp.o
 .debug_macro   0x0000000000025b34      0x237 Core/Src/stm32f7xx_it.o
 .debug_macro   0x0000000000025d6b      0x1f8 Core/Src/system_stm32f7xx.o
 .debug_macro   0x0000000000025f63      0x21c Drivers/STM32F7xx_HAL_Driver/Src/stm32f7xx_hal.o
 .debug_macro   0x000000000002617f      0x1f8 Drivers/STM32F7xx_HAL_Driver/Src/stm32f7xx_hal_cortex.o
 .debug_macro   0x0000000000026377      0x22e Drivers/STM32F7xx_HAL_Driver/Src/stm32f7xx_hal_gpio.o
 .debug_macro   0x00000000000265a5      0x210 Drivers/STM32F7xx_HAL_Driver/Src/stm32f7xx_hal_pwr_ex.o
 .debug_macro   0x00000000000267b5      0x21c Drivers/STM32F7xx_HAL_Driver/Src/stm32f7xx_hal_rcc.o
 .debug_macro   0x00000000000269d1      0x1f8 Drivers/STM32F7xx_HAL_Driver/Src/stm32f7xx_hal_rcc_ex.o
 .debug_macro   0x0000000000026bc9      0x200 Drivers/STM32F7xx_HAL_Driver/Src/stm32f7xx_hal_spi.o
 .debug_macro   0x0000000000026dc9      0x1f9 Drivers/STM32F7xx_HAL_Driver/Src/stm32f7xx_hal_tim.o

.debug_line     0x0000000000000000    0x1017d
 .debug_line    0x0000000000000000      0xbc8 Core/Src/BaseWork.o
 .debug_line    0x0000000000000bc8      0x6f5 Core/Src/FT_float.o
 .debug_line    0x00000000000012bd      0xb7e Core/Src/FlashSST25.o
 .debug_line    0x0000000000001e3b      0x39e Core/Src/fonts.o
 .debug_line    0x00000000000021d9      0xc61 Core/Src/main.o
 .debug_line    0x0000000000002e3a     0x150d Core/Src/st7735.o
 .debug_line    0x0000000000004347      0x875 Core/Src/stm32f7xx_hal_msp.o
 .debug_line    0x0000000000004bbc      0x96f Core/Src/stm32f7xx_it.o
 .debug_line    0x000000000000552b      0x7b6 Core/Src/system_stm32f7xx.o
 .debug_line    0x0000000000005ce1       0x88 Core/Startup/startup_stm32f745vetx.o
 .debug_line    0x0000000000005d69      0xa47 Drivers/STM32F7xx_HAL_Driver/Src/stm32f7xx_hal.o
 .debug_line    0x00000000000067b0      0xccd Drivers/STM32F7xx_HAL_Driver/Src/stm32f7xx_hal_cortex.o
 .debug_line    0x000000000000747d      0xbc9 Drivers/STM32F7xx_HAL_Driver/Src/stm32f7xx_hal_gpio.o
 .debug_line    0x0000000000008046      0x9bc Drivers/STM32F7xx_HAL_Driver/Src/stm32f7xx_hal_pwr_ex.o
 .debug_line    0x0000000000008a02      0xe88 Drivers/STM32F7xx_HAL_Driver/Src/stm32f7xx_hal_rcc.o
 .debug_line    0x000000000000988a      0xe1c Drivers/STM32F7xx_HAL_Driver/Src/stm32f7xx_hal_rcc_ex.o
 .debug_line    0x000000000000a6a6     0x1f50 Drivers/STM32F7xx_HAL_Driver/Src/stm32f7xx_hal_spi.o
 .debug_line    0x000000000000c5f6     0x3b87 Drivers/STM32F7xx_HAL_Driver/Src/stm32f7xx_hal_tim.o

.debug_str      0x0000000000000000    0xf1add
 .debug_str     0x0000000000000000    0xec11b Core/Src/BaseWork.o
                                      0xec9e4 (size before relaxing)
 .debug_str     0x00000000000ec11b       0x8a Core/Src/FT_float.o
                                       0x6f57 (size before relaxing)
 .debug_str     0x00000000000ec1a5      0x612 Core/Src/FlashSST25.o
                                      0xe89db (size before relaxing)
 .debug_str     0x00000000000ec7b7       0x66 Core/Src/fonts.o
                                       0x3d53 (size before relaxing)
 .debug_str     0x00000000000ec81d     0x271d Core/Src/main.o
                                      0xee454 (size before relaxing)
 .debug_str     0x00000000000eef3a      0x6ac Core/Src/st7735.o
                                      0xec05c (size before relaxing)
 .debug_str     0x00000000000ef5e6       0xb3 Core/Src/stm32f7xx_hal_msp.o
                                      0xe8638 (size before relaxing)
 .debug_str     0x00000000000ef699       0xe5 Core/Src/stm32f7xx_it.o
                                      0xe8c2c (size before relaxing)
 .debug_str     0x00000000000ef77e       0x5b Core/Src/system_stm32f7xx.o
                                      0xe7184 (size before relaxing)
 .debug_str     0x00000000000ef7d9       0x36 Core/Startup/startup_stm32f745vetx.o
                                         0x6b (size before relaxing)
 .debug_str     0x00000000000ef80f      0x382 Drivers/STM32F7xx_HAL_Driver/Src/stm32f7xx_hal.o
                                      0xe7a34 (size before relaxing)
 .debug_str     0x00000000000efb91      0x366 Drivers/STM32F7xx_HAL_Driver/Src/stm32f7xx_hal_cortex.o
                                      0xe7adb (size before relaxing)
 .debug_str     0x00000000000efef7      0x244 Drivers/STM32F7xx_HAL_Driver/Src/stm32f7xx_hal_gpio.o
                                      0xe736f (size before relaxing)
 .debug_str     0x00000000000f013b      0x1d1 Drivers/STM32F7xx_HAL_Driver/Src/stm32f7xx_hal_pwr_ex.o
                                      0xe7413 (size before relaxing)
 .debug_str     0x00000000000f030c      0x278 Drivers/STM32F7xx_HAL_Driver/Src/stm32f7xx_hal_rcc.o
                                      0xe74b4 (size before relaxing)
 .debug_str     0x00000000000f0584      0x161 Drivers/STM32F7xx_HAL_Driver/Src/stm32f7xx_hal_rcc_ex.o
                                      0xe743e (size before relaxing)
 .debug_str     0x00000000000f06e5      0x58c Drivers/STM32F7xx_HAL_Driver/Src/stm32f7xx_hal_spi.o
                                      0xe7974 (size before relaxing)
 .debug_str     0x00000000000f0c71      0xe6c Drivers/STM32F7xx_HAL_Driver/Src/stm32f7xx_hal_tim.o
                                      0xe842c (size before relaxing)

.comment        0x0000000000000000       0x53
 .comment       0x0000000000000000       0x53 Core/Src/BaseWork.o
                                         0x54 (size before relaxing)
 .comment       0x0000000000000053       0x54 Core/Src/FT_float.o
 .comment       0x0000000000000053       0x54 Core/Src/FlashSST25.o
 .comment       0x0000000000000053       0x54 Core/Src/fonts.o
 .comment       0x0000000000000053       0x54 Core/Src/main.o
 .comment       0x0000000000000053       0x54 Core/Src/st7735.o
 .comment       0x0000000000000053       0x54 Core/Src/stm32f7xx_hal_msp.o
 .comment       0x0000000000000053       0x54 Core/Src/stm32f7xx_it.o
 .comment       0x0000000000000053       0x54 Core/Src/system_stm32f7xx.o
 .comment       0x0000000000000053       0x54 Drivers/STM32F7xx_HAL_Driver/Src/stm32f7xx_hal.o
 .comment       0x0000000000000053       0x54 Drivers/STM32F7xx_HAL_Driver/Src/stm32f7xx_hal_cortex.o
 .comment       0x0000000000000053       0x54 Drivers/STM32F7xx_HAL_Driver/Src/stm32f7xx_hal_gpio.o
 .comment       0x0000000000000053       0x54 Drivers/STM32F7xx_HAL_Driver/Src/stm32f7xx_hal_pwr_ex.o
 .comment       0x0000000000000053       0x54 Drivers/STM32F7xx_HAL_Driver/Src/stm32f7xx_hal_rcc.o
 .comment       0x0000000000000053       0x54 Drivers/STM32F7xx_HAL_Driver/Src/stm32f7xx_hal_rcc_ex.o
 .comment       0x0000000000000053       0x54 Drivers/STM32F7xx_HAL_Driver/Src/stm32f7xx_hal_spi.o
 .comment       0x0000000000000053       0x54 Drivers/STM32F7xx_HAL_Driver/Src/stm32f7xx_hal_tim.o

.debug_frame    0x0000000000000000     0x39d0
 .debug_frame   0x0000000000000000      0x13c Core/Src/BaseWork.o
 .debug_frame   0x000000000000013c       0xa8 Core/Src/FT_float.o
 .debug_frame   0x00000000000001e4      0x228 Core/Src/FlashSST25.o
 .debug_frame   0x000000000000040c      0x218 Core/Src/main.o
 .debug_frame   0x0000000000000624      0x50c Core/Src/st7735.o
 .debug_frame   0x0000000000000b30      0x118 Core/Src/stm32f7xx_hal_msp.o
 .debug_frame   0x0000000000000c48      0x1ac Core/Src/stm32f7xx_it.o
 .debug_frame   0x0000000000000df4       0x58 Core/Src/system_stm32f7xx.o
 .debug_frame   0x0000000000000e4c      0x3b4 Drivers/STM32F7xx_HAL_Driver/Src/stm32f7xx_hal.o
 .debug_frame   0x0000000000001200      0x498 Drivers/STM32F7xx_HAL_Driver/Src/stm32f7xx_hal_cortex.o
 .debug_frame   0x0000000000001698      0x14c Drivers/STM32F7xx_HAL_Driver/Src/stm32f7xx_hal_gpio.o
 .debug_frame   0x00000000000017e4      0x1c8 Drivers/STM32F7xx_HAL_Driver/Src/stm32f7xx_hal_pwr_ex.o
 .debug_frame   0x00000000000019ac      0x1f0 Drivers/STM32F7xx_HAL_Driver/Src/stm32f7xx_hal_rcc.o
 .debug_frame   0x0000000000001b9c      0x118 Drivers/STM32F7xx_HAL_Driver/Src/stm32f7xx_hal_rcc_ex.o
 .debug_frame   0x0000000000001cb4      0x860 Drivers/STM32F7xx_HAL_Driver/Src/stm32f7xx_hal_spi.o
 .debug_frame   0x0000000000002514     0x1218 Drivers/STM32F7xx_HAL_Driver/Src/stm32f7xx_hal_tim.o
 .debug_frame   0x000000000000372c       0x20 f:/idecube/stm32cubeide_1.6.1/stm32cubeide/plugins/com.st.stm32cube.ide.mcu.externaltools.gnu-tools-for-stm32.9-2020-q2-update.win32_1.5.0.202011040924/tools/bin/../lib/gcc/arm-none-eabi/9.3.1/../../../../arm-none-eabi/lib/thumb/v7e-m+fp/hard\libc_nano.a(lib_a-errno.o)
 .debug_frame   0x000000000000374c       0x2c f:/idecube/stm32cubeide_1.6.1/stm32cubeide/plugins/com.st.stm32cube.ide.mcu.externaltools.gnu-tools-for-stm32.9-2020-q2-update.win32_1.5.0.202011040924/tools/bin/../lib/gcc/arm-none-eabi/9.3.1/../../../../arm-none-eabi/lib/thumb/v7e-m+fp/hard\libc_nano.a(lib_a-init.o)
 .debug_frame   0x0000000000003778       0x38 f:/idecube/stm32cubeide_1.6.1/stm32cubeide/plugins/com.st.stm32cube.ide.mcu.externaltools.gnu-tools-for-stm32.9-2020-q2-update.win32_1.5.0.202011040924/tools/bin/../lib/gcc/arm-none-eabi/9.3.1/../../../../arm-none-eabi/lib/thumb/v7e-m+fp/hard\libc_nano.a(lib_a-itoa.o)
 .debug_frame   0x00000000000037b0       0x20 f:/idecube/stm32cubeide_1.6.1/stm32cubeide/plugins/com.st.stm32cube.ide.mcu.externaltools.gnu-tools-for-stm32.9-2020-q2-update.win32_1.5.0.202011040924/tools/bin/../lib/gcc/arm-none-eabi/9.3.1/../../../../arm-none-eabi/lib/thumb/v7e-m+fp/hard\libc_nano.a(lib_a-memset.o)
 .debug_frame   0x00000000000037d0       0x48 f:/idecube/stm32cubeide_1.6.1/stm32cubeide/plugins/com.st.stm32cube.ide.mcu.externaltools.gnu-tools-for-stm32.9-2020-q2-update.win32_1.5.0.202011040924/tools/bin/../lib/gcc/arm-none-eabi/9.3.1/../../../../arm-none-eabi/lib/thumb/v7e-m+fp/hard\libc_nano.a(lib_a-utoa.o)
 .debug_frame   0x0000000000003818       0x38 f:/idecube/stm32cubeide_1.6.1/stm32cubeide/plugins/com.st.stm32cube.ide.mcu.externaltools.gnu-tools-for-stm32.9-2020-q2-update.win32_1.5.0.202011040924/tools/bin/../lib/gcc/arm-none-eabi/9.3.1/../../../../arm-none-eabi/lib/thumb/v7e-m+fp/hard\libm.a(lib_a-wf_sqrt.o)
 .debug_frame   0x0000000000003850       0x20 f:/idecube/stm32cubeide_1.6.1/stm32cubeide/plugins/com.st.stm32cube.ide.mcu.externaltools.gnu-tools-for-stm32.9-2020-q2-update.win32_1.5.0.202011040924/tools/bin/../lib/gcc/arm-none-eabi/9.3.1/../../../../arm-none-eabi/lib/thumb/v7e-m+fp/hard\libm.a(lib_a-ef_sqrt.o)
 .debug_frame   0x0000000000003870       0x30 f:/idecube/stm32cubeide_1.6.1/stm32cubeide/plugins/com.st.stm32cube.ide.mcu.externaltools.gnu-tools-for-stm32.9-2020-q2-update.win32_1.5.0.202011040924/tools/bin/../lib/gcc/arm-none-eabi/9.3.1/thumb/v7e-m+fp/hard\libgcc.a(_arm_muldf3.o)
 .debug_frame   0x00000000000038a0       0xac f:/idecube/stm32cubeide_1.6.1/stm32cubeide/plugins/com.st.stm32cube.ide.mcu.externaltools.gnu-tools-for-stm32.9-2020-q2-update.win32_1.5.0.202011040924/tools/bin/../lib/gcc/arm-none-eabi/9.3.1/thumb/v7e-m+fp/hard\libgcc.a(_arm_addsubdf3.o)
 .debug_frame   0x000000000000394c       0x24 f:/idecube/stm32cubeide_1.6.1/stm32cubeide/plugins/com.st.stm32cube.ide.mcu.externaltools.gnu-tools-for-stm32.9-2020-q2-update.win32_1.5.0.202011040924/tools/bin/../lib/gcc/arm-none-eabi/9.3.1/thumb/v7e-m+fp/hard\libgcc.a(_arm_fixunsdfsi.o)
 .debug_frame   0x0000000000003970       0x2c f:/idecube/stm32cubeide_1.6.1/stm32cubeide/plugins/com.st.stm32cube.ide.mcu.externaltools.gnu-tools-for-stm32.9-2020-q2-update.win32_1.5.0.202011040924/tools/bin/../lib/gcc/arm-none-eabi/9.3.1/thumb/v7e-m+fp/hard\libgcc.a(_aeabi_uldivmod.o)
 .debug_frame   0x000000000000399c       0x34 f:/idecube/stm32cubeide_1.6.1/stm32cubeide/plugins/com.st.stm32cube.ide.mcu.externaltools.gnu-tools-for-stm32.9-2020-q2-update.win32_1.5.0.202011040924/tools/bin/../lib/gcc/arm-none-eabi/9.3.1/thumb/v7e-m+fp/hard\libgcc.a(_udivmoddi4.o)
