core_cm7.h:1865:22:__NVIC_SetPriorityGrouping	24	static
stm32f7xx_ll_bus.h:1091:22:LL_APB1_GRP1_EnableClock	24	static
stm32f7xx_ll_bus.h:1607:22:LL_APB2_GRP1_EnableClock	24	static
main.c:29:6:demoView	48	static
main.c:53:6:demoTFT	24	static
main.c:110:6:checkPilot	80	static
main.c:141:6:demofloat	88	static
main.c:171:6:demo	72	static
main.c:187:5:main	8	static
main.c:247:6:SystemClock_Config	216	static
main.c:305:13:MX_SPI1_Init	8	static
main.c:345:13:MX_SPI2_Init	8	static
main.c:385:13:MX_TIM3_Init	88	static
main.c:419:13:MX_TIM4_Init	88	static
main.c:453:13:MX_USART2_UART_Init	8	static
main.c:488:13:MX_GPIO_Init	56	static
main.c:548:6:Error_Handler	4	static,ignoring_inline_asm
