st7735.c:121:13:ST7735_GPIO_Init	32	static
st7735.c:139:13:ST7735_Reset	8	static
st7735.c:146:13:ST7735_WriteCommand	16	static
st7735.c:157:13:ST7735_WriteData	16	static
st7735.c:168:13:ST7735_ExecuteCommandList	24	static
st7735.c:198:13:ST7735_SetAddressWindow	32	static
st7735.c:215:13:ST7735_WriteChar	48	static
st7735.c:240:6:ST7735_Init	8	static
st7735.c:251:6:ST7735_DrawPixel	24	static
st7735.c:265:6:ST7735_DrawString	32	static
st7735.c:295:6:ST7735_FillRectangle	32	static
st7735.c:322:6:ST7735_FillScreen	24	static
st7735.c:327:6:ST7735_DrawImage	40	static
st7735.c:354:6:ST7735_InvertColors	16	static
st7735.c:361:6:ST7735_Backlight_On	8	static
st7735.c:366:6:ST7735_Backlight_Off	8	static
st7735.c:375:6:ST7735_DrawCircle	32	static
st7735.c:415:6:ST7735_DrawCircleHelper	32	static
st7735.c:461:6:ST7735_FillCircle	32	static
st7735.c:472:6:ST7735_FillCircleHelper	32	static
st7735.c:509:6:ST7735_DrawEllipse	48	static
st7735.c:553:6:ST7735_FillEllipse	48	static
st7735.c:597:6:ST7735_DrawRect	24	static
st7735.c:610:6:ST7735_DrawRoundRect	32	static
st7735.c:629:6:ST7735_FillRoundRect	32	static
st7735.c:644:6:ST7735_DrawTriangle	32	static
st7735.c:656:6:ST7735_FillTriangle	64	static
st7735.c:739:6:ST7735_DrawLine	48	static
st7735.c:793:6:ST7735_DrawFastVLine	32	static
st7735.c:806:6:ST7735_DrawFastHLine	32	static
st7735.c:819:6:ST7735_SetRotation	24	static
st7735.c:873:9:ST7735_GetRotation	4	static
st7735.c:878:9:ST7735_GetHeight	4	static
st7735.c:883:9:ST7735_GetWidth	4	static
