stm32f7xx_it.c:72:6:NMI_Handler	4	static
stm32f7xx_it.c:84:6:TIM3_Init	88	static
stm32f7xx_it.c:115:6:TIM4_Init	88	static
stm32f7xx_it.c:148:6:readADC	24	static
stm32f7xx_it.c:187:6:TIM3_IRQHandler	8	static
stm32f7xx_it.c:201:6:TIM4_IRQHandler	4	static
stm32f7xx_it.c:208:6:HardFault_Handler	4	static
stm32f7xx_it.c:223:6:MemManage_Handler	4	static
stm32f7xx_it.c:238:6:BusFault_Handler	4	static
stm32f7xx_it.c:253:6:UsageFault_Handler	4	static
stm32f7xx_it.c:268:6:SVC_Handler	4	static
stm32f7xx_it.c:281:6:DebugMon_Handler	4	static
stm32f7xx_it.c:294:6:PendSV_Handler	4	static
stm32f7xx_it.c:307:6:SysTick_Handler	8	static
