stm32f7xx_it.c:72:6:NMI_Handler	4	static
stm32f7xx_it.c:84:6:TIM3_Init	88	static
stm32f7xx_it.c:115:6:TIM4_Init	88	static
stm32f7xx_it.c:149:6:readADC	24	static
stm32f7xx_it.c:188:6:TIM3_IRQHandler	8	static
stm32f7xx_it.c:206:6:TIM4_IRQHandler	4	static
stm32f7xx_it.c:213:6:HardFault_Handler	4	static
stm32f7xx_it.c:228:6:MemManage_Handler	4	static
stm32f7xx_it.c:243:6:BusFault_Handler	4	static
stm32f7xx_it.c:258:6:UsageFault_Handler	4	static
stm32f7xx_it.c:273:6:SVC_Handler	4	static
stm32f7xx_it.c:286:6:DebugMon_Handler	4	static
stm32f7xx_it.c:299:6:PendSV_Handler	4	static
stm32f7xx_it.c:312:6:SysTick_Handler	8	static
